Component: Arm Compiler for Embedded 6.19 Tool: armlink [5e73cb00]

==============================================================================

Section Cross References

    startup_stm32f429xx.o(RESET) refers to startup_stm32f429xx.o(STACK) for __initial_sp
    startup_stm32f429xx.o(RESET) refers to startup_stm32f429xx.o(.text) for Reset_Handler
    startup_stm32f429xx.o(RESET) refers to lto-llvm-2cf59e.o(.text.NMI_Handler) for NMI_Handler
    startup_stm32f429xx.o(RESET) refers to lto-llvm-2cf59e.o(.text.HardFault_Handler) for HardFault_Handler
    startup_stm32f429xx.o(RESET) refers to lto-llvm-2cf59e.o(.text.MemManage_Handler) for MemManage_Handler
    startup_stm32f429xx.o(RESET) refers to lto-llvm-2cf59e.o(.text.BusFault_Handler) for BusFault_Handler
    startup_stm32f429xx.o(RESET) refers to lto-llvm-2cf59e.o(.text.UsageFault_Handler) for UsageFault_Handler
    startup_stm32f429xx.o(RESET) refers to lto-llvm-2cf59e.o(.text.SVC_Handler) for SVC_Handler
    startup_stm32f429xx.o(RESET) refers to lto-llvm-2cf59e.o(.text.DebugMon_Handler) for DebugMon_Handler
    startup_stm32f429xx.o(RESET) refers to lto-llvm-2cf59e.o(.text.PendSV_Handler) for PendSV_Handler
    startup_stm32f429xx.o(RESET) refers to lto-llvm-2cf59e.o(.text.SysTick_Handler) for SysTick_Handler
    startup_stm32f429xx.o(RESET) refers to lto-llvm-2cf59e.o(.text.EXTI3_IRQHandler) for EXTI3_IRQHandler
    startup_stm32f429xx.o(RESET) refers to lto-llvm-2cf59e.o(.text.EXTI4_IRQHandler) for EXTI4_IRQHandler
    startup_stm32f429xx.o(RESET) refers to lto-llvm-2cf59e.o(.text.DMA2_Stream1_IRQHandler) for DMA2_Stream1_IRQHandler
    startup_stm32f429xx.o(RESET) refers to lto-llvm-2cf59e.o(.text.DMA2_Stream6_IRQHandler) for DMA2_Stream6_IRQHandler
    startup_stm32f429xx.o(RESET) refers to lto-llvm-2cf59e.o(.text.USART6_IRQHandler) for USART6_IRQHandler
    startup_stm32f429xx.o(.text) refers to lto-llvm-2cf59e.o(.text.SystemInit) for SystemInit
    startup_stm32f429xx.o(.text) refers to entry.o(.ARM.Collect$$$$00000000) for __main
    entry.o(.ARM.Collect$$$$00000000) refers (Special) to entry10a.o(.ARM.Collect$$$$0000000D) for __rt_final_cpp
    entry.o(.ARM.Collect$$$$00000000) refers (Special) to entry11a.o(.ARM.Collect$$$$0000000F) for __rt_final_exit
    entry.o(.ARM.Collect$$$$00000000) refers (Special) to entry7b.o(.ARM.Collect$$$$00000008) for _main_clock
    entry.o(.ARM.Collect$$$$00000000) refers (Special) to entry8b.o(.ARM.Collect$$$$0000000A) for _main_cpp_init
    entry.o(.ARM.Collect$$$$00000000) refers (Special) to entry9a.o(.ARM.Collect$$$$0000000B) for _main_init
    entry.o(.ARM.Collect$$$$00000000) refers (Special) to entry5.o(.ARM.Collect$$$$00000004) for _main_scatterload
    entry.o(.ARM.Collect$$$$00000000) refers (Special) to entry2.o(.ARM.Collect$$$$00000001) for _main_stk
    entry2.o(.ARM.Collect$$$$00000001) refers to entry2.o(.ARM.Collect$$$$00002712) for __lit__00000000
    entry2.o(.ARM.Collect$$$$00002712) refers to startup_stm32f429xx.o(STACK) for __initial_sp
    entry2.o(__vectab_stack_and_reset_area) refers to startup_stm32f429xx.o(STACK) for __initial_sp
    entry2.o(__vectab_stack_and_reset_area) refers to entry.o(.ARM.Collect$$$$00000000) for __main
    entry5.o(.ARM.Collect$$$$00000004) refers to init.o(.text) for __scatterload
    entry9a.o(.ARM.Collect$$$$0000000B) refers to lto-llvm-2cf59e.o(.text.main) for main
    entry9b.o(.ARM.Collect$$$$0000000C) refers to lto-llvm-2cf59e.o(.text.main) for main
    init.o(.text) refers to entry5.o(.ARM.Collect$$$$00000004) for __main_after_scatterload
    lto-llvm-2cf59e.o(.text.taskSYN6288) refers to lto-llvm-2cf59e.o(.bss.huart6) for huart6
    lto-llvm-2cf59e.o(.text.taskSYN6288) refers to lto-llvm-2cf59e.o(.text.vTaskDelay) for vTaskDelay
    lto-llvm-2cf59e.o(.text.taskSYN6288) refers to lto-llvm-2cf59e.o(.text.UART_DMATransmitCplt) for UART_DMATransmitCplt
    lto-llvm-2cf59e.o(.text.taskSYN6288) refers to lto-llvm-2cf59e.o(.text.UART_DMATxHalfCplt) for UART_DMATxHalfCplt
    lto-llvm-2cf59e.o(.text.taskSYN6288) refers to lto-llvm-2cf59e.o(.text.UART_DMAError) for UART_DMAError
    lto-llvm-2cf59e.o(.ARM.exidx.text.taskSYN6288) refers to lto-llvm-2cf59e.o(.text.taskSYN6288) for [Anonymous Symbol]
    lto-llvm-2cf59e.o(.text.main) refers to lto-llvm-2cf59e.o(.data.SystemCoreClock) for SystemCoreClock
    lto-llvm-2cf59e.o(.text.main) refers to lto-llvm-2cf59e.o(.bss.uwTickPrio) for uwTickPrio
    lto-llvm-2cf59e.o(.text.main) refers to lto-llvm-2cf59e.o(.bss.uwTick) for uwTick
    lto-llvm-2cf59e.o(.text.main) refers to uldiv.o(.text) for __aeabi_uldivmod
    lto-llvm-2cf59e.o(.text.main) refers to lto-llvm-2cf59e.o(.text.HAL_GPIO_Init) for HAL_GPIO_Init
    lto-llvm-2cf59e.o(.text.main) refers to lto-llvm-2cf59e.o(.bss.huart3) for huart3
    lto-llvm-2cf59e.o(.text.main) refers to lto-llvm-2cf59e.o(.text.HAL_UART_Init) for HAL_UART_Init
    lto-llvm-2cf59e.o(.text.main) refers to lto-llvm-2cf59e.o(.bss.huart6) for huart6
    lto-llvm-2cf59e.o(.text.main) refers to lto-llvm-2cf59e.o(.text.pvPortMalloc) for pvPortMalloc
    lto-llvm-2cf59e.o(.text.main) refers to lto-llvm-2cf59e.o(.bss.handleSYN6288) for handleSYN6288
    lto-llvm-2cf59e.o(.text.main) refers to lto-llvm-2cf59e.o(.text.taskSYN6288) for taskSYN6288
    lto-llvm-2cf59e.o(.text.main) refers to lto-llvm-2cf59e.o(.text.prvInitialiseNewTask) for prvInitialiseNewTask
    lto-llvm-2cf59e.o(.text.main) refers to lto-llvm-2cf59e.o(.text.prvAddNewTaskToReadyList) for prvAddNewTaskToReadyList
    lto-llvm-2cf59e.o(.text.main) refers to lto-llvm-2cf59e.o(.text.vPortFree) for vPortFree
    lto-llvm-2cf59e.o(.text.main) refers to lto-llvm-2cf59e.o(.text.vTaskStartScheduler) for vTaskStartScheduler
    lto-llvm-2cf59e.o(.text.main) refers to lto-llvm-2cf59e.o(.bss.KernelState) for KernelState
    lto-llvm-2cf59e.o(.text.main) refers to lto-llvm-2cf59e.o(.bss.defaultTaskHandle) for defaultTaskHandle
    lto-llvm-2cf59e.o(.text.main) refers to lto-llvm-2cf59e.o(.text.StartDefaultTask) for StartDefaultTask
    lto-llvm-2cf59e.o(.ARM.exidx.text.main) refers to lto-llvm-2cf59e.o(.text.main) for [Anonymous Symbol]
    lto-llvm-2cf59e.o(.text.StartDefaultTask) refers to lto-llvm-2cf59e.o(.text.vTaskDelay) for vTaskDelay
    lto-llvm-2cf59e.o(.ARM.exidx.text.StartDefaultTask) refers to lto-llvm-2cf59e.o(.text.StartDefaultTask) for [Anonymous Symbol]
    lto-llvm-2cf59e.o(.ARM.exidx.text.NMI_Handler) refers to lto-llvm-2cf59e.o(.text.NMI_Handler) for [Anonymous Symbol]
    lto-llvm-2cf59e.o(.ARM.exidx.text.HardFault_Handler) refers to lto-llvm-2cf59e.o(.text.HardFault_Handler) for [Anonymous Symbol]
    lto-llvm-2cf59e.o(.ARM.exidx.text.MemManage_Handler) refers to lto-llvm-2cf59e.o(.text.MemManage_Handler) for [Anonymous Symbol]
    lto-llvm-2cf59e.o(.ARM.exidx.text.BusFault_Handler) refers to lto-llvm-2cf59e.o(.text.BusFault_Handler) for [Anonymous Symbol]
    lto-llvm-2cf59e.o(.ARM.exidx.text.UsageFault_Handler) refers to lto-llvm-2cf59e.o(.text.UsageFault_Handler) for [Anonymous Symbol]
    lto-llvm-2cf59e.o(.ARM.exidx.text.DebugMon_Handler) refers to lto-llvm-2cf59e.o(.text.DebugMon_Handler) for [Anonymous Symbol]
    lto-llvm-2cf59e.o(.text.SysTick_Handler) refers to lto-llvm-2cf59e.o(.bss.uwTick) for uwTick
    lto-llvm-2cf59e.o(.text.SysTick_Handler) refers to lto-llvm-2cf59e.o(.bss.xSchedulerRunning) for xSchedulerRunning
    lto-llvm-2cf59e.o(.text.SysTick_Handler) refers to lto-llvm-2cf59e.o(.bss.uxSchedulerSuspended) for uxSchedulerSuspended
    lto-llvm-2cf59e.o(.text.SysTick_Handler) refers to lto-llvm-2cf59e.o(.text.xTaskIncrementTick) for xTaskIncrementTick
    lto-llvm-2cf59e.o(.ARM.exidx.text.SysTick_Handler) refers to lto-llvm-2cf59e.o(.text.SysTick_Handler) for [Anonymous Symbol]
    lto-llvm-2cf59e.o(.ARM.exidx.text.EXTI3_IRQHandler) refers to lto-llvm-2cf59e.o(.text.EXTI3_IRQHandler) for [Anonymous Symbol]
    lto-llvm-2cf59e.o(.ARM.exidx.text.EXTI4_IRQHandler) refers to lto-llvm-2cf59e.o(.text.EXTI4_IRQHandler) for [Anonymous Symbol]
    lto-llvm-2cf59e.o(.text.DMA2_Stream1_IRQHandler) refers to lto-llvm-2cf59e.o(.bss.hdma_usart6_rx) for hdma_usart6_rx
    lto-llvm-2cf59e.o(.text.DMA2_Stream1_IRQHandler) refers to lto-llvm-2cf59e.o(.text.HAL_DMA_IRQHandler) for HAL_DMA_IRQHandler
    lto-llvm-2cf59e.o(.ARM.exidx.text.DMA2_Stream1_IRQHandler) refers to lto-llvm-2cf59e.o(.text.DMA2_Stream1_IRQHandler) for [Anonymous Symbol]
    lto-llvm-2cf59e.o(.text.DMA2_Stream6_IRQHandler) refers to lto-llvm-2cf59e.o(.bss.hdma_usart6_tx) for hdma_usart6_tx
    lto-llvm-2cf59e.o(.text.DMA2_Stream6_IRQHandler) refers to lto-llvm-2cf59e.o(.text.HAL_DMA_IRQHandler) for HAL_DMA_IRQHandler
    lto-llvm-2cf59e.o(.ARM.exidx.text.DMA2_Stream6_IRQHandler) refers to lto-llvm-2cf59e.o(.text.DMA2_Stream6_IRQHandler) for [Anonymous Symbol]
    lto-llvm-2cf59e.o(.text.USART6_IRQHandler) refers to lto-llvm-2cf59e.o(.bss.huart6) for huart6
    lto-llvm-2cf59e.o(.text.USART6_IRQHandler) refers to lto-llvm-2cf59e.o(.text.UART_Receive_IT) for UART_Receive_IT
    lto-llvm-2cf59e.o(.text.USART6_IRQHandler) refers to lto-llvm-2cf59e.o(.bss.uwTick) for uwTick
    lto-llvm-2cf59e.o(.text.USART6_IRQHandler) refers to lto-llvm-2cf59e.o(.text.UART_DMAAbortOnError) for UART_DMAAbortOnError
    lto-llvm-2cf59e.o(.ARM.exidx.text.USART6_IRQHandler) refers to lto-llvm-2cf59e.o(.text.USART6_IRQHandler) for [Anonymous Symbol]
    lto-llvm-2cf59e.o(.ARM.exidx.text.HAL_GPIO_Init) refers to lto-llvm-2cf59e.o(.text.HAL_GPIO_Init) for [Anonymous Symbol]
    lto-llvm-2cf59e.o(.text.HAL_DMA_Init) refers to lto-llvm-2cf59e.o(.bss.uwTick) for uwTick
    lto-llvm-2cf59e.o(.ARM.exidx.text.HAL_DMA_Init) refers to lto-llvm-2cf59e.o(.text.HAL_DMA_Init) for [Anonymous Symbol]
    lto-llvm-2cf59e.o(.text.HAL_DMA_IRQHandler) refers to lto-llvm-2cf59e.o(.data.SystemCoreClock) for SystemCoreClock
    lto-llvm-2cf59e.o(.ARM.exidx.text.HAL_DMA_IRQHandler) refers to lto-llvm-2cf59e.o(.text.HAL_DMA_IRQHandler) for [Anonymous Symbol]
    lto-llvm-2cf59e.o(.text.HAL_UART_Init) refers to lto-llvm-2cf59e.o(.data.SystemCoreClock) for SystemCoreClock
    lto-llvm-2cf59e.o(.text.HAL_UART_Init) refers to uldiv.o(.text) for __aeabi_uldivmod
    lto-llvm-2cf59e.o(.text.HAL_UART_Init) refers to lto-llvm-2cf59e.o(.text.HAL_GPIO_Init) for HAL_GPIO_Init
    lto-llvm-2cf59e.o(.text.HAL_UART_Init) refers to lto-llvm-2cf59e.o(.bss.hdma_usart6_rx) for hdma_usart6_rx
    lto-llvm-2cf59e.o(.text.HAL_UART_Init) refers to lto-llvm-2cf59e.o(.text.HAL_DMA_Init) for HAL_DMA_Init
    lto-llvm-2cf59e.o(.text.HAL_UART_Init) refers to lto-llvm-2cf59e.o(.bss.hdma_usart6_tx) for hdma_usart6_tx
    lto-llvm-2cf59e.o(.ARM.exidx.text.HAL_UART_Init) refers to lto-llvm-2cf59e.o(.text.HAL_UART_Init) for [Anonymous Symbol]
    lto-llvm-2cf59e.o(.ARM.exidx.text.UART_DMATransmitCplt) refers to lto-llvm-2cf59e.o(.text.UART_DMATransmitCplt) for [Anonymous Symbol]
    lto-llvm-2cf59e.o(.ARM.exidx.text.UART_DMATxHalfCplt) refers to lto-llvm-2cf59e.o(.text.UART_DMATxHalfCplt) for [Anonymous Symbol]
    lto-llvm-2cf59e.o(.ARM.exidx.text.UART_DMAError) refers to lto-llvm-2cf59e.o(.text.UART_DMAError) for [Anonymous Symbol]
    lto-llvm-2cf59e.o(.text.UART_Receive_IT) refers to lto-llvm-2cf59e.o(.bss.huart6) for huart6
    lto-llvm-2cf59e.o(.ARM.exidx.text.UART_Receive_IT) refers to lto-llvm-2cf59e.o(.text.UART_Receive_IT) for [Anonymous Symbol]
    lto-llvm-2cf59e.o(.ARM.exidx.text.UART_DMAAbortOnError) refers to lto-llvm-2cf59e.o(.text.UART_DMAAbortOnError) for [Anonymous Symbol]
    lto-llvm-2cf59e.o(.ARM.exidx.text.SystemInit) refers to lto-llvm-2cf59e.o(.text.SystemInit) for [Anonymous Symbol]
    lto-llvm-2cf59e.o(.text.xQueueGenericSend) refers to lto-llvm-2cf59e.o(.bss.xSchedulerRunning) for xSchedulerRunning
    lto-llvm-2cf59e.o(.text.xQueueGenericSend) refers to lto-llvm-2cf59e.o(.bss.uxSchedulerSuspended) for uxSchedulerSuspended
    lto-llvm-2cf59e.o(.text.xQueueGenericSend) refers to lto-llvm-2cf59e.o(.data.uxCriticalNesting) for uxCriticalNesting
    lto-llvm-2cf59e.o(.text.xQueueGenericSend) refers to memcpya.o(.text) for __aeabi_memcpy
    lto-llvm-2cf59e.o(.text.xQueueGenericSend) refers to lto-llvm-2cf59e.o(.text.xTaskRemoveFromEventList) for xTaskRemoveFromEventList
    lto-llvm-2cf59e.o(.text.xQueueGenericSend) refers to lto-llvm-2cf59e.o(.bss.pxCurrentTCB) for pxCurrentTCB
    lto-llvm-2cf59e.o(.text.xQueueGenericSend) refers to lto-llvm-2cf59e.o(.bss.pxReadyTasksLists) for pxReadyTasksLists
    lto-llvm-2cf59e.o(.text.xQueueGenericSend) refers to lto-llvm-2cf59e.o(.bss.uxTopReadyPriority) for uxTopReadyPriority
    lto-llvm-2cf59e.o(.ARM.exidx.text.xQueueGenericSend) refers to lto-llvm-2cf59e.o(.text.xQueueGenericSend) for [Anonymous Symbol]
    lto-llvm-2cf59e.o(.text.prvUnlockQueue) refers to lto-llvm-2cf59e.o(.data.uxCriticalNesting) for uxCriticalNesting
    lto-llvm-2cf59e.o(.text.prvUnlockQueue) refers to lto-llvm-2cf59e.o(.bss.xYieldPending) for xYieldPending
    lto-llvm-2cf59e.o(.text.prvUnlockQueue) refers to lto-llvm-2cf59e.o(.text.xTaskRemoveFromEventList) for xTaskRemoveFromEventList
    lto-llvm-2cf59e.o(.ARM.exidx.text.prvUnlockQueue) refers to lto-llvm-2cf59e.o(.text.prvUnlockQueue) for [Anonymous Symbol]
    lto-llvm-2cf59e.o(.text.vTaskSwitchContext) refers to lto-llvm-2cf59e.o(.bss.uxSchedulerSuspended) for uxSchedulerSuspended
    lto-llvm-2cf59e.o(.text.vTaskSwitchContext) refers to lto-llvm-2cf59e.o(.bss.xYieldPending) for xYieldPending
    lto-llvm-2cf59e.o(.text.vTaskSwitchContext) refers to lto-llvm-2cf59e.o(.bss.uxTopReadyPriority) for uxTopReadyPriority
    lto-llvm-2cf59e.o(.text.vTaskSwitchContext) refers to lto-llvm-2cf59e.o(.bss.pxReadyTasksLists) for pxReadyTasksLists
    lto-llvm-2cf59e.o(.text.vTaskSwitchContext) refers to lto-llvm-2cf59e.o(.bss.pxCurrentTCB) for pxCurrentTCB
    lto-llvm-2cf59e.o(.ARM.exidx.text.vTaskSwitchContext) refers to lto-llvm-2cf59e.o(.text.vTaskSwitchContext) for [Anonymous Symbol]
    lto-llvm-2cf59e.o(.text.prvInitialiseNewTask) refers to memseta.o(.text) for __aeabi_memset4
    lto-llvm-2cf59e.o(.text.prvInitialiseNewTask) refers to lto-llvm-2cf59e.o(.text.prvTaskExitError) for prvTaskExitError
    lto-llvm-2cf59e.o(.ARM.exidx.text.prvInitialiseNewTask) refers to lto-llvm-2cf59e.o(.text.prvInitialiseNewTask) for [Anonymous Symbol]
    lto-llvm-2cf59e.o(.text.prvAddNewTaskToReadyList) refers to lto-llvm-2cf59e.o(.data.uxCriticalNesting) for uxCriticalNesting
    lto-llvm-2cf59e.o(.text.prvAddNewTaskToReadyList) refers to lto-llvm-2cf59e.o(.bss.uxCurrentNumberOfTasks) for uxCurrentNumberOfTasks
    lto-llvm-2cf59e.o(.text.prvAddNewTaskToReadyList) refers to lto-llvm-2cf59e.o(.bss.pxCurrentTCB) for pxCurrentTCB
    lto-llvm-2cf59e.o(.text.prvAddNewTaskToReadyList) refers to lto-llvm-2cf59e.o(.bss.xSchedulerRunning) for xSchedulerRunning
    lto-llvm-2cf59e.o(.text.prvAddNewTaskToReadyList) refers to lto-llvm-2cf59e.o(.bss.pxReadyTasksLists) for pxReadyTasksLists
    lto-llvm-2cf59e.o(.text.prvAddNewTaskToReadyList) refers to lto-llvm-2cf59e.o(.bss.xDelayedTaskList1) for xDelayedTaskList1
    lto-llvm-2cf59e.o(.text.prvAddNewTaskToReadyList) refers to lto-llvm-2cf59e.o(.bss.xDelayedTaskList2) for xDelayedTaskList2
    lto-llvm-2cf59e.o(.text.prvAddNewTaskToReadyList) refers to lto-llvm-2cf59e.o(.bss.xPendingReadyList) for xPendingReadyList
    lto-llvm-2cf59e.o(.text.prvAddNewTaskToReadyList) refers to lto-llvm-2cf59e.o(.bss.xTasksWaitingTermination) for xTasksWaitingTermination
    lto-llvm-2cf59e.o(.text.prvAddNewTaskToReadyList) refers to lto-llvm-2cf59e.o(.bss.xSuspendedTaskList) for xSuspendedTaskList
    lto-llvm-2cf59e.o(.text.prvAddNewTaskToReadyList) refers to lto-llvm-2cf59e.o(.bss.pxDelayedTaskList) for pxDelayedTaskList
    lto-llvm-2cf59e.o(.text.prvAddNewTaskToReadyList) refers to lto-llvm-2cf59e.o(.bss.pxOverflowDelayedTaskList) for pxOverflowDelayedTaskList
    lto-llvm-2cf59e.o(.text.prvAddNewTaskToReadyList) refers to lto-llvm-2cf59e.o(.bss.uxTaskNumber) for uxTaskNumber
    lto-llvm-2cf59e.o(.text.prvAddNewTaskToReadyList) refers to lto-llvm-2cf59e.o(.bss.uxTopReadyPriority) for uxTopReadyPriority
    lto-llvm-2cf59e.o(.ARM.exidx.text.prvAddNewTaskToReadyList) refers to lto-llvm-2cf59e.o(.text.prvAddNewTaskToReadyList) for [Anonymous Symbol]
    lto-llvm-2cf59e.o(.text.xTaskResumeAll) refers to lto-llvm-2cf59e.o(.bss.uxSchedulerSuspended) for uxSchedulerSuspended
    lto-llvm-2cf59e.o(.text.xTaskResumeAll) refers to lto-llvm-2cf59e.o(.data.uxCriticalNesting) for uxCriticalNesting
    lto-llvm-2cf59e.o(.text.xTaskResumeAll) refers to lto-llvm-2cf59e.o(.bss.uxCurrentNumberOfTasks) for uxCurrentNumberOfTasks
    lto-llvm-2cf59e.o(.text.xTaskResumeAll) refers to lto-llvm-2cf59e.o(.bss.xPendingReadyList) for xPendingReadyList
    lto-llvm-2cf59e.o(.text.xTaskResumeAll) refers to lto-llvm-2cf59e.o(.bss.xYieldPending) for xYieldPending
    lto-llvm-2cf59e.o(.text.xTaskResumeAll) refers to lto-llvm-2cf59e.o(.bss.uxTopReadyPriority) for uxTopReadyPriority
    lto-llvm-2cf59e.o(.text.xTaskResumeAll) refers to lto-llvm-2cf59e.o(.bss.pxReadyTasksLists) for pxReadyTasksLists
    lto-llvm-2cf59e.o(.text.xTaskResumeAll) refers to lto-llvm-2cf59e.o(.bss.pxCurrentTCB) for pxCurrentTCB
    lto-llvm-2cf59e.o(.text.xTaskResumeAll) refers to lto-llvm-2cf59e.o(.bss.pxDelayedTaskList) for pxDelayedTaskList
    lto-llvm-2cf59e.o(.text.xTaskResumeAll) refers to lto-llvm-2cf59e.o(.bss.xNextTaskUnblockTime) for xNextTaskUnblockTime
    lto-llvm-2cf59e.o(.text.xTaskResumeAll) refers to lto-llvm-2cf59e.o(.bss.xPendedTicks) for xPendedTicks
    lto-llvm-2cf59e.o(.text.xTaskResumeAll) refers to lto-llvm-2cf59e.o(.text.xTaskIncrementTick) for xTaskIncrementTick
    lto-llvm-2cf59e.o(.ARM.exidx.text.xTaskResumeAll) refers to lto-llvm-2cf59e.o(.text.xTaskResumeAll) for [Anonymous Symbol]
    lto-llvm-2cf59e.o(.text.xTaskIncrementTick) refers to lto-llvm-2cf59e.o(.bss.uxSchedulerSuspended) for uxSchedulerSuspended
    lto-llvm-2cf59e.o(.text.xTaskIncrementTick) refers to lto-llvm-2cf59e.o(.bss.xPendedTicks) for xPendedTicks
    lto-llvm-2cf59e.o(.text.xTaskIncrementTick) refers to lto-llvm-2cf59e.o(.bss.xTickCount) for xTickCount
    lto-llvm-2cf59e.o(.text.xTaskIncrementTick) refers to lto-llvm-2cf59e.o(.bss.pxDelayedTaskList) for pxDelayedTaskList
    lto-llvm-2cf59e.o(.text.xTaskIncrementTick) refers to lto-llvm-2cf59e.o(.bss.pxOverflowDelayedTaskList) for pxOverflowDelayedTaskList
    lto-llvm-2cf59e.o(.text.xTaskIncrementTick) refers to lto-llvm-2cf59e.o(.bss.xNumOfOverflows) for xNumOfOverflows
    lto-llvm-2cf59e.o(.text.xTaskIncrementTick) refers to lto-llvm-2cf59e.o(.bss.xNextTaskUnblockTime) for xNextTaskUnblockTime
    lto-llvm-2cf59e.o(.text.xTaskIncrementTick) refers to lto-llvm-2cf59e.o(.bss.pxCurrentTCB) for pxCurrentTCB
    lto-llvm-2cf59e.o(.text.xTaskIncrementTick) refers to lto-llvm-2cf59e.o(.bss.pxReadyTasksLists) for pxReadyTasksLists
    lto-llvm-2cf59e.o(.text.xTaskIncrementTick) refers to lto-llvm-2cf59e.o(.bss.uxTopReadyPriority) for uxTopReadyPriority
    lto-llvm-2cf59e.o(.text.xTaskIncrementTick) refers to lto-llvm-2cf59e.o(.bss.xYieldPending) for xYieldPending
    lto-llvm-2cf59e.o(.ARM.exidx.text.xTaskIncrementTick) refers to lto-llvm-2cf59e.o(.text.xTaskIncrementTick) for [Anonymous Symbol]
    lto-llvm-2cf59e.o(.text.vTaskDelay) refers to lto-llvm-2cf59e.o(.bss.uxSchedulerSuspended) for uxSchedulerSuspended
    lto-llvm-2cf59e.o(.text.vTaskDelay) refers to lto-llvm-2cf59e.o(.bss.pxCurrentTCB) for pxCurrentTCB
    lto-llvm-2cf59e.o(.text.vTaskDelay) refers to lto-llvm-2cf59e.o(.bss.xTickCount) for xTickCount
    lto-llvm-2cf59e.o(.text.vTaskDelay) refers to lto-llvm-2cf59e.o(.bss.pxOverflowDelayedTaskList) for pxOverflowDelayedTaskList
    lto-llvm-2cf59e.o(.text.vTaskDelay) refers to lto-llvm-2cf59e.o(.bss.pxDelayedTaskList) for pxDelayedTaskList
    lto-llvm-2cf59e.o(.text.vTaskDelay) refers to lto-llvm-2cf59e.o(.bss.xNextTaskUnblockTime) for xNextTaskUnblockTime
    lto-llvm-2cf59e.o(.text.vTaskDelay) refers to lto-llvm-2cf59e.o(.text.xTaskResumeAll) for xTaskResumeAll
    lto-llvm-2cf59e.o(.ARM.exidx.text.vTaskDelay) refers to lto-llvm-2cf59e.o(.text.vTaskDelay) for [Anonymous Symbol]
    lto-llvm-2cf59e.o(.text.vTaskStartScheduler) refers to lto-llvm-2cf59e.o(.bss.vApplicationGetIdleTaskMemory.Idle_TCB) for vApplicationGetIdleTaskMemory.Idle_TCB
    lto-llvm-2cf59e.o(.text.vTaskStartScheduler) refers to lto-llvm-2cf59e.o(.bss.vApplicationGetIdleTaskMemory.Idle_Stack) for vApplicationGetIdleTaskMemory.Idle_Stack
    lto-llvm-2cf59e.o(.text.vTaskStartScheduler) refers to lto-llvm-2cf59e.o(.text.prvIdleTask) for prvIdleTask
    lto-llvm-2cf59e.o(.text.vTaskStartScheduler) refers to lto-llvm-2cf59e.o(.text.prvInitialiseNewTask) for prvInitialiseNewTask
    lto-llvm-2cf59e.o(.text.vTaskStartScheduler) refers to lto-llvm-2cf59e.o(.text.prvAddNewTaskToReadyList) for prvAddNewTaskToReadyList
    lto-llvm-2cf59e.o(.text.vTaskStartScheduler) refers to lto-llvm-2cf59e.o(.bss.xIdleTaskHandle) for xIdleTaskHandle
    lto-llvm-2cf59e.o(.text.vTaskStartScheduler) refers to lto-llvm-2cf59e.o(.data.uxCriticalNesting) for uxCriticalNesting
    lto-llvm-2cf59e.o(.text.vTaskStartScheduler) refers to lto-llvm-2cf59e.o(.bss.xTimerQueue) for xTimerQueue
    lto-llvm-2cf59e.o(.text.vTaskStartScheduler) refers to lto-llvm-2cf59e.o(.bss.vApplicationGetTimerTaskMemory.Timer_TCB) for vApplicationGetTimerTaskMemory.Timer_TCB
    lto-llvm-2cf59e.o(.text.vTaskStartScheduler) refers to lto-llvm-2cf59e.o(.bss.vApplicationGetTimerTaskMemory.Timer_Stack) for vApplicationGetTimerTaskMemory.Timer_Stack
    lto-llvm-2cf59e.o(.text.vTaskStartScheduler) refers to lto-llvm-2cf59e.o(.text.prvTimerTask) for prvTimerTask
    lto-llvm-2cf59e.o(.text.vTaskStartScheduler) refers to lto-llvm-2cf59e.o(.bss.xTimerTaskHandle) for xTimerTaskHandle
    lto-llvm-2cf59e.o(.text.vTaskStartScheduler) refers to lto-llvm-2cf59e.o(.bss.xNextTaskUnblockTime) for xNextTaskUnblockTime
    lto-llvm-2cf59e.o(.text.vTaskStartScheduler) refers to lto-llvm-2cf59e.o(.bss.xSchedulerRunning) for xSchedulerRunning
    lto-llvm-2cf59e.o(.text.vTaskStartScheduler) refers to lto-llvm-2cf59e.o(.bss.xTickCount) for xTickCount
    lto-llvm-2cf59e.o(.text.vTaskStartScheduler) refers to lto-llvm-2cf59e.o(.bss.xActiveTimerList1) for xActiveTimerList1
    lto-llvm-2cf59e.o(.text.vTaskStartScheduler) refers to lto-llvm-2cf59e.o(.bss.xActiveTimerList2) for xActiveTimerList2
    lto-llvm-2cf59e.o(.text.vTaskStartScheduler) refers to lto-llvm-2cf59e.o(.bss.pxCurrentTimerList) for pxCurrentTimerList
    lto-llvm-2cf59e.o(.text.vTaskStartScheduler) refers to lto-llvm-2cf59e.o(.bss.pxOverflowTimerList) for pxOverflowTimerList
    lto-llvm-2cf59e.o(.text.vTaskStartScheduler) refers to lto-llvm-2cf59e.o(.bss.prvCheckForValidListAndQueue.xStaticTimerQueue) for prvCheckForValidListAndQueue.xStaticTimerQueue
    lto-llvm-2cf59e.o(.text.vTaskStartScheduler) refers to lto-llvm-2cf59e.o(.bss.prvCheckForValidListAndQueue.ucStaticTimerQueueStorage) for prvCheckForValidListAndQueue.ucStaticTimerQueueStorage
    lto-llvm-2cf59e.o(.text.vTaskStartScheduler) refers to lto-llvm-2cf59e.o(.bss.xQueueRegistry) for xQueueRegistry
    lto-llvm-2cf59e.o(.text.vTaskStartScheduler) refers to lto-llvm-2cf59e.o(.data.SystemCoreClock) for SystemCoreClock
    lto-llvm-2cf59e.o(.text.vTaskStartScheduler) refers to lto-llvm-2cf59e.o(.text.vPortEnableVFP) for vPortEnableVFP
    lto-llvm-2cf59e.o(.text.vTaskStartScheduler) refers to lto-llvm-2cf59e.o(.text.prvPortStartFirstTask) for prvPortStartFirstTask
    lto-llvm-2cf59e.o(.text.vTaskStartScheduler) refers to lto-llvm-2cf59e.o(.text.vTaskSwitchContext) for vTaskSwitchContext
    lto-llvm-2cf59e.o(.ARM.exidx.text.vTaskStartScheduler) refers to lto-llvm-2cf59e.o(.text.vTaskStartScheduler) for [Anonymous Symbol]
    lto-llvm-2cf59e.o(.text.prvIdleTask) refers to lto-llvm-2cf59e.o(.bss.uxDeletedTasksWaitingCleanUp) for uxDeletedTasksWaitingCleanUp
    lto-llvm-2cf59e.o(.text.prvIdleTask) refers to lto-llvm-2cf59e.o(.data.uxCriticalNesting) for uxCriticalNesting
    lto-llvm-2cf59e.o(.text.prvIdleTask) refers to lto-llvm-2cf59e.o(.bss.uxCurrentNumberOfTasks) for uxCurrentNumberOfTasks
    lto-llvm-2cf59e.o(.text.prvIdleTask) refers to lto-llvm-2cf59e.o(.text.vPortFree) for vPortFree
    lto-llvm-2cf59e.o(.text.prvIdleTask) refers to lto-llvm-2cf59e.o(.bss.xTasksWaitingTermination) for xTasksWaitingTermination
    lto-llvm-2cf59e.o(.text.prvIdleTask) refers to lto-llvm-2cf59e.o(.bss.pxReadyTasksLists) for pxReadyTasksLists
    lto-llvm-2cf59e.o(.ARM.exidx.text.prvIdleTask) refers to lto-llvm-2cf59e.o(.text.prvIdleTask) for [Anonymous Symbol]
    lto-llvm-2cf59e.o(.text.xTaskRemoveFromEventList) refers to lto-llvm-2cf59e.o(.bss.uxSchedulerSuspended) for uxSchedulerSuspended
    lto-llvm-2cf59e.o(.text.xTaskRemoveFromEventList) refers to lto-llvm-2cf59e.o(.bss.xPendingReadyList) for xPendingReadyList
    lto-llvm-2cf59e.o(.text.xTaskRemoveFromEventList) refers to lto-llvm-2cf59e.o(.bss.uxTopReadyPriority) for uxTopReadyPriority
    lto-llvm-2cf59e.o(.text.xTaskRemoveFromEventList) refers to lto-llvm-2cf59e.o(.bss.pxReadyTasksLists) for pxReadyTasksLists
    lto-llvm-2cf59e.o(.text.xTaskRemoveFromEventList) refers to lto-llvm-2cf59e.o(.bss.pxCurrentTCB) for pxCurrentTCB
    lto-llvm-2cf59e.o(.text.xTaskRemoveFromEventList) refers to lto-llvm-2cf59e.o(.bss.xYieldPending) for xYieldPending
    lto-llvm-2cf59e.o(.ARM.exidx.text.xTaskRemoveFromEventList) refers to lto-llvm-2cf59e.o(.text.xTaskRemoveFromEventList) for [Anonymous Symbol]
    lto-llvm-2cf59e.o(.text.prvTimerTask) refers to lto-llvm-2cf59e.o(.bss.pxCurrentTimerList) for pxCurrentTimerList
    lto-llvm-2cf59e.o(.text.prvTimerTask) refers to lto-llvm-2cf59e.o(.bss.prvSampleTimeNow.xLastTime) for prvSampleTimeNow.xLastTime
    lto-llvm-2cf59e.o(.text.prvTimerTask) refers to lto-llvm-2cf59e.o(.data.uxCriticalNesting) for uxCriticalNesting
    lto-llvm-2cf59e.o(.text.prvTimerTask) refers to lto-llvm-2cf59e.o(.bss.uxSchedulerSuspended) for uxSchedulerSuspended
    lto-llvm-2cf59e.o(.text.prvTimerTask) refers to lto-llvm-2cf59e.o(.bss.xTickCount) for xTickCount
    lto-llvm-2cf59e.o(.text.prvTimerTask) refers to lto-llvm-2cf59e.o(.bss.xTimerQueue) for xTimerQueue
    lto-llvm-2cf59e.o(.text.prvTimerTask) refers to lto-llvm-2cf59e.o(.bss.xSchedulerRunning) for xSchedulerRunning
    lto-llvm-2cf59e.o(.text.prvTimerTask) refers to lto-llvm-2cf59e.o(.text.xQueueGenericSend) for xQueueGenericSend
    lto-llvm-2cf59e.o(.text.prvTimerTask) refers to lto-llvm-2cf59e.o(.text.xTaskResumeAll) for xTaskResumeAll
    lto-llvm-2cf59e.o(.text.prvTimerTask) refers to lto-llvm-2cf59e.o(.bss.pxOverflowTimerList) for pxOverflowTimerList
    lto-llvm-2cf59e.o(.text.prvTimerTask) refers to lto-llvm-2cf59e.o(.bss.prvCheckForValidListAndQueue.xStaticTimerQueue) for prvCheckForValidListAndQueue.xStaticTimerQueue
    lto-llvm-2cf59e.o(.text.prvTimerTask) refers to lto-llvm-2cf59e.o(.bss.pxCurrentTCB) for pxCurrentTCB
    lto-llvm-2cf59e.o(.text.prvTimerTask) refers to lto-llvm-2cf59e.o(.bss.xSuspendedTaskList) for xSuspendedTaskList
    lto-llvm-2cf59e.o(.text.prvTimerTask) refers to lto-llvm-2cf59e.o(.bss.pxOverflowDelayedTaskList) for pxOverflowDelayedTaskList
    lto-llvm-2cf59e.o(.text.prvTimerTask) refers to lto-llvm-2cf59e.o(.bss.pxDelayedTaskList) for pxDelayedTaskList
    lto-llvm-2cf59e.o(.text.prvTimerTask) refers to lto-llvm-2cf59e.o(.bss.xNextTaskUnblockTime) for xNextTaskUnblockTime
    lto-llvm-2cf59e.o(.text.prvTimerTask) refers to lto-llvm-2cf59e.o(.text.prvUnlockQueue) for prvUnlockQueue
    lto-llvm-2cf59e.o(.text.prvTimerTask) refers to memcpya.o(.text) for __aeabi_memcpy
    lto-llvm-2cf59e.o(.text.prvTimerTask) refers to lto-llvm-2cf59e.o(.text.xTaskRemoveFromEventList) for xTaskRemoveFromEventList
    lto-llvm-2cf59e.o(.text.prvTimerTask) refers to lto-llvm-2cf59e.o(.text.vPortFree) for vPortFree
    lto-llvm-2cf59e.o(.ARM.exidx.text.prvTimerTask) refers to lto-llvm-2cf59e.o(.text.prvTimerTask) for [Anonymous Symbol]
    lto-llvm-2cf59e.o(.text.pvPortMalloc) refers to lto-llvm-2cf59e.o(.bss.uxSchedulerSuspended) for uxSchedulerSuspended
    lto-llvm-2cf59e.o(.text.pvPortMalloc) refers to lto-llvm-2cf59e.o(.bss.xBlockAllocatedBit) for xBlockAllocatedBit
    lto-llvm-2cf59e.o(.text.pvPortMalloc) refers to lto-llvm-2cf59e.o(.bss.pxEnd) for pxEnd
    lto-llvm-2cf59e.o(.text.pvPortMalloc) refers to lto-llvm-2cf59e.o(.bss.ucHeap) for ucHeap
    lto-llvm-2cf59e.o(.text.pvPortMalloc) refers to lto-llvm-2cf59e.o(.bss.xStart) for xStart
    lto-llvm-2cf59e.o(.text.pvPortMalloc) refers to lto-llvm-2cf59e.o(.bss.xMinimumEverFreeBytesRemaining) for xMinimumEverFreeBytesRemaining
    lto-llvm-2cf59e.o(.text.pvPortMalloc) refers to lto-llvm-2cf59e.o(.bss.xFreeBytesRemaining) for xFreeBytesRemaining
    lto-llvm-2cf59e.o(.text.pvPortMalloc) refers to lto-llvm-2cf59e.o(.bss.xNumberOfSuccessfulAllocations) for xNumberOfSuccessfulAllocations
    lto-llvm-2cf59e.o(.text.pvPortMalloc) refers to lto-llvm-2cf59e.o(.text.xTaskResumeAll) for xTaskResumeAll
    lto-llvm-2cf59e.o(.ARM.exidx.text.pvPortMalloc) refers to lto-llvm-2cf59e.o(.text.pvPortMalloc) for [Anonymous Symbol]
    lto-llvm-2cf59e.o(.text.vPortFree) refers to lto-llvm-2cf59e.o(.bss.xBlockAllocatedBit) for xBlockAllocatedBit
    lto-llvm-2cf59e.o(.text.vPortFree) refers to lto-llvm-2cf59e.o(.bss.uxSchedulerSuspended) for uxSchedulerSuspended
    lto-llvm-2cf59e.o(.text.vPortFree) refers to lto-llvm-2cf59e.o(.bss.xFreeBytesRemaining) for xFreeBytesRemaining
    lto-llvm-2cf59e.o(.text.vPortFree) refers to lto-llvm-2cf59e.o(.bss.xStart) for xStart
    lto-llvm-2cf59e.o(.text.vPortFree) refers to lto-llvm-2cf59e.o(.bss.pxEnd) for pxEnd
    lto-llvm-2cf59e.o(.text.vPortFree) refers to lto-llvm-2cf59e.o(.bss.xNumberOfSuccessfulFrees) for xNumberOfSuccessfulFrees
    lto-llvm-2cf59e.o(.text.vPortFree) refers to lto-llvm-2cf59e.o(.text.xTaskResumeAll) for xTaskResumeAll
    lto-llvm-2cf59e.o(.ARM.exidx.text.vPortFree) refers to lto-llvm-2cf59e.o(.text.vPortFree) for [Anonymous Symbol]
    lto-llvm-2cf59e.o(.text.prvTaskExitError) refers to lto-llvm-2cf59e.o(.data.uxCriticalNesting) for uxCriticalNesting
    lto-llvm-2cf59e.o(.ARM.exidx.text.prvTaskExitError) refers to lto-llvm-2cf59e.o(.text.prvTaskExitError) for [Anonymous Symbol]
    lto-llvm-2cf59e.o(.text.SVC_Handler) refers to lto-llvm-2cf59e.o(.bss.pxCurrentTCB) for [Anonymous Symbol]
    lto-llvm-2cf59e.o(.ARM.exidx.text.SVC_Handler) refers to lto-llvm-2cf59e.o(.text.SVC_Handler) for [Anonymous Symbol]
    lto-llvm-2cf59e.o(.ARM.exidx.text.vPortEnableVFP) refers to lto-llvm-2cf59e.o(.text.vPortEnableVFP) for [Anonymous Symbol]
    lto-llvm-2cf59e.o(.ARM.exidx.text.prvPortStartFirstTask) refers to lto-llvm-2cf59e.o(.text.prvPortStartFirstTask) for [Anonymous Symbol]
    lto-llvm-2cf59e.o(.text.PendSV_Handler) refers to lto-llvm-2cf59e.o(.text.vTaskSwitchContext) for vTaskSwitchContext
    lto-llvm-2cf59e.o(.text.PendSV_Handler) refers to lto-llvm-2cf59e.o(.bss.pxCurrentTCB) for [Anonymous Symbol]
    lto-llvm-2cf59e.o(.ARM.exidx.text.PendSV_Handler) refers to lto-llvm-2cf59e.o(.text.PendSV_Handler) for [Anonymous Symbol]
    uldiv.o(.text) refers to llushr.o(.text) for __aeabi_llsr
    uldiv.o(.text) refers to llshl.o(.text) for __aeabi_llsl


==============================================================================

Removing Unused input sections from the image.

    Removing startup_stm32f429xx.o(HEAP), (512 bytes).
    Removing lto-llvm-2cf59e.o(.text), (0 bytes).
    Removing lto-llvm-2cf59e.o(.ARM.exidx.text.taskSYN6288), (8 bytes).
    Removing lto-llvm-2cf59e.o(.ARM.exidx.text.main), (8 bytes).
    Removing lto-llvm-2cf59e.o(.ARM.exidx.text.StartDefaultTask), (8 bytes).
    Removing lto-llvm-2cf59e.o(.ARM.exidx.text.NMI_Handler), (8 bytes).
    Removing lto-llvm-2cf59e.o(.ARM.exidx.text.HardFault_Handler), (8 bytes).
    Removing lto-llvm-2cf59e.o(.ARM.exidx.text.MemManage_Handler), (8 bytes).
    Removing lto-llvm-2cf59e.o(.ARM.exidx.text.BusFault_Handler), (8 bytes).
    Removing lto-llvm-2cf59e.o(.ARM.exidx.text.UsageFault_Handler), (8 bytes).
    Removing lto-llvm-2cf59e.o(.ARM.exidx.text.DebugMon_Handler), (8 bytes).
    Removing lto-llvm-2cf59e.o(.ARM.exidx.text.SysTick_Handler), (8 bytes).
    Removing lto-llvm-2cf59e.o(.ARM.exidx.text.EXTI3_IRQHandler), (8 bytes).
    Removing lto-llvm-2cf59e.o(.ARM.exidx.text.EXTI4_IRQHandler), (8 bytes).
    Removing lto-llvm-2cf59e.o(.ARM.exidx.text.DMA2_Stream1_IRQHandler), (8 bytes).
    Removing lto-llvm-2cf59e.o(.ARM.exidx.text.DMA2_Stream6_IRQHandler), (8 bytes).
    Removing lto-llvm-2cf59e.o(.ARM.exidx.text.USART6_IRQHandler), (8 bytes).
    Removing lto-llvm-2cf59e.o(.ARM.exidx.text.HAL_GPIO_Init), (8 bytes).
    Removing lto-llvm-2cf59e.o(.ARM.exidx.text.HAL_DMA_Init), (8 bytes).
    Removing lto-llvm-2cf59e.o(.ARM.exidx.text.HAL_DMA_IRQHandler), (8 bytes).
    Removing lto-llvm-2cf59e.o(.ARM.exidx.text.HAL_UART_Init), (8 bytes).
    Removing lto-llvm-2cf59e.o(.ARM.exidx.text.UART_DMATransmitCplt), (8 bytes).
    Removing lto-llvm-2cf59e.o(.ARM.exidx.text.UART_DMATxHalfCplt), (8 bytes).
    Removing lto-llvm-2cf59e.o(.ARM.exidx.text.UART_DMAError), (8 bytes).
    Removing lto-llvm-2cf59e.o(.ARM.exidx.text.UART_Receive_IT), (8 bytes).
    Removing lto-llvm-2cf59e.o(.ARM.exidx.text.UART_DMAAbortOnError), (8 bytes).
    Removing lto-llvm-2cf59e.o(.ARM.exidx.text.SystemInit), (8 bytes).
    Removing lto-llvm-2cf59e.o(.ARM.exidx.text.xQueueGenericSend), (8 bytes).
    Removing lto-llvm-2cf59e.o(.ARM.exidx.text.prvUnlockQueue), (8 bytes).
    Removing lto-llvm-2cf59e.o(.ARM.exidx.text.vTaskSwitchContext), (8 bytes).
    Removing lto-llvm-2cf59e.o(.ARM.exidx.text.prvInitialiseNewTask), (8 bytes).
    Removing lto-llvm-2cf59e.o(.ARM.exidx.text.prvAddNewTaskToReadyList), (8 bytes).
    Removing lto-llvm-2cf59e.o(.ARM.exidx.text.xTaskResumeAll), (8 bytes).
    Removing lto-llvm-2cf59e.o(.ARM.exidx.text.xTaskIncrementTick), (8 bytes).
    Removing lto-llvm-2cf59e.o(.ARM.exidx.text.vTaskDelay), (8 bytes).
    Removing lto-llvm-2cf59e.o(.ARM.exidx.text.vTaskStartScheduler), (8 bytes).
    Removing lto-llvm-2cf59e.o(.ARM.exidx.text.prvIdleTask), (8 bytes).
    Removing lto-llvm-2cf59e.o(.ARM.exidx.text.xTaskRemoveFromEventList), (8 bytes).
    Removing lto-llvm-2cf59e.o(.ARM.exidx.text.prvTimerTask), (8 bytes).
    Removing lto-llvm-2cf59e.o(.ARM.exidx.text.pvPortMalloc), (8 bytes).
    Removing lto-llvm-2cf59e.o(.ARM.exidx.text.vPortFree), (8 bytes).
    Removing lto-llvm-2cf59e.o(.ARM.exidx.text.prvTaskExitError), (8 bytes).
    Removing lto-llvm-2cf59e.o(.ARM.exidx.text.SVC_Handler), (8 bytes).
    Removing lto-llvm-2cf59e.o(.ARM.exidx.text.vPortEnableVFP), (8 bytes).
    Removing lto-llvm-2cf59e.o(.ARM.exidx.text.prvPortStartFirstTask), (8 bytes).
    Removing lto-llvm-2cf59e.o(.ARM.exidx.text.PendSV_Handler), (8 bytes).
    Removing lto-llvm-2cf59e.o(.rodata.cst16), (16 bytes).
    Removing lto-llvm-2cf59e.o(.ARM.use_no_argv), (4 bytes).

48 unused section(s) (total 884 bytes) removed from the image.

==============================================================================

Image Symbol Table

    Local Symbols

    Symbol Name                              Value     Ov Type        Size  Object(Section)

    ../clib/microlib/division.c              0x00000000   Number         0  uldiv.o ABSOLUTE
    ../clib/microlib/init/entry.s            0x00000000   Number         0  entry.o ABSOLUTE
    ../clib/microlib/init/entry.s            0x00000000   Number         0  entry2.o ABSOLUTE
    ../clib/microlib/init/entry.s            0x00000000   Number         0  entry5.o ABSOLUTE
    ../clib/microlib/init/entry.s            0x00000000   Number         0  entry7a.o ABSOLUTE
    ../clib/microlib/init/entry.s            0x00000000   Number         0  entry7b.o ABSOLUTE
    ../clib/microlib/init/entry.s            0x00000000   Number         0  entry8a.o ABSOLUTE
    ../clib/microlib/init/entry.s            0x00000000   Number         0  entry8b.o ABSOLUTE
    ../clib/microlib/init/entry.s            0x00000000   Number         0  entry9a.o ABSOLUTE
    ../clib/microlib/init/entry.s            0x00000000   Number         0  entry9b.o ABSOLUTE
    ../clib/microlib/init/entry.s            0x00000000   Number         0  entry10a.o ABSOLUTE
    ../clib/microlib/init/entry.s            0x00000000   Number         0  entry10b.o ABSOLUTE
    ../clib/microlib/init/entry.s            0x00000000   Number         0  entry11a.o ABSOLUTE
    ../clib/microlib/init/entry.s            0x00000000   Number         0  entry11b.o ABSOLUTE
    ../clib/microlib/longlong.c              0x00000000   Number         0  llshl.o ABSOLUTE
    ../clib/microlib/longlong.c              0x00000000   Number         0  llushr.o ABSOLUTE
    ../clib/microlib/string/memcpy.c         0x00000000   Number         0  memcpya.o ABSOLUTE
    ../clib/microlib/string/memcpy.c         0x00000000   Number         0  memcpyb.o ABSOLUTE
    ../clib/microlib/string/memset.c         0x00000000   Number         0  memseta.o ABSOLUTE
    ../clib/microlib/string/strlen.c         0x00000000   Number         0  strlen.o ABSOLUTE
    dc.s                                     0x00000000   Number         0  dc.o ABSOLUTE
    handlers.s                               0x00000000   Number         0  handlers.o ABSOLUTE
    init.s                                   0x00000000   Number         0  init.o ABSOLUTE
    ld-temp.o                                0x00000000   Number         0  lto-llvm-2cf59e.o ABSOLUTE
    startup_stm32f429xx.s                    0x00000000   Number         0  startup_stm32f429xx.o ABSOLUTE
    RESET                                    0x08000000   Section      428  startup_stm32f429xx.o(RESET)
    .ARM.Collect$$$$00000000                 0x080001ac   Section        0  entry.o(.ARM.Collect$$$$00000000)
    .ARM.Collect$$$$00000001                 0x080001ac   Section        4  entry2.o(.ARM.Collect$$$$00000001)
    .ARM.Collect$$$$00000004                 0x080001b0   Section        4  entry5.o(.ARM.Collect$$$$00000004)
    .ARM.Collect$$$$00000008                 0x080001b4   Section        0  entry7b.o(.ARM.Collect$$$$00000008)
    .ARM.Collect$$$$0000000A                 0x080001b4   Section        0  entry8b.o(.ARM.Collect$$$$0000000A)
    .ARM.Collect$$$$0000000B                 0x080001b4   Section        8  entry9a.o(.ARM.Collect$$$$0000000B)
    __lit__00000000                          0x080001bc   Data           4  entry2.o(.ARM.Collect$$$$00002712)
    .ARM.Collect$$$$0000000D                 0x080001bc   Section        0  entry10a.o(.ARM.Collect$$$$0000000D)
    .ARM.Collect$$$$0000000F                 0x080001bc   Section        0  entry11a.o(.ARM.Collect$$$$0000000F)
    .ARM.Collect$$$$00002712                 0x080001bc   Section        4  entry2.o(.ARM.Collect$$$$00002712)
    $v0                                      0x080001c0   Number         0  startup_stm32f429xx.o(.text)
    .text                                    0x080001c0   Section       36  startup_stm32f429xx.o(.text)
    .text                                    0x080001e4   Section       36  init.o(.text)
    .text                                    0x08000208   Section        0  uldiv.o(.text)
    .text                                    0x0800026a   Section        0  memcpya.o(.text)
    .text                                    0x0800028e   Section        0  memseta.o(.text)
    .text                                    0x080002b2   Section        0  llshl.o(.text)
    .text                                    0x080002d0   Section        0  llushr.o(.text)
    [Anonymous Symbol]                       0x080002f0   Section        0  lto-llvm-2cf59e.o(.text.BusFault_Handler)
    [Anonymous Symbol]                       0x080002f4   Section        0  lto-llvm-2cf59e.o(.text.DMA2_Stream1_IRQHandler)
    [Anonymous Symbol]                       0x08000300   Section        0  lto-llvm-2cf59e.o(.text.DMA2_Stream6_IRQHandler)
    [Anonymous Symbol]                       0x0800030c   Section        0  lto-llvm-2cf59e.o(.text.DebugMon_Handler)
    [Anonymous Symbol]                       0x08000310   Section        0  lto-llvm-2cf59e.o(.text.EXTI3_IRQHandler)
    [Anonymous Symbol]                       0x08000324   Section        0  lto-llvm-2cf59e.o(.text.EXTI4_IRQHandler)
    HAL_DMA_IRQHandler                       0x08000339   Thumb Code   446  lto-llvm-2cf59e.o(.text.HAL_DMA_IRQHandler)
    [Anonymous Symbol]                       0x08000338   Section        0  lto-llvm-2cf59e.o(.text.HAL_DMA_IRQHandler)
    HAL_DMA_Init                             0x080004f9   Thumb Code   364  lto-llvm-2cf59e.o(.text.HAL_DMA_Init)
    [Anonymous Symbol]                       0x080004f8   Section        0  lto-llvm-2cf59e.o(.text.HAL_DMA_Init)
    DMA_CalcBaseAndBitshift.flagBitshiftOffset 0x08000664   Number         0  lto-llvm-2cf59e.o(.text.HAL_DMA_Init)
    HAL_GPIO_Init                            0x0800066d   Thumb Code   420  lto-llvm-2cf59e.o(.text.HAL_GPIO_Init)
    [Anonymous Symbol]                       0x0800066c   Section        0  lto-llvm-2cf59e.o(.text.HAL_GPIO_Init)
    HAL_UART_Init                            0x08000811   Thumb Code   712  lto-llvm-2cf59e.o(.text.HAL_UART_Init)
    [Anonymous Symbol]                       0x08000810   Section        0  lto-llvm-2cf59e.o(.text.HAL_UART_Init)
    APBPrescTable                            0x08000ad8   Number         0  lto-llvm-2cf59e.o(.text.HAL_UART_Init)
    [Anonymous Symbol]                       0x08000ae0   Section        0  lto-llvm-2cf59e.o(.text.HardFault_Handler)
    [Anonymous Symbol]                       0x08000ae4   Section        0  lto-llvm-2cf59e.o(.text.MemManage_Handler)
    [Anonymous Symbol]                       0x08000ae8   Section        0  lto-llvm-2cf59e.o(.text.NMI_Handler)
    [Anonymous Symbol]                       0x08000af0   Section        0  lto-llvm-2cf59e.o(.text.PendSV_Handler)
    pxCurrentTCBConst                        0x08000b50   Number         0  lto-llvm-2cf59e.o(.text.PendSV_Handler)
    [Anonymous Symbol]                       0x08000b60   Section        0  lto-llvm-2cf59e.o(.text.SVC_Handler)
    pxCurrentTCBConst2                       0x08000b80   Number         0  lto-llvm-2cf59e.o(.text.SVC_Handler)
    StartDefaultTask                         0x08000b85   Thumb Code    16  lto-llvm-2cf59e.o(.text.StartDefaultTask)
    [Anonymous Symbol]                       0x08000b84   Section        0  lto-llvm-2cf59e.o(.text.StartDefaultTask)
    [Anonymous Symbol]                       0x08000b94   Section        0  lto-llvm-2cf59e.o(.text.SysTick_Handler)
    [Anonymous Symbol]                       0x08000bec   Section        0  lto-llvm-2cf59e.o(.text.SystemInit)
    UART_DMAAbortOnError                     0x08000c01   Thumb Code    10  lto-llvm-2cf59e.o(.text.UART_DMAAbortOnError)
    [Anonymous Symbol]                       0x08000c00   Section        0  lto-llvm-2cf59e.o(.text.UART_DMAAbortOnError)
    UART_DMAError                            0x08000c0d   Thumb Code   378  lto-llvm-2cf59e.o(.text.UART_DMAError)
    [Anonymous Symbol]                       0x08000c0c   Section        0  lto-llvm-2cf59e.o(.text.UART_DMAError)
    UART_DMATransmitCplt                     0x08000d89   Thumb Code   172  lto-llvm-2cf59e.o(.text.UART_DMATransmitCplt)
    [Anonymous Symbol]                       0x08000d88   Section        0  lto-llvm-2cf59e.o(.text.UART_DMATransmitCplt)
    UART_DMATxHalfCplt                       0x08000e35   Thumb Code     2  lto-llvm-2cf59e.o(.text.UART_DMATxHalfCplt)
    [Anonymous Symbol]                       0x08000e34   Section        0  lto-llvm-2cf59e.o(.text.UART_DMATxHalfCplt)
    UART_Receive_IT                          0x08000e39   Thumb Code   232  lto-llvm-2cf59e.o(.text.UART_Receive_IT)
    [Anonymous Symbol]                       0x08000e38   Section        0  lto-llvm-2cf59e.o(.text.UART_Receive_IT)
    [Anonymous Symbol]                       0x08000f20   Section        0  lto-llvm-2cf59e.o(.text.USART6_IRQHandler)
    [Anonymous Symbol]                       0x08001524   Section        0  lto-llvm-2cf59e.o(.text.UsageFault_Handler)
    [Anonymous Symbol]                       0x08001528   Section        0  lto-llvm-2cf59e.o(.text.main)
    AHBPrescTable                            0x08001b08   Number         0  lto-llvm-2cf59e.o(.text.main)
    prvAddNewTaskToReadyList                 0x08001b31   Thumb Code  1334  lto-llvm-2cf59e.o(.text.prvAddNewTaskToReadyList)
    [Anonymous Symbol]                       0x08001b30   Section        0  lto-llvm-2cf59e.o(.text.prvAddNewTaskToReadyList)
    prvIdleTask                              0x08002069   Thumb Code   290  lto-llvm-2cf59e.o(.text.prvIdleTask)
    [Anonymous Symbol]                       0x08002068   Section        0  lto-llvm-2cf59e.o(.text.prvIdleTask)
    prvInitialiseNewTask                     0x0800218d   Thumb Code   310  lto-llvm-2cf59e.o(.text.prvInitialiseNewTask)
    [Anonymous Symbol]                       0x0800218c   Section        0  lto-llvm-2cf59e.o(.text.prvInitialiseNewTask)
    prvPortStartFirstTask                    0x080022c5   Thumb Code    40  lto-llvm-2cf59e.o(.text.prvPortStartFirstTask)
    [Anonymous Symbol]                       0x080022c4   Section        0  lto-llvm-2cf59e.o(.text.prvPortStartFirstTask)
    prvTaskExitError                         0x080022ed   Thumb Code    62  lto-llvm-2cf59e.o(.text.prvTaskExitError)
    [Anonymous Symbol]                       0x080022ec   Section        0  lto-llvm-2cf59e.o(.text.prvTaskExitError)
    prvTimerTask                             0x0800232d   Thumb Code  2426  lto-llvm-2cf59e.o(.text.prvTimerTask)
    [Anonymous Symbol]                       0x0800232c   Section        0  lto-llvm-2cf59e.o(.text.prvTimerTask)
    prvUnlockQueue                           0x08002ca9   Thumb Code   334  lto-llvm-2cf59e.o(.text.prvUnlockQueue)
    [Anonymous Symbol]                       0x08002ca8   Section        0  lto-llvm-2cf59e.o(.text.prvUnlockQueue)
    pvPortMalloc                             0x08002df9   Thumb Code   544  lto-llvm-2cf59e.o(.text.pvPortMalloc)
    [Anonymous Symbol]                       0x08002df8   Section        0  lto-llvm-2cf59e.o(.text.pvPortMalloc)
    taskSYN6288                              0x08003019   Thumb Code   420  lto-llvm-2cf59e.o(.text.taskSYN6288)
    [Anonymous Symbol]                       0x08003018   Section        0  lto-llvm-2cf59e.o(.text.taskSYN6288)
    vPortEnableVFP                           0x080031bd   Thumb Code    20  lto-llvm-2cf59e.o(.text.vPortEnableVFP)
    [Anonymous Symbol]                       0x080031bc   Section        0  lto-llvm-2cf59e.o(.text.vPortEnableVFP)
    vPortFree                                0x080031d1   Thumb Code   248  lto-llvm-2cf59e.o(.text.vPortFree)
    [Anonymous Symbol]                       0x080031d0   Section        0  lto-llvm-2cf59e.o(.text.vPortFree)
    vTaskDelay                               0x080032c9   Thumb Code   386  lto-llvm-2cf59e.o(.text.vTaskDelay)
    [Anonymous Symbol]                       0x080032c8   Section        0  lto-llvm-2cf59e.o(.text.vTaskDelay)
    vTaskStartScheduler                      0x0800344d   Thumb Code  1312  lto-llvm-2cf59e.o(.text.vTaskStartScheduler)
    [Anonymous Symbol]                       0x0800344c   Section        0  lto-llvm-2cf59e.o(.text.vTaskStartScheduler)
    __tagsym$$used.0                         0x08003984   Number         0  lto-llvm-2cf59e.o(.text.vTaskSwitchContext)
    [Anonymous Symbol]                       0x08003984   Section        0  lto-llvm-2cf59e.o(.text.vTaskSwitchContext)
    xQueueGenericSend                        0x08003a4d   Thumb Code   562  lto-llvm-2cf59e.o(.text.xQueueGenericSend)
    [Anonymous Symbol]                       0x08003a4c   Section        0  lto-llvm-2cf59e.o(.text.xQueueGenericSend)
    xTaskIncrementTick                       0x08003c81   Thumb Code   434  lto-llvm-2cf59e.o(.text.xTaskIncrementTick)
    [Anonymous Symbol]                       0x08003c80   Section        0  lto-llvm-2cf59e.o(.text.xTaskIncrementTick)
    xTaskRemoveFromEventList                 0x08003e35   Thumb Code   242  lto-llvm-2cf59e.o(.text.xTaskRemoveFromEventList)
    [Anonymous Symbol]                       0x08003e34   Section        0  lto-llvm-2cf59e.o(.text.xTaskRemoveFromEventList)
    xTaskResumeAll                           0x08003f29   Thumb Code   642  lto-llvm-2cf59e.o(.text.xTaskResumeAll)
    [Anonymous Symbol]                       0x08003f28   Section        0  lto-llvm-2cf59e.o(.text.xTaskResumeAll)
    i.__scatterload_copy                     0x080041aa   Section       14  handlers.o(i.__scatterload_copy)
    i.__scatterload_null                     0x080041b8   Section        2  handlers.o(i.__scatterload_null)
    i.__scatterload_zeroinit                 0x080041ba   Section       14  handlers.o(i.__scatterload_zeroinit)
    SystemCoreClock                          0x20000000   Data           4  lto-llvm-2cf59e.o(.data.SystemCoreClock)
    [Anonymous Symbol]                       0x20000000   Section        0  lto-llvm-2cf59e.o(.data.SystemCoreClock)
    uxCriticalNesting                        0x20000004   Data           4  lto-llvm-2cf59e.o(.data.uxCriticalNesting)
    [Anonymous Symbol]                       0x20000004   Section        0  lto-llvm-2cf59e.o(.data.uxCriticalNesting)
    KernelState                              0x20000008   Data           4  lto-llvm-2cf59e.o(.bss.KernelState)
    [Anonymous Symbol]                       0x20000008   Section        0  lto-llvm-2cf59e.o(.bss.KernelState)
    defaultTaskHandle                        0x2000000c   Data           4  lto-llvm-2cf59e.o(.bss.defaultTaskHandle)
    [Anonymous Symbol]                       0x2000000c   Section        0  lto-llvm-2cf59e.o(.bss.defaultTaskHandle)
    handleSYN6288                            0x20000010   Data           4  lto-llvm-2cf59e.o(.bss.handleSYN6288)
    [Anonymous Symbol]                       0x20000010   Section        0  lto-llvm-2cf59e.o(.bss.handleSYN6288)
    hdma_usart6_rx                           0x20000014   Data          96  lto-llvm-2cf59e.o(.bss.hdma_usart6_rx)
    [Anonymous Symbol]                       0x20000014   Section        0  lto-llvm-2cf59e.o(.bss.hdma_usart6_rx)
    hdma_usart6_tx                           0x20000074   Data          96  lto-llvm-2cf59e.o(.bss.hdma_usart6_tx)
    [Anonymous Symbol]                       0x20000074   Section        0  lto-llvm-2cf59e.o(.bss.hdma_usart6_tx)
    huart3                                   0x200000d4   Data          68  lto-llvm-2cf59e.o(.bss.huart3)
    [Anonymous Symbol]                       0x200000d4   Section        0  lto-llvm-2cf59e.o(.bss.huart3)
    huart6                                   0x20000118   Data          68  lto-llvm-2cf59e.o(.bss.huart6)
    [Anonymous Symbol]                       0x20000118   Section        0  lto-llvm-2cf59e.o(.bss.huart6)
    prvCheckForValidListAndQueue.ucStaticTimerQueueStorage 0x2000015c   Data         160  lto-llvm-2cf59e.o(.bss.prvCheckForValidListAndQueue.ucStaticTimerQueueStorage)
    [Anonymous Symbol]                       0x2000015c   Section        0  lto-llvm-2cf59e.o(.bss.prvCheckForValidListAndQueue.ucStaticTimerQueueStorage)
    prvCheckForValidListAndQueue.xStaticTimerQueue 0x200001fc   Data          80  lto-llvm-2cf59e.o(.bss.prvCheckForValidListAndQueue.xStaticTimerQueue)
    [Anonymous Symbol]                       0x200001fc   Section        0  lto-llvm-2cf59e.o(.bss.prvCheckForValidListAndQueue.xStaticTimerQueue)
    prvSampleTimeNow.xLastTime               0x2000024c   Data           4  lto-llvm-2cf59e.o(.bss.prvSampleTimeNow.xLastTime)
    [Anonymous Symbol]                       0x2000024c   Section        0  lto-llvm-2cf59e.o(.bss.prvSampleTimeNow.xLastTime)
    pxCurrentTCB                             0x20000250   Data           4  lto-llvm-2cf59e.o(.bss.pxCurrentTCB)
    [Anonymous Symbol]                       0x20000250   Section        0  lto-llvm-2cf59e.o(.bss.pxCurrentTCB)
    pxCurrentTimerList                       0x20000254   Data           4  lto-llvm-2cf59e.o(.bss.pxCurrentTimerList)
    [Anonymous Symbol]                       0x20000254   Section        0  lto-llvm-2cf59e.o(.bss.pxCurrentTimerList)
    pxDelayedTaskList                        0x20000258   Data           4  lto-llvm-2cf59e.o(.bss.pxDelayedTaskList)
    [Anonymous Symbol]                       0x20000258   Section        0  lto-llvm-2cf59e.o(.bss.pxDelayedTaskList)
    pxEnd                                    0x2000025c   Data           4  lto-llvm-2cf59e.o(.bss.pxEnd)
    [Anonymous Symbol]                       0x2000025c   Section        0  lto-llvm-2cf59e.o(.bss.pxEnd)
    pxOverflowDelayedTaskList                0x20000260   Data           4  lto-llvm-2cf59e.o(.bss.pxOverflowDelayedTaskList)
    [Anonymous Symbol]                       0x20000260   Section        0  lto-llvm-2cf59e.o(.bss.pxOverflowDelayedTaskList)
    pxOverflowTimerList                      0x20000264   Data           4  lto-llvm-2cf59e.o(.bss.pxOverflowTimerList)
    [Anonymous Symbol]                       0x20000264   Section        0  lto-llvm-2cf59e.o(.bss.pxOverflowTimerList)
    pxReadyTasksLists                        0x20000268   Data        1120  lto-llvm-2cf59e.o(.bss.pxReadyTasksLists)
    [Anonymous Symbol]                       0x20000268   Section        0  lto-llvm-2cf59e.o(.bss.pxReadyTasksLists)
    ucHeap                                   0x200006c8   Data       15360  lto-llvm-2cf59e.o(.bss.ucHeap)
    [Anonymous Symbol]                       0x200006c8   Section        0  lto-llvm-2cf59e.o(.bss.ucHeap)
    uwTick                                   0x200042c8   Data           4  lto-llvm-2cf59e.o(.bss.uwTick)
    [Anonymous Symbol]                       0x200042c8   Section        0  lto-llvm-2cf59e.o(.bss.uwTick)
    uwTickPrio                               0x200042cc   Data           1  lto-llvm-2cf59e.o(.bss.uwTickPrio)
    [Anonymous Symbol]                       0x200042cc   Section        0  lto-llvm-2cf59e.o(.bss.uwTickPrio)
    uxCurrentNumberOfTasks                   0x200042d0   Data           4  lto-llvm-2cf59e.o(.bss.uxCurrentNumberOfTasks)
    [Anonymous Symbol]                       0x200042d0   Section        0  lto-llvm-2cf59e.o(.bss.uxCurrentNumberOfTasks)
    uxDeletedTasksWaitingCleanUp             0x200042d4   Data           4  lto-llvm-2cf59e.o(.bss.uxDeletedTasksWaitingCleanUp)
    [Anonymous Symbol]                       0x200042d4   Section        0  lto-llvm-2cf59e.o(.bss.uxDeletedTasksWaitingCleanUp)
    uxSchedulerSuspended                     0x200042d8   Data           4  lto-llvm-2cf59e.o(.bss.uxSchedulerSuspended)
    [Anonymous Symbol]                       0x200042d8   Section        0  lto-llvm-2cf59e.o(.bss.uxSchedulerSuspended)
    uxTaskNumber                             0x200042dc   Data           4  lto-llvm-2cf59e.o(.bss.uxTaskNumber)
    [Anonymous Symbol]                       0x200042dc   Section        0  lto-llvm-2cf59e.o(.bss.uxTaskNumber)
    uxTopReadyPriority                       0x200042e0   Data           4  lto-llvm-2cf59e.o(.bss.uxTopReadyPriority)
    [Anonymous Symbol]                       0x200042e0   Section        0  lto-llvm-2cf59e.o(.bss.uxTopReadyPriority)
    vApplicationGetIdleTaskMemory.Idle_Stack 0x200042e4   Data         512  lto-llvm-2cf59e.o(.bss.vApplicationGetIdleTaskMemory.Idle_Stack)
    [Anonymous Symbol]                       0x200042e4   Section        0  lto-llvm-2cf59e.o(.bss.vApplicationGetIdleTaskMemory.Idle_Stack)
    vApplicationGetIdleTaskMemory.Idle_TCB   0x200044e4   Data          92  lto-llvm-2cf59e.o(.bss.vApplicationGetIdleTaskMemory.Idle_TCB)
    [Anonymous Symbol]                       0x200044e4   Section        0  lto-llvm-2cf59e.o(.bss.vApplicationGetIdleTaskMemory.Idle_TCB)
    vApplicationGetTimerTaskMemory.Timer_Stack 0x20004540   Data        1024  lto-llvm-2cf59e.o(.bss.vApplicationGetTimerTaskMemory.Timer_Stack)
    [Anonymous Symbol]                       0x20004540   Section        0  lto-llvm-2cf59e.o(.bss.vApplicationGetTimerTaskMemory.Timer_Stack)
    vApplicationGetTimerTaskMemory.Timer_TCB 0x20004940   Data          92  lto-llvm-2cf59e.o(.bss.vApplicationGetTimerTaskMemory.Timer_TCB)
    [Anonymous Symbol]                       0x20004940   Section        0  lto-llvm-2cf59e.o(.bss.vApplicationGetTimerTaskMemory.Timer_TCB)
    xActiveTimerList1                        0x2000499c   Data          20  lto-llvm-2cf59e.o(.bss.xActiveTimerList1)
    [Anonymous Symbol]                       0x2000499c   Section        0  lto-llvm-2cf59e.o(.bss.xActiveTimerList1)
    xActiveTimerList2                        0x200049b0   Data          20  lto-llvm-2cf59e.o(.bss.xActiveTimerList2)
    [Anonymous Symbol]                       0x200049b0   Section        0  lto-llvm-2cf59e.o(.bss.xActiveTimerList2)
    xBlockAllocatedBit                       0x200049c4   Data           1  lto-llvm-2cf59e.o(.bss.xBlockAllocatedBit)
    [Anonymous Symbol]                       0x200049c4   Section        0  lto-llvm-2cf59e.o(.bss.xBlockAllocatedBit)
    xDelayedTaskList1                        0x200049c8   Data          20  lto-llvm-2cf59e.o(.bss.xDelayedTaskList1)
    [Anonymous Symbol]                       0x200049c8   Section        0  lto-llvm-2cf59e.o(.bss.xDelayedTaskList1)
    xDelayedTaskList2                        0x200049dc   Data          20  lto-llvm-2cf59e.o(.bss.xDelayedTaskList2)
    [Anonymous Symbol]                       0x200049dc   Section        0  lto-llvm-2cf59e.o(.bss.xDelayedTaskList2)
    xFreeBytesRemaining                      0x200049f0   Data           4  lto-llvm-2cf59e.o(.bss.xFreeBytesRemaining)
    [Anonymous Symbol]                       0x200049f0   Section        0  lto-llvm-2cf59e.o(.bss.xFreeBytesRemaining)
    xIdleTaskHandle                          0x200049f4   Data           4  lto-llvm-2cf59e.o(.bss.xIdleTaskHandle)
    [Anonymous Symbol]                       0x200049f4   Section        0  lto-llvm-2cf59e.o(.bss.xIdleTaskHandle)
    xMinimumEverFreeBytesRemaining           0x200049f8   Data           4  lto-llvm-2cf59e.o(.bss.xMinimumEverFreeBytesRemaining)
    [Anonymous Symbol]                       0x200049f8   Section        0  lto-llvm-2cf59e.o(.bss.xMinimumEverFreeBytesRemaining)
    xNextTaskUnblockTime                     0x200049fc   Data           4  lto-llvm-2cf59e.o(.bss.xNextTaskUnblockTime)
    [Anonymous Symbol]                       0x200049fc   Section        0  lto-llvm-2cf59e.o(.bss.xNextTaskUnblockTime)
    xNumOfOverflows                          0x20004a00   Data           4  lto-llvm-2cf59e.o(.bss.xNumOfOverflows)
    [Anonymous Symbol]                       0x20004a00   Section        0  lto-llvm-2cf59e.o(.bss.xNumOfOverflows)
    xNumberOfSuccessfulAllocations           0x20004a04   Data           4  lto-llvm-2cf59e.o(.bss.xNumberOfSuccessfulAllocations)
    [Anonymous Symbol]                       0x20004a04   Section        0  lto-llvm-2cf59e.o(.bss.xNumberOfSuccessfulAllocations)
    xNumberOfSuccessfulFrees                 0x20004a08   Data           4  lto-llvm-2cf59e.o(.bss.xNumberOfSuccessfulFrees)
    [Anonymous Symbol]                       0x20004a08   Section        0  lto-llvm-2cf59e.o(.bss.xNumberOfSuccessfulFrees)
    xPendedTicks                             0x20004a0c   Data           4  lto-llvm-2cf59e.o(.bss.xPendedTicks)
    [Anonymous Symbol]                       0x20004a0c   Section        0  lto-llvm-2cf59e.o(.bss.xPendedTicks)
    xPendingReadyList                        0x20004a10   Data          20  lto-llvm-2cf59e.o(.bss.xPendingReadyList)
    [Anonymous Symbol]                       0x20004a10   Section        0  lto-llvm-2cf59e.o(.bss.xPendingReadyList)
    xQueueRegistry                           0x20004a24   Data          64  lto-llvm-2cf59e.o(.bss.xQueueRegistry)
    [Anonymous Symbol]                       0x20004a24   Section        0  lto-llvm-2cf59e.o(.bss.xQueueRegistry)
    xSchedulerRunning                        0x20004a64   Data           4  lto-llvm-2cf59e.o(.bss.xSchedulerRunning)
    [Anonymous Symbol]                       0x20004a64   Section        0  lto-llvm-2cf59e.o(.bss.xSchedulerRunning)
    xStart                                   0x20004a68   Data           8  lto-llvm-2cf59e.o(.bss.xStart)
    [Anonymous Symbol]                       0x20004a68   Section        0  lto-llvm-2cf59e.o(.bss.xStart)
    xSuspendedTaskList                       0x20004a70   Data          20  lto-llvm-2cf59e.o(.bss.xSuspendedTaskList)
    [Anonymous Symbol]                       0x20004a70   Section        0  lto-llvm-2cf59e.o(.bss.xSuspendedTaskList)
    xTasksWaitingTermination                 0x20004a84   Data          20  lto-llvm-2cf59e.o(.bss.xTasksWaitingTermination)
    [Anonymous Symbol]                       0x20004a84   Section        0  lto-llvm-2cf59e.o(.bss.xTasksWaitingTermination)
    xTickCount                               0x20004a98   Data           4  lto-llvm-2cf59e.o(.bss.xTickCount)
    [Anonymous Symbol]                       0x20004a98   Section        0  lto-llvm-2cf59e.o(.bss.xTickCount)
    xTimerQueue                              0x20004a9c   Data           4  lto-llvm-2cf59e.o(.bss.xTimerQueue)
    [Anonymous Symbol]                       0x20004a9c   Section        0  lto-llvm-2cf59e.o(.bss.xTimerQueue)
    xTimerTaskHandle                         0x20004aa0   Data           4  lto-llvm-2cf59e.o(.bss.xTimerTaskHandle)
    [Anonymous Symbol]                       0x20004aa0   Section        0  lto-llvm-2cf59e.o(.bss.xTimerTaskHandle)
    xYieldPending                            0x20004aa4   Data           4  lto-llvm-2cf59e.o(.bss.xYieldPending)
    [Anonymous Symbol]                       0x20004aa4   Section        0  lto-llvm-2cf59e.o(.bss.xYieldPending)
    STACK                                    0x20004aa8   Section     1024  startup_stm32f429xx.o(STACK)

    Global Symbols

    Symbol Name                              Value     Ov Type        Size  Object(Section)

    BuildAttributes$$THM_ISAv4$E$P$D$K$B$S$7EM$VFPi3$EXTD16$VFPS$VFMA$PE$A:L22UL41UL21$X:L11$S22US41US21$IEEE1$IW$~IW$USESV6$~STKCKD$USESV7$~SHL$OTIME$IEEEF$EBA8$MICROLIB$REQ8$PRES8$EABIv2 0x00000000   Number         0  anon$$obj.o ABSOLUTE
    __cpp_initialize__aeabi_                  - Undefined Weak Reference
    __cxa_finalize                            - Undefined Weak Reference
    __decompress                              - Undefined Weak Reference
    _clock_init                               - Undefined Weak Reference
    _microlib_exit                            - Undefined Weak Reference
    __Vectors_Size                           0x000001ac   Number         0  startup_stm32f429xx.o ABSOLUTE
    __Vectors                                0x08000000   Data           4  startup_stm32f429xx.o(RESET)
    __Vectors_End                            0x080001ac   Data           0  startup_stm32f429xx.o(RESET)
    __main                                   0x080001ad   Thumb Code     0  entry.o(.ARM.Collect$$$$00000000)
    _main_stk                                0x080001ad   Thumb Code     0  entry2.o(.ARM.Collect$$$$00000001)
    _main_scatterload                        0x080001b1   Thumb Code     0  entry5.o(.ARM.Collect$$$$00000004)
    __main_after_scatterload                 0x080001b5   Thumb Code     0  entry5.o(.ARM.Collect$$$$00000004)
    _main_clock                              0x080001b5   Thumb Code     0  entry7b.o(.ARM.Collect$$$$00000008)
    _main_cpp_init                           0x080001b5   Thumb Code     0  entry8b.o(.ARM.Collect$$$$0000000A)
    _main_init                               0x080001b5   Thumb Code     0  entry9a.o(.ARM.Collect$$$$0000000B)
    __rt_final_cpp                           0x080001bd   Thumb Code     0  entry10a.o(.ARM.Collect$$$$0000000D)
    __rt_final_exit                          0x080001bd   Thumb Code     0  entry11a.o(.ARM.Collect$$$$0000000F)
    Reset_Handler                            0x080001c1   Thumb Code     8  startup_stm32f429xx.o(.text)
    ADC_IRQHandler                           0x080001db   Thumb Code     0  startup_stm32f429xx.o(.text)
    CAN1_RX0_IRQHandler                      0x080001db   Thumb Code     0  startup_stm32f429xx.o(.text)
    CAN1_RX1_IRQHandler                      0x080001db   Thumb Code     0  startup_stm32f429xx.o(.text)
    CAN1_SCE_IRQHandler                      0x080001db   Thumb Code     0  startup_stm32f429xx.o(.text)
    CAN1_TX_IRQHandler                       0x080001db   Thumb Code     0  startup_stm32f429xx.o(.text)
    CAN2_RX0_IRQHandler                      0x080001db   Thumb Code     0  startup_stm32f429xx.o(.text)
    CAN2_RX1_IRQHandler                      0x080001db   Thumb Code     0  startup_stm32f429xx.o(.text)
    CAN2_SCE_IRQHandler                      0x080001db   Thumb Code     0  startup_stm32f429xx.o(.text)
    CAN2_TX_IRQHandler                       0x080001db   Thumb Code     0  startup_stm32f429xx.o(.text)
    DCMI_IRQHandler                          0x080001db   Thumb Code     0  startup_stm32f429xx.o(.text)
    DMA1_Stream0_IRQHandler                  0x080001db   Thumb Code     0  startup_stm32f429xx.o(.text)
    DMA1_Stream1_IRQHandler                  0x080001db   Thumb Code     0  startup_stm32f429xx.o(.text)
    DMA1_Stream2_IRQHandler                  0x080001db   Thumb Code     0  startup_stm32f429xx.o(.text)
    DMA1_Stream3_IRQHandler                  0x080001db   Thumb Code     0  startup_stm32f429xx.o(.text)
    DMA1_Stream4_IRQHandler                  0x080001db   Thumb Code     0  startup_stm32f429xx.o(.text)
    DMA1_Stream5_IRQHandler                  0x080001db   Thumb Code     0  startup_stm32f429xx.o(.text)
    DMA1_Stream6_IRQHandler                  0x080001db   Thumb Code     0  startup_stm32f429xx.o(.text)
    DMA1_Stream7_IRQHandler                  0x080001db   Thumb Code     0  startup_stm32f429xx.o(.text)
    DMA2D_IRQHandler                         0x080001db   Thumb Code     0  startup_stm32f429xx.o(.text)
    DMA2_Stream0_IRQHandler                  0x080001db   Thumb Code     0  startup_stm32f429xx.o(.text)
    DMA2_Stream2_IRQHandler                  0x080001db   Thumb Code     0  startup_stm32f429xx.o(.text)
    DMA2_Stream3_IRQHandler                  0x080001db   Thumb Code     0  startup_stm32f429xx.o(.text)
    DMA2_Stream4_IRQHandler                  0x080001db   Thumb Code     0  startup_stm32f429xx.o(.text)
    DMA2_Stream5_IRQHandler                  0x080001db   Thumb Code     0  startup_stm32f429xx.o(.text)
    DMA2_Stream7_IRQHandler                  0x080001db   Thumb Code     0  startup_stm32f429xx.o(.text)
    ETH_IRQHandler                           0x080001db   Thumb Code     0  startup_stm32f429xx.o(.text)
    ETH_WKUP_IRQHandler                      0x080001db   Thumb Code     0  startup_stm32f429xx.o(.text)
    EXTI0_IRQHandler                         0x080001db   Thumb Code     0  startup_stm32f429xx.o(.text)
    EXTI15_10_IRQHandler                     0x080001db   Thumb Code     0  startup_stm32f429xx.o(.text)
    EXTI1_IRQHandler                         0x080001db   Thumb Code     0  startup_stm32f429xx.o(.text)
    EXTI2_IRQHandler                         0x080001db   Thumb Code     0  startup_stm32f429xx.o(.text)
    EXTI9_5_IRQHandler                       0x080001db   Thumb Code     0  startup_stm32f429xx.o(.text)
    FLASH_IRQHandler                         0x080001db   Thumb Code     0  startup_stm32f429xx.o(.text)
    FMC_IRQHandler                           0x080001db   Thumb Code     0  startup_stm32f429xx.o(.text)
    FPU_IRQHandler                           0x080001db   Thumb Code     0  startup_stm32f429xx.o(.text)
    HASH_RNG_IRQHandler                      0x080001db   Thumb Code     0  startup_stm32f429xx.o(.text)
    I2C1_ER_IRQHandler                       0x080001db   Thumb Code     0  startup_stm32f429xx.o(.text)
    I2C1_EV_IRQHandler                       0x080001db   Thumb Code     0  startup_stm32f429xx.o(.text)
    I2C2_ER_IRQHandler                       0x080001db   Thumb Code     0  startup_stm32f429xx.o(.text)
    I2C2_EV_IRQHandler                       0x080001db   Thumb Code     0  startup_stm32f429xx.o(.text)
    I2C3_ER_IRQHandler                       0x080001db   Thumb Code     0  startup_stm32f429xx.o(.text)
    I2C3_EV_IRQHandler                       0x080001db   Thumb Code     0  startup_stm32f429xx.o(.text)
    LTDC_ER_IRQHandler                       0x080001db   Thumb Code     0  startup_stm32f429xx.o(.text)
    LTDC_IRQHandler                          0x080001db   Thumb Code     0  startup_stm32f429xx.o(.text)
    OTG_FS_IRQHandler                        0x080001db   Thumb Code     0  startup_stm32f429xx.o(.text)
    OTG_FS_WKUP_IRQHandler                   0x080001db   Thumb Code     0  startup_stm32f429xx.o(.text)
    OTG_HS_EP1_IN_IRQHandler                 0x080001db   Thumb Code     0  startup_stm32f429xx.o(.text)
    OTG_HS_EP1_OUT_IRQHandler                0x080001db   Thumb Code     0  startup_stm32f429xx.o(.text)
    OTG_HS_IRQHandler                        0x080001db   Thumb Code     0  startup_stm32f429xx.o(.text)
    OTG_HS_WKUP_IRQHandler                   0x080001db   Thumb Code     0  startup_stm32f429xx.o(.text)
    PVD_IRQHandler                           0x080001db   Thumb Code     0  startup_stm32f429xx.o(.text)
    RCC_IRQHandler                           0x080001db   Thumb Code     0  startup_stm32f429xx.o(.text)
    RTC_Alarm_IRQHandler                     0x080001db   Thumb Code     0  startup_stm32f429xx.o(.text)
    RTC_WKUP_IRQHandler                      0x080001db   Thumb Code     0  startup_stm32f429xx.o(.text)
    SAI1_IRQHandler                          0x080001db   Thumb Code     0  startup_stm32f429xx.o(.text)
    SDIO_IRQHandler                          0x080001db   Thumb Code     0  startup_stm32f429xx.o(.text)
    SPI1_IRQHandler                          0x080001db   Thumb Code     0  startup_stm32f429xx.o(.text)
    SPI2_IRQHandler                          0x080001db   Thumb Code     0  startup_stm32f429xx.o(.text)
    SPI3_IRQHandler                          0x080001db   Thumb Code     0  startup_stm32f429xx.o(.text)
    SPI4_IRQHandler                          0x080001db   Thumb Code     0  startup_stm32f429xx.o(.text)
    SPI5_IRQHandler                          0x080001db   Thumb Code     0  startup_stm32f429xx.o(.text)
    SPI6_IRQHandler                          0x080001db   Thumb Code     0  startup_stm32f429xx.o(.text)
    TAMP_STAMP_IRQHandler                    0x080001db   Thumb Code     0  startup_stm32f429xx.o(.text)
    TIM1_BRK_TIM9_IRQHandler                 0x080001db   Thumb Code     0  startup_stm32f429xx.o(.text)
    TIM1_CC_IRQHandler                       0x080001db   Thumb Code     0  startup_stm32f429xx.o(.text)
    TIM1_TRG_COM_TIM11_IRQHandler            0x080001db   Thumb Code     0  startup_stm32f429xx.o(.text)
    TIM1_UP_TIM10_IRQHandler                 0x080001db   Thumb Code     0  startup_stm32f429xx.o(.text)
    TIM2_IRQHandler                          0x080001db   Thumb Code     0  startup_stm32f429xx.o(.text)
    TIM3_IRQHandler                          0x080001db   Thumb Code     0  startup_stm32f429xx.o(.text)
    TIM4_IRQHandler                          0x080001db   Thumb Code     0  startup_stm32f429xx.o(.text)
    TIM5_IRQHandler                          0x080001db   Thumb Code     0  startup_stm32f429xx.o(.text)
    TIM6_DAC_IRQHandler                      0x080001db   Thumb Code     0  startup_stm32f429xx.o(.text)
    TIM7_IRQHandler                          0x080001db   Thumb Code     0  startup_stm32f429xx.o(.text)
    TIM8_BRK_TIM12_IRQHandler                0x080001db   Thumb Code     0  startup_stm32f429xx.o(.text)
    TIM8_CC_IRQHandler                       0x080001db   Thumb Code     0  startup_stm32f429xx.o(.text)
    TIM8_TRG_COM_TIM14_IRQHandler            0x080001db   Thumb Code     0  startup_stm32f429xx.o(.text)
    TIM8_UP_TIM13_IRQHandler                 0x080001db   Thumb Code     0  startup_stm32f429xx.o(.text)
    UART4_IRQHandler                         0x080001db   Thumb Code     0  startup_stm32f429xx.o(.text)
    UART5_IRQHandler                         0x080001db   Thumb Code     0  startup_stm32f429xx.o(.text)
    UART7_IRQHandler                         0x080001db   Thumb Code     0  startup_stm32f429xx.o(.text)
    UART8_IRQHandler                         0x080001db   Thumb Code     0  startup_stm32f429xx.o(.text)
    USART1_IRQHandler                        0x080001db   Thumb Code     0  startup_stm32f429xx.o(.text)
    USART2_IRQHandler                        0x080001db   Thumb Code     0  startup_stm32f429xx.o(.text)
    USART3_IRQHandler                        0x080001db   Thumb Code     0  startup_stm32f429xx.o(.text)
    WWDG_IRQHandler                          0x080001db   Thumb Code     0  startup_stm32f429xx.o(.text)
    __scatterload                            0x080001e5   Thumb Code    28  init.o(.text)
    __scatterload_rt2                        0x080001e5   Thumb Code     0  init.o(.text)
    __aeabi_uldivmod                         0x08000209   Thumb Code    98  uldiv.o(.text)
    __aeabi_memcpy                           0x0800026b   Thumb Code    36  memcpya.o(.text)
    __aeabi_memcpy4                          0x0800026b   Thumb Code     0  memcpya.o(.text)
    __aeabi_memcpy8                          0x0800026b   Thumb Code     0  memcpya.o(.text)
    __aeabi_memset                           0x0800028f   Thumb Code    14  memseta.o(.text)
    __aeabi_memset4                          0x0800028f   Thumb Code     0  memseta.o(.text)
    __aeabi_memset8                          0x0800028f   Thumb Code     0  memseta.o(.text)
    __aeabi_memclr                           0x0800029d   Thumb Code     4  memseta.o(.text)
    __aeabi_memclr4                          0x0800029d   Thumb Code     0  memseta.o(.text)
    __aeabi_memclr8                          0x0800029d   Thumb Code     0  memseta.o(.text)
    _memset$wrapper                          0x080002a1   Thumb Code    18  memseta.o(.text)
    __aeabi_llsl                             0x080002b3   Thumb Code    30  llshl.o(.text)
    _ll_shift_l                              0x080002b3   Thumb Code     0  llshl.o(.text)
    __aeabi_llsr                             0x080002d1   Thumb Code    32  llushr.o(.text)
    _ll_ushift_r                             0x080002d1   Thumb Code     0  llushr.o(.text)
    BusFault_Handler                         0x080002f1   Thumb Code     2  lto-llvm-2cf59e.o(.text.BusFault_Handler)
    DMA2_Stream1_IRQHandler                  0x080002f5   Thumb Code    12  lto-llvm-2cf59e.o(.text.DMA2_Stream1_IRQHandler)
    DMA2_Stream6_IRQHandler                  0x08000301   Thumb Code    12  lto-llvm-2cf59e.o(.text.DMA2_Stream6_IRQHandler)
    DebugMon_Handler                         0x0800030d   Thumb Code     2  lto-llvm-2cf59e.o(.text.DebugMon_Handler)
    EXTI3_IRQHandler                         0x08000311   Thumb Code    20  lto-llvm-2cf59e.o(.text.EXTI3_IRQHandler)
    EXTI4_IRQHandler                         0x08000325   Thumb Code    20  lto-llvm-2cf59e.o(.text.EXTI4_IRQHandler)
    HardFault_Handler                        0x08000ae1   Thumb Code     2  lto-llvm-2cf59e.o(.text.HardFault_Handler)
    MemManage_Handler                        0x08000ae5   Thumb Code     2  lto-llvm-2cf59e.o(.text.MemManage_Handler)
    NMI_Handler                              0x08000ae9   Thumb Code     2  lto-llvm-2cf59e.o(.text.NMI_Handler)
    PendSV_Handler                           0x08000af1   Thumb Code   100  lto-llvm-2cf59e.o(.text.PendSV_Handler)
    SVC_Handler                              0x08000b61   Thumb Code    36  lto-llvm-2cf59e.o(.text.SVC_Handler)
    SysTick_Handler                          0x08000b95   Thumb Code    86  lto-llvm-2cf59e.o(.text.SysTick_Handler)
    SystemInit                               0x08000bed   Thumb Code    18  lto-llvm-2cf59e.o(.text.SystemInit)
    USART6_IRQHandler                        0x08000f21   Thumb Code  1540  lto-llvm-2cf59e.o(.text.USART6_IRQHandler)
    UsageFault_Handler                       0x08001525   Thumb Code     2  lto-llvm-2cf59e.o(.text.UsageFault_Handler)
    main                                     0x08001529   Thumb Code  1504  lto-llvm-2cf59e.o(.text.main)
    vTaskSwitchContext                       0x08003985   Thumb Code   198  lto-llvm-2cf59e.o(.text.vTaskSwitchContext)
    __scatterload_copy                       0x080041ab   Thumb Code    14  handlers.o(i.__scatterload_copy)
    __scatterload_null                       0x080041b9   Thumb Code     2  handlers.o(i.__scatterload_null)
    __scatterload_zeroinit                   0x080041bb   Thumb Code    14  handlers.o(i.__scatterload_zeroinit)
    Region$$Table$$Base                      0x080041c8   Number         0  anon$$obj.o(Region$$Table)
    Region$$Table$$Limit                     0x080041e8   Number         0  anon$$obj.o(Region$$Table)
    __initial_sp                             0x20004ea8   Data           0  startup_stm32f429xx.o(STACK)



==============================================================================

Memory Map of the image

  Image Entry point : 0x080001ad

  Load Region LR_IROM1 (Base: 0x08000000, Size: 0x000041f0, Max: 0x00200000, ABSOLUTE)

    Execution Region ER_IROM1 (Exec base: 0x08000000, Load base: 0x08000000, Size: 0x000041e8, Max: 0x00200000, ABSOLUTE)

    Exec Addr    Load Addr    Size         Type   Attr      Idx    E Section Name        Object

    0x08000000   0x08000000   0x000001ac   Data   RO            3    RESET               startup_stm32f429xx.o
    0x080001ac   0x080001ac   0x00000000   Code   RO           45  * .ARM.Collect$$$$00000000  mc_w.l(entry.o)
    0x080001ac   0x080001ac   0x00000004   Code   RO           50    .ARM.Collect$$$$00000001  mc_w.l(entry2.o)
    0x080001b0   0x080001b0   0x00000004   Code   RO           53    .ARM.Collect$$$$00000004  mc_w.l(entry5.o)
    0x080001b4   0x080001b4   0x00000000   Code   RO           55    .ARM.Collect$$$$00000008  mc_w.l(entry7b.o)
    0x080001b4   0x080001b4   0x00000000   Code   RO           57    .ARM.Collect$$$$0000000A  mc_w.l(entry8b.o)
    0x080001b4   0x080001b4   0x00000008   Code   RO           58    .ARM.Collect$$$$0000000B  mc_w.l(entry9a.o)
    0x080001bc   0x080001bc   0x00000000   Code   RO           60    .ARM.Collect$$$$0000000D  mc_w.l(entry10a.o)
    0x080001bc   0x080001bc   0x00000000   Code   RO           62    .ARM.Collect$$$$0000000F  mc_w.l(entry11a.o)
    0x080001bc   0x080001bc   0x00000004   Code   RO           51    .ARM.Collect$$$$00002712  mc_w.l(entry2.o)
    0x080001c0   0x080001c0   0x00000024   Code   RO            4    .text               startup_stm32f429xx.o
    0x080001e4   0x080001e4   0x00000024   Code   RO           64    .text               mc_w.l(init.o)
    0x08000208   0x08000208   0x00000062   Code   RO          218    .text               mc_w.l(uldiv.o)
    0x0800026a   0x0800026a   0x00000024   Code   RO          220    .text               mc_w.l(memcpya.o)
    0x0800028e   0x0800028e   0x00000024   Code   RO          222    .text               mc_w.l(memseta.o)
    0x080002b2   0x080002b2   0x0000001e   Code   RO          226    .text               mc_w.l(llshl.o)
    0x080002d0   0x080002d0   0x00000020   Code   RO          228    .text               mc_w.l(llushr.o)
    0x080002f0   0x080002f0   0x00000002   Code   RO           79    .text.BusFault_Handler  lto-llvm-2cf59e.o
    0x080002f2   0x080002f2   0x00000002   PAD
    0x080002f4   0x080002f4   0x0000000c   Code   RO           91    .text.DMA2_Stream1_IRQHandler  lto-llvm-2cf59e.o
    0x08000300   0x08000300   0x0000000c   Code   RO           93    .text.DMA2_Stream6_IRQHandler  lto-llvm-2cf59e.o
    0x0800030c   0x0800030c   0x00000002   Code   RO           83    .text.DebugMon_Handler  lto-llvm-2cf59e.o
    0x0800030e   0x0800030e   0x00000002   PAD
    0x08000310   0x08000310   0x00000014   Code   RO           87    .text.EXTI3_IRQHandler  lto-llvm-2cf59e.o
    0x08000324   0x08000324   0x00000014   Code   RO           89    .text.EXTI4_IRQHandler  lto-llvm-2cf59e.o
    0x08000338   0x08000338   0x000001be   Code   RO          101    .text.HAL_DMA_IRQHandler  lto-llvm-2cf59e.o
    0x080004f6   0x080004f6   0x00000002   PAD
    0x080004f8   0x080004f8   0x00000174   Code   RO           99    .text.HAL_DMA_Init  lto-llvm-2cf59e.o
    0x0800066c   0x0800066c   0x000001a4   Code   RO           97    .text.HAL_GPIO_Init  lto-llvm-2cf59e.o
    0x08000810   0x08000810   0x000002d0   Code   RO          103    .text.HAL_UART_Init  lto-llvm-2cf59e.o
    0x08000ae0   0x08000ae0   0x00000002   Code   RO           75    .text.HardFault_Handler  lto-llvm-2cf59e.o
    0x08000ae2   0x08000ae2   0x00000002   PAD
    0x08000ae4   0x08000ae4   0x00000002   Code   RO           77    .text.MemManage_Handler  lto-llvm-2cf59e.o
    0x08000ae6   0x08000ae6   0x00000002   PAD
    0x08000ae8   0x08000ae8   0x00000002   Code   RO           73    .text.NMI_Handler   lto-llvm-2cf59e.o
    0x08000aea   0x08000aea   0x00000006   PAD
    0x08000af0   0x08000af0   0x00000064   Code   RO          153    .text.PendSV_Handler  lto-llvm-2cf59e.o
    0x08000b54   0x08000b54   0x0000000c   PAD
    0x08000b60   0x08000b60   0x00000024   Code   RO          147    .text.SVC_Handler   lto-llvm-2cf59e.o
    0x08000b84   0x08000b84   0x00000010   Code   RO           71    .text.StartDefaultTask  lto-llvm-2cf59e.o
    0x08000b94   0x08000b94   0x00000056   Code   RO           85    .text.SysTick_Handler  lto-llvm-2cf59e.o
    0x08000bea   0x08000bea   0x00000002   PAD
    0x08000bec   0x08000bec   0x00000012   Code   RO          115    .text.SystemInit    lto-llvm-2cf59e.o
    0x08000bfe   0x08000bfe   0x00000002   PAD
    0x08000c00   0x08000c00   0x0000000a   Code   RO          113    .text.UART_DMAAbortOnError  lto-llvm-2cf59e.o
    0x08000c0a   0x08000c0a   0x00000002   PAD
    0x08000c0c   0x08000c0c   0x0000017a   Code   RO          109    .text.UART_DMAError  lto-llvm-2cf59e.o
    0x08000d86   0x08000d86   0x00000002   PAD
    0x08000d88   0x08000d88   0x000000ac   Code   RO          105    .text.UART_DMATransmitCplt  lto-llvm-2cf59e.o
    0x08000e34   0x08000e34   0x00000002   Code   RO          107    .text.UART_DMATxHalfCplt  lto-llvm-2cf59e.o
    0x08000e36   0x08000e36   0x00000002   PAD
    0x08000e38   0x08000e38   0x000000e8   Code   RO          111    .text.UART_Receive_IT  lto-llvm-2cf59e.o
    0x08000f20   0x08000f20   0x00000604   Code   RO           95    .text.USART6_IRQHandler  lto-llvm-2cf59e.o
    0x08001524   0x08001524   0x00000002   Code   RO           81    .text.UsageFault_Handler  lto-llvm-2cf59e.o
    0x08001526   0x08001526   0x00000002   PAD
    0x08001528   0x08001528   0x00000608   Code   RO           69    .text.main          lto-llvm-2cf59e.o
    0x08001b30   0x08001b30   0x00000536   Code   RO          125    .text.prvAddNewTaskToReadyList  lto-llvm-2cf59e.o
    0x08002066   0x08002066   0x00000002   PAD
    0x08002068   0x08002068   0x00000122   Code   RO          135    .text.prvIdleTask   lto-llvm-2cf59e.o
    0x0800218a   0x0800218a   0x00000002   PAD
    0x0800218c   0x0800218c   0x00000136   Code   RO          123    .text.prvInitialiseNewTask  lto-llvm-2cf59e.o
    0x080022c2   0x080022c2   0x00000002   PAD
    0x080022c4   0x080022c4   0x00000028   Code   RO          151    .text.prvPortStartFirstTask  lto-llvm-2cf59e.o
    0x080022ec   0x080022ec   0x0000003e   Code   RO          145    .text.prvTaskExitError  lto-llvm-2cf59e.o
    0x0800232a   0x0800232a   0x00000002   PAD
    0x0800232c   0x0800232c   0x0000097a   Code   RO          139    .text.prvTimerTask  lto-llvm-2cf59e.o
    0x08002ca6   0x08002ca6   0x00000002   PAD
    0x08002ca8   0x08002ca8   0x0000014e   Code   RO          119    .text.prvUnlockQueue  lto-llvm-2cf59e.o
    0x08002df6   0x08002df6   0x00000002   PAD
    0x08002df8   0x08002df8   0x00000220   Code   RO          141    .text.pvPortMalloc  lto-llvm-2cf59e.o
    0x08003018   0x08003018   0x000001a4   Code   RO           67    .text.taskSYN6288   lto-llvm-2cf59e.o
    0x080031bc   0x080031bc   0x00000014   Code   RO          149    .text.vPortEnableVFP  lto-llvm-2cf59e.o
    0x080031d0   0x080031d0   0x000000f8   Code   RO          143    .text.vPortFree     lto-llvm-2cf59e.o
    0x080032c8   0x080032c8   0x00000182   Code   RO          131    .text.vTaskDelay    lto-llvm-2cf59e.o
    0x0800344a   0x0800344a   0x00000002   PAD
    0x0800344c   0x0800344c   0x00000538   Code   RO          133    .text.vTaskStartScheduler  lto-llvm-2cf59e.o
    0x08003984   0x08003984   0x000000c6   Code   RO          121    .text.vTaskSwitchContext  lto-llvm-2cf59e.o
    0x08003a4a   0x08003a4a   0x00000002   PAD
    0x08003a4c   0x08003a4c   0x00000232   Code   RO          117    .text.xQueueGenericSend  lto-llvm-2cf59e.o
    0x08003c7e   0x08003c7e   0x00000002   PAD
    0x08003c80   0x08003c80   0x000001b2   Code   RO          129    .text.xTaskIncrementTick  lto-llvm-2cf59e.o
    0x08003e32   0x08003e32   0x00000002   PAD
    0x08003e34   0x08003e34   0x000000f2   Code   RO          137    .text.xTaskRemoveFromEventList  lto-llvm-2cf59e.o
    0x08003f26   0x08003f26   0x00000002   PAD
    0x08003f28   0x08003f28   0x00000282   Code   RO          127    .text.xTaskResumeAll  lto-llvm-2cf59e.o
    0x080041aa   0x080041aa   0x0000000e   Code   RO          232    i.__scatterload_copy  mc_w.l(handlers.o)
    0x080041b8   0x080041b8   0x00000002   Code   RO          233    i.__scatterload_null  mc_w.l(handlers.o)
    0x080041ba   0x080041ba   0x0000000e   Code   RO          234    i.__scatterload_zeroinit  mc_w.l(handlers.o)
    0x080041c8   0x080041c8   0x00000020   Data   RO          231    Region$$Table       anon$$obj.o


    Execution Region RW_IRAM2 (Exec base: 0x10000000, Load base: 0x080041f0, Size: 0x00000000, Max: 0x00010000, ABSOLUTE)

    **** No section assigned to this execution region ****


    Execution Region RW_IRAM1 (Exec base: 0x20000000, Load base: 0x080041e8, Size: 0x00004ea8, Max: 0x00030000, ABSOLUTE)

    Exec Addr    Load Addr    Size         Type   Attr      Idx    E Section Name        Object

    0x20000000   0x080041e8   0x00000004   Data   RW          210    .data.SystemCoreClock  lto-llvm-2cf59e.o
    0x20000004   0x080041ec   0x00000004   Data   RW          209    .data.uxCriticalNesting  lto-llvm-2cf59e.o
    0x20000008        -       0x00000004   Zero   RW          196    .bss.KernelState    lto-llvm-2cf59e.o
    0x2000000c        -       0x00000004   Zero   RW          158    .bss.defaultTaskHandle  lto-llvm-2cf59e.o
    0x20000010        -       0x00000004   Zero   RW          156    .bss.handleSYN6288  lto-llvm-2cf59e.o
    0x20000014        -       0x00000060   Zero   RW          160    .bss.hdma_usart6_rx  lto-llvm-2cf59e.o
    0x20000074        -       0x00000060   Zero   RW          161    .bss.hdma_usart6_tx  lto-llvm-2cf59e.o
    0x200000d4        -       0x00000044   Zero   RW          159    .bss.huart3         lto-llvm-2cf59e.o
    0x20000118        -       0x00000044   Zero   RW          162    .bss.huart6         lto-llvm-2cf59e.o
    0x2000015c        -       0x000000a0   Zero   RW          195    .bss.prvCheckForValidListAndQueue.ucStaticTimerQueueStorage  lto-llvm-2cf59e.o
    0x200001fc        -       0x00000050   Zero   RW          194    .bss.prvCheckForValidListAndQueue.xStaticTimerQueue  lto-llvm-2cf59e.o
    0x2000024c        -       0x00000004   Zero   RW          191    .bss.prvSampleTimeNow.xLastTime  lto-llvm-2cf59e.o
    0x20000250        -       0x00000004   Zero   RW          166    .bss.pxCurrentTCB   lto-llvm-2cf59e.o
    0x20000254        -       0x00000004   Zero   RW          189    .bss.pxCurrentTimerList  lto-llvm-2cf59e.o
    0x20000258        -       0x00000004   Zero   RW          174    .bss.pxDelayedTaskList  lto-llvm-2cf59e.o
    0x2000025c        -       0x00000004   Zero   RW          201    .bss.pxEnd          lto-llvm-2cf59e.o
    0x20000260        -       0x00000004   Zero   RW          175    .bss.pxOverflowDelayedTaskList  lto-llvm-2cf59e.o
    0x20000264        -       0x00000004   Zero   RW          190    .bss.pxOverflowTimerList  lto-llvm-2cf59e.o
    0x20000268        -       0x00000460   Zero   RW          177    .bss.pxReadyTasksLists  lto-llvm-2cf59e.o
    0x200006c8        -       0x00003c00   Zero   RW          208    .bss.ucHeap         lto-llvm-2cf59e.o
    0x200042c8        -       0x00000004   Zero   RW          164    .bss.uwTick         lto-llvm-2cf59e.o
    0x200042cc        -       0x00000001   Zero   RW          163    .bss.uwTickPrio     lto-llvm-2cf59e.o
    0x200042cd   0x080041f0   0x00000003   PAD
    0x200042d0        -       0x00000004   Zero   RW          170    .bss.uxCurrentNumberOfTasks  lto-llvm-2cf59e.o
    0x200042d4        -       0x00000004   Zero   RW          169    .bss.uxDeletedTasksWaitingCleanUp  lto-llvm-2cf59e.o
    0x200042d8        -       0x00000004   Zero   RW          172    .bss.uxSchedulerSuspended  lto-llvm-2cf59e.o
    0x200042dc        -       0x00000004   Zero   RW          167    .bss.uxTaskNumber   lto-llvm-2cf59e.o
    0x200042e0        -       0x00000004   Zero   RW          178    .bss.uxTopReadyPriority  lto-llvm-2cf59e.o
    0x200042e4        -       0x00000200   Zero   RW          198    .bss.vApplicationGetIdleTaskMemory.Idle_Stack  lto-llvm-2cf59e.o
    0x200044e4        -       0x0000005c   Zero   RW          197    .bss.vApplicationGetIdleTaskMemory.Idle_TCB  lto-llvm-2cf59e.o
    0x20004540        -       0x00000400   Zero   RW          200    .bss.vApplicationGetTimerTaskMemory.Timer_Stack  lto-llvm-2cf59e.o
    0x20004940        -       0x0000005c   Zero   RW          199    .bss.vApplicationGetTimerTaskMemory.Timer_TCB  lto-llvm-2cf59e.o
    0x2000499c        -       0x00000014   Zero   RW          192    .bss.xActiveTimerList1  lto-llvm-2cf59e.o
    0x200049b0        -       0x00000014   Zero   RW          193    .bss.xActiveTimerList2  lto-llvm-2cf59e.o
    0x200049c4        -       0x00000001   Zero   RW          202    .bss.xBlockAllocatedBit  lto-llvm-2cf59e.o
    0x200049c5   0x080041f0   0x00000003   PAD
    0x200049c8        -       0x00000014   Zero   RW          185    .bss.xDelayedTaskList1  lto-llvm-2cf59e.o
    0x200049dc        -       0x00000014   Zero   RW          186    .bss.xDelayedTaskList2  lto-llvm-2cf59e.o
    0x200049f0        -       0x00000004   Zero   RW          203    .bss.xFreeBytesRemaining  lto-llvm-2cf59e.o
    0x200049f4        -       0x00000004   Zero   RW          180    .bss.xIdleTaskHandle  lto-llvm-2cf59e.o
    0x200049f8        -       0x00000004   Zero   RW          205    .bss.xMinimumEverFreeBytesRemaining  lto-llvm-2cf59e.o
    0x200049fc        -       0x00000004   Zero   RW          181    .bss.xNextTaskUnblockTime  lto-llvm-2cf59e.o
    0x20004a00        -       0x00000004   Zero   RW          184    .bss.xNumOfOverflows  lto-llvm-2cf59e.o
    0x20004a04        -       0x00000004   Zero   RW          206    .bss.xNumberOfSuccessfulAllocations  lto-llvm-2cf59e.o
    0x20004a08        -       0x00000004   Zero   RW          207    .bss.xNumberOfSuccessfulFrees  lto-llvm-2cf59e.o
    0x20004a0c        -       0x00000004   Zero   RW          183    .bss.xPendedTicks   lto-llvm-2cf59e.o
    0x20004a10        -       0x00000014   Zero   RW          179    .bss.xPendingReadyList  lto-llvm-2cf59e.o
    0x20004a24        -       0x00000040   Zero   RW          165    .bss.xQueueRegistry  lto-llvm-2cf59e.o
    0x20004a64        -       0x00000004   Zero   RW          171    .bss.xSchedulerRunning  lto-llvm-2cf59e.o
    0x20004a68        -       0x00000008   Zero   RW          204    .bss.xStart         lto-llvm-2cf59e.o
    0x20004a70        -       0x00000014   Zero   RW          176    .bss.xSuspendedTaskList  lto-llvm-2cf59e.o
    0x20004a84        -       0x00000014   Zero   RW          168    .bss.xTasksWaitingTermination  lto-llvm-2cf59e.o
    0x20004a98        -       0x00000004   Zero   RW          173    .bss.xTickCount     lto-llvm-2cf59e.o
    0x20004a9c        -       0x00000004   Zero   RW          187    .bss.xTimerQueue    lto-llvm-2cf59e.o
    0x20004aa0        -       0x00000004   Zero   RW          188    .bss.xTimerTaskHandle  lto-llvm-2cf59e.o
    0x20004aa4        -       0x00000004   Zero   RW          182    .bss.xYieldPending  lto-llvm-2cf59e.o
    0x20004aa8        -       0x00000400   Zero   RW            1    STACK               startup_stm32f429xx.o


==============================================================================

Image component sizes


      Code (inc. data)   RO Data    RW Data    ZI Data      Debug   Object Name

     15996        110          0          8      19098     104828   lto-llvm-2cf59e.o
        36          8        428          0       1024        828   startup_stm32f429xx.o

    ----------------------------------------------------------------------
     16094        130        460          8      20128     105656   Object Totals
         0          0         32          0          0          0   (incl. Generated)
        62         12          0          0          6          0   (incl. Padding)

    ----------------------------------------------------------------------

      Code (inc. data)   RO Data    RW Data    ZI Data      Debug   Library Member Name

         0          0          0          0          0          0   entry.o
         0          0          0          0          0          0   entry10a.o
         0          0          0          0          0          0   entry11a.o
         8          4          0          0          0          0   entry2.o
         4          0          0          0          0          0   entry5.o
         0          0          0          0          0          0   entry7b.o
         0          0          0          0          0          0   entry8b.o
         8          4          0          0          0          0   entry9a.o
        30          0          0          0          0          0   handlers.o
        36          8          0          0          0         68   init.o
        30          0          0          0          0         68   llshl.o
        32          0          0          0          0         68   llushr.o
        36          0          0          0          0         68   memcpya.o
        36          0          0          0          0        108   memseta.o
        98          0          0          0          0         92   uldiv.o

    ----------------------------------------------------------------------
       318         16          0          0          0        472   Library Totals
         0          0          0          0          0          0   (incl. Padding)

    ----------------------------------------------------------------------

      Code (inc. data)   RO Data    RW Data    ZI Data      Debug   Library Name

       318         16          0          0          0        472   mc_w.l

    ----------------------------------------------------------------------
       318         16          0          0          0        472   Library Totals

    ----------------------------------------------------------------------

==============================================================================


      Code (inc. data)   RO Data    RW Data    ZI Data      Debug   

     16412        146        460          8      20128     106176   Grand Totals
     16412        146        460          8      20128     106176   ELF Image Totals
     16412        146        460          8          0          0   ROM Totals

==============================================================================

    Total RO  Size (Code + RO Data)                16872 (  16.48kB)
    Total RW  Size (RW Data + ZI Data)             20136 (  19.66kB)
    Total ROM Size (Code + RO Data + RW Data)      16880 (  16.48kB)

==============================================================================

