Component: Arm Compiler for Embedded 6.19 Tool: armlink [5e73cb00]

==============================================================================

Section Cross References

    startup_stm32f429xx.o(RESET) refers to startup_stm32f429xx.o(STACK) for __initial_sp
    startup_stm32f429xx.o(RESET) refers to startup_stm32f429xx.o(.text) for Reset_Handler
    startup_stm32f429xx.o(RESET) refers to stm32f4xx_it.o(.text.NMI_Handler) for NMI_Handler
    startup_stm32f429xx.o(RESET) refers to stm32f4xx_it.o(.text.HardFault_Handler) for HardFault_Handler
    startup_stm32f429xx.o(RESET) refers to stm32f4xx_it.o(.text.MemManage_Handler) for MemManage_Handler
    startup_stm32f429xx.o(RESET) refers to stm32f4xx_it.o(.text.BusFault_Handler) for BusFault_Handler
    startup_stm32f429xx.o(RESET) refers to stm32f4xx_it.o(.text.UsageFault_Handler) for UsageFault_Handler
    startup_stm32f429xx.o(RESET) refers to port.o(.text.SVC_Handler) for SVC_Handler
    startup_stm32f429xx.o(RESET) refers to stm32f4xx_it.o(.text.DebugMon_Handler) for DebugMon_Handler
    startup_stm32f429xx.o(RESET) refers to port.o(.text.PendSV_Handler) for PendSV_Handler
    startup_stm32f429xx.o(RESET) refers to stm32f4xx_it.o(.text.SysTick_Handler) for SysTick_Handler
    startup_stm32f429xx.o(RESET) refers to stm32f4xx_it.o(.text.EXTI3_IRQHandler) for EXTI3_IRQHandler
    startup_stm32f429xx.o(RESET) refers to stm32f4xx_it.o(.text.EXTI4_IRQHandler) for EXTI4_IRQHandler
    startup_stm32f429xx.o(RESET) refers to stm32f4xx_it.o(.text.EXTI9_5_IRQHandler) for EXTI9_5_IRQHandler
    startup_stm32f429xx.o(RESET) refers to stm32f4xx_it.o(.text.ETH_IRQHandler) for ETH_IRQHandler
    startup_stm32f429xx.o(.text) refers to system_stm32f4xx.o(.text.SystemInit) for SystemInit
    startup_stm32f429xx.o(.text) refers to entry.o(.ARM.Collect$$$$00000000) for __main
    main.o(.text.fputc) refers to usart.o(.bss.huart3) for huart3
    main.o(.text.fputc) refers to stm32f4xx_hal_uart.o(.text.HAL_UART_Transmit) for HAL_UART_Transmit
    main.o(.ARM.exidx.text.fputc) refers to main.o(.text.fputc) for [Anonymous Symbol]
    main.o(.text.taskST7789) refers to main.o(.bss..L_MergedGlobals) for .L_MergedGlobals
    main.o(.text.taskST7789) refers to main.o(.data.imageArray) for imageArray
    main.o(.text.taskST7789) refers to tasks.o(.text.vTaskDelay) for vTaskDelay
    main.o(.text.taskST7789) refers to lcd.o(.text.LCD_ShowPicture) for LCD_ShowPicture
    main.o(.ARM.exidx.text.taskST7789) refers to main.o(.text.taskST7789) for [Anonymous Symbol]
    main.o(.text.taskTCP_Init) refers to api_lib.o(.text.netconn_new_with_proto_and_callback) for netconn_new_with_proto_and_callback
    main.o(.text.taskTCP_Init) refers to main.o(.bss..L_MergedGlobals) for .L_MergedGlobals
    main.o(.text.taskTCP_Init) refers to ip4_addr.o(.rodata.ip_addr_any) for ip_addr_any
    main.o(.text.taskTCP_Init) refers to api_lib.o(.text.netconn_bind) for netconn_bind
    main.o(.text.taskTCP_Init) refers to api_lib.o(.text.netconn_delete) for netconn_delete
    main.o(.text.taskTCP_Init) refers to api_lib.o(.text.netconn_connect) for netconn_connect
    main.o(.text.taskTCP_Init) refers to api_lib.o(.text.netconn_close) for netconn_close
    main.o(.text.taskTCP_Init) refers to queue.o(.text.xQueueGenericSend) for xQueueGenericSend
    main.o(.text.taskTCP_Init) refers to main.o(.bss.msgc) for msgc
    main.o(.text.taskTCP_Init) refers to main.o(.bss.smsgc) for smsgc
    main.o(.text.taskTCP_Init) refers to netbuf.o(.text.netbuf_delete) for netbuf_delete
    main.o(.text.taskTCP_Init) refers to api_lib.o(.text.netconn_recv) for netconn_recv
    main.o(.text.taskTCP_Init) refers to memseta.o(.text) for __aeabi_memclr4
    main.o(.text.taskTCP_Init) refers to netbuf.o(.text.netbuf_next) for netbuf_next
    main.o(.text.taskTCP_Init) refers to strncpy.o(.text) for strncpy
    main.o(.text.taskTCP_Init) refers to printf3.o(i.__0printf$3) for __2printf
    main.o(.text.taskTCP_Init) refers to printf3.o(i.__0snprintf$3) for __2snprintf
    main.o(.text.taskTCP_Init) refers to queue.o(.text.xQueueSemaphoreTake) for xQueueSemaphoreTake
    main.o(.text.taskTCP_Init) refers to strlen.o(.text) for strlen
    main.o(.text.taskTCP_Init) refers to api_lib.o(.text.netconn_write_partly) for netconn_write_partly
    main.o(.ARM.exidx.text.taskTCP_Init) refers to main.o(.text.taskTCP_Init) for [Anonymous Symbol]
    main.o(.text.sendPackage) refers to main.o(.bss..L_MergedGlobals) for .L_MergedGlobals
    main.o(.text.sendPackage) refers to strlen.o(.text) for strlen
    main.o(.text.sendPackage) refers to api_lib.o(.text.netconn_write_partly) for netconn_write_partly
    main.o(.text.sendPackage) refers to queue.o(.text.xQueueGenericSend) for xQueueGenericSend
    main.o(.ARM.exidx.text.sendPackage) refers to main.o(.text.sendPackage) for [Anonymous Symbol]
    main.o(.text.taskETH) refers to lwip.o(.text.MX_LWIP_Init) for MX_LWIP_Init
[...]
    tcp_eff_send_mss_netif                   0x0800cc95   Thumb Code    72  tcp.o(.text.tcp_eff_send_mss_netif)
    tcp_enqueue_flags                        0x0800cd05   Thumb Code   416  tcp_out.o(.text.tcp_enqueue_flags)
    tcp_err                                  0x0800cf19   Thumb Code    56  tcp.o(.text.tcp_err)
    tcp_fasttmr                              0x0800cf79   Thumb Code   288  tcp.o(.text.tcp_fasttmr)
    tcp_free                                 0x0800d099   Thumb Code    52  tcp.o(.text.tcp_free)
    tcp_free_ooseq                           0x0800d235   Thumb Code    44  tcp.o(.text.tcp_free_ooseq)
    tcp_init                                 0x0800d261   Thumb Code    22  tcp.o(.text.tcp_init)
    tcp_input                                0x0800d279   Thumb Code  1364  tcp_in.o(.text.tcp_input)
    tcp_keepalive                            0x0800d88d   Thumb Code   280  tcp_out.o(.text.tcp_keepalive)
    tcp_netif_ip_addr_changed                0x0800daed   Thumb Code   160  tcp.o(.text.tcp_netif_ip_addr_changed)
    tcp_new_ip_type                          0x0800db8d   Thumb Code     6  tcp.o(.text.tcp_new_ip_type)
    tcp_next_iss                             0x0800db95   Thumb Code    56  tcp.o(.text.tcp_next_iss)
    tcp_output                               0x0800dc75   Thumb Code   948  tcp_out.o(.text.tcp_output)
    tcp_pcb_purge                            0x0800e311   Thumb Code   188  tcp.o(.text.tcp_pcb_purge)
    tcp_pcb_remove                           0x0800e3e9   Thumb Code   276  tcp.o(.text.tcp_pcb_remove)
    tcp_poll                                 0x0800e585   Thumb Code    80  tcp.o(.text.tcp_poll)
    tcp_process_refused_data                 0x0800ebe9   Thumb Code   164  tcp.o(.text.tcp_process_refused_data)
    tcp_recv                                 0x0800f61d   Thumb Code    56  tcp.o(.text.tcp_recv)
    tcp_recv_null                            0x0800f67d   Thumb Code    96  tcp.o(.text.tcp_recv_null)
    tcp_recved                               0x0800f6f9   Thumb Code   216  tcp.o(.text.tcp_recved)
    tcp_rexmit                               0x0800f811   Thumb Code   168  tcp_out.o(.text.tcp_rexmit)
    tcp_rexmit_fast                          0x0800f8d1   Thumb Code   124  tcp_out.o(.text.tcp_rexmit_fast)
    tcp_rexmit_rto                           0x0800f96d   Thumb Code   256  tcp_out.o(.text.tcp_rexmit_rto)
    tcp_rexmit_rto_commit                    0x0800fa89   Thumb Code    62  tcp_out.o(.text.tcp_rexmit_rto_commit)
    tcp_rexmit_rto_prepare                   0x0800fac9   Thumb Code   204  tcp_out.o(.text.tcp_rexmit_rto_prepare)
    tcp_rst                                  0x0800fbb9   Thumb Code   236  tcp_out.o(.text.tcp_rst)
    tcp_seg_copy                             0x0800fcdd   Thumb Code    68  tcp.o(.text.tcp_seg_copy)
    tcp_seg_free                             0x0800fd3d   Thumb Code    32  tcp.o(.text.tcp_seg_free)
    tcp_segs_free                            0x0800fd5d   Thumb Code    40  tcp.o(.text.tcp_segs_free)
    tcp_send_empty_ack                       0x0800fd85   Thumb Code   300  tcp_out.o(.text.tcp_send_empty_ack)
    tcp_send_fin                             0x0800fed1   Thumb Code   124  tcp_out.o(.text.tcp_send_fin)
    tcp_sent                                 0x0800ff69   Thumb Code    56  tcp.o(.text.tcp_sent)
    tcp_shutdown                             0x0800ffc9   Thumb Code   136  tcp.o(.text.tcp_shutdown)
    tcp_slowtmr                              0x0801006d   Thumb Code  1428  tcp.o(.text.tcp_slowtmr)
    tcp_split_unsent_seg                     0x08010689   Thumb Code   480  tcp_out.o(.text.tcp_split_unsent_seg)
    tcp_timer_needed                         0x080108d1   Thumb Code   222  timeouts.o(.text.tcp_timer_needed)
    tcp_tmr                                  0x08010a39   Thumb Code    34  tcp.o(.text.tcp_tmr)
    tcp_trigger_input_pcb_close              0x08010a5d   Thumb Code    18  tcp_in.o(.text.tcp_trigger_input_pcb_close)
    tcp_update_rcv_ann_wnd                   0x08010a71   Thumb Code   124  tcp.o(.text.tcp_update_rcv_ann_wnd)
    tcp_write                                0x08010b11   Thumb Code  1796  tcp_out.o(.text.tcp_write)
    tcp_zero_window_probe                    0x0801129d   Thumb Code   296  tcp_out.o(.text.tcp_zero_window_probe)
    tcpip_init                               0x080113e9   Thumb Code   124  tcpip.o(.text.tcpip_init)
    tcpip_input                              0x080114bd   Thumb Code   216  tcpip.o(.text.tcpip_input)
    tcpip_send_msg_wait_sem                  0x08011595   Thumb Code    36  tcpip.o(.text.tcpip_send_msg_wait_sem)
    tcpip_try_callback                       0x08011775   Thumb Code   126  tcpip.o(.text.tcpip_try_callback)
    udp_bind                                 0x080117f5   Thumb Code   380  udp.o(.text.udp_bind)
    udp_connect                              0x08011989   Thumb Code   436  udp.o(.text.udp_connect)
    udp_init                                 0x08011b75   Thumb Code    22  udp.o(.text.udp_init)
    udp_input                                0x08011b8d   Thumb Code   540  udp.o(.text.udp_input)
    udp_netif_ip_addr_changed                0x08011e21   Thumb Code   124  udp.o(.text.udp_netif_ip_addr_changed)
    udp_new_ip_type                          0x08011e9d   Thumb Code    38  udp.o(.text.udp_new_ip_type)
    udp_recv                                 0x08011ec5   Thumb Code    36  udp.o(.text.udp_recv)
    udp_remove                               0x08011f01   Thumb Code   112  udp.o(.text.udp_remove)
    uxListRemove                             0x08011f89   Thumb Code    36  list.o(.text.uxListRemove)
    uxQueueMessagesWaiting                   0x08011fad   Thumb Code    38  queue.o(.text.uxQueueMessagesWaiting)
    uxQueueMessagesWaitingFromISR            0x08011fd5   Thumb Code    26  queue.o(.text.uxQueueMessagesWaitingFromISR)
    vApplicationGetIdleTaskMemory            0x08011ff1   Thumb Code    26  cmsis_os2.o(.text.vApplicationGetIdleTaskMemory)
    vApplicationGetTimerTaskMemory           0x0801200d   Thumb Code    28  cmsis_os2.o(.text.vApplicationGetTimerTaskMemory)
    vListInitialise                          0x08012029   Thumb Code    22  list.o(.text.vListInitialise)
    vListInitialiseItem                      0x08012041   Thumb Code     6  list.o(.text.vListInitialiseItem)
    vListInsert                              0x08012049   Thumb Code    98  list.o(.text.vListInsert)
    vListInsertEnd                           0x080120ad   Thumb Code    28  list.o(.text.vListInsertEnd)
    vPortEnterCritical                       0x080120dd   Thumb Code    70  port.o(.text.vPortEnterCritical)
    vPortExitCritical                        0x08012125   Thumb Code    46  port.o(.text.vPortExitCritical)
    vPortFree                                0x08012155   Thumb Code   212  heap_4.o(.text.vPortFree)
    vPortSetupTimerInterrupt                 0x08012229   Thumb Code    52  port.o(.text.vPortSetupTimerInterrupt)
    vPortValidateInterruptPriority           0x0801225d   Thumb Code    94  port.o(.text.vPortValidateInterruptPriority)
    vQueueAddToRegistry                      0x080122bd   Thumb Code   176  queue.o(.text.vQueueAddToRegistry)
    vQueueDelete                             0x0801236d   Thumb Code   168  queue.o(.text.vQueueDelete)
    vQueueUnregisterQueue                    0x08012415   Thumb Code   192  queue.o(.text.vQueueUnregisterQueue)
    vQueueWaitForMessageRestricted           0x080124d5   Thumb Code    82  queue.o(.text.vQueueWaitForMessageRestricted)
    vTaskDelay                               0x08012529   Thumb Code   128  tasks.o(.text.vTaskDelay)
    vTaskInternalSetTimeOutState             0x080125a9   Thumb Code    18  tasks.o(.text.vTaskInternalSetTimeOutState)
    vTaskMissedYield                         0x080125bd   Thumb Code    14  tasks.o(.text.vTaskMissedYield)
    vTaskPlaceOnEventList                    0x080125cd   Thumb Code   116  tasks.o(.text.vTaskPlaceOnEventList)
    vTaskPlaceOnEventListRestricted          0x08012641   Thumb Code   122  tasks.o(.text.vTaskPlaceOnEventListRestricted)
    vTaskPriorityDisinheritAfterTimeout      0x080126bd   Thumb Code   162  tasks.o(.text.vTaskPriorityDisinheritAfterTimeout)
    vTaskStartScheduler                      0x08012761   Thumb Code   232  tasks.o(.text.vTaskStartScheduler)
    vTaskSuspendAll                          0x08012851   Thumb Code    16  tasks.o(.text.vTaskSuspendAll)
    vTaskSwitchContext                       0x08012861   Thumb Code   188  tasks.o(.text.vTaskSwitchContext)
    xPortStartScheduler                      0x0801291d   Thumb Code   388  port.o(.text.xPortStartScheduler)
    xPortSysTickHandler                      0x08012aa1   Thumb Code    46  port.o(.text.xPortSysTickHandler)
    xQueueCreateCountingSemaphore            0x08012ad1   Thumb Code    68  queue.o(.text.xQueueCreateCountingSemaphore)
    xQueueCreateCountingSemaphoreStatic      0x08012b15   Thumb Code   194  queue.o(.text.xQueueCreateCountingSemaphoreStatic)
    xQueueCreateMutex                        0x08012bd9   Thumb Code   112  queue.o(.text.xQueueCreateMutex)
    xQueueCreateMutexStatic                  0x08012c49   Thumb Code   162  queue.o(.text.xQueueCreateMutexStatic)
    xQueueGenericCreate                      0x08012ced   Thumb Code   134  queue.o(.text.xQueueGenericCreate)
    xQueueGenericCreateStatic                0x08012d75   Thumb Code   222  queue.o(.text.xQueueGenericCreateStatic)
    xQueueGenericSend                        0x08012e55   Thumb Code   554  queue.o(.text.xQueueGenericSend)
    xQueueGenericSendFromISR                 0x08013081   Thumb Code   344  queue.o(.text.xQueueGenericSendFromISR)
    xQueueGiveFromISR                        0x080131d9   Thumb Code   200  queue.o(.text.xQueueGiveFromISR)
    xQueueGiveMutexRecursive                 0x080132a1   Thumb Code    66  queue.o(.text.xQueueGiveMutexRecursive)
    xQueueReceive                            0x080132e5   Thumb Code   418  queue.o(.text.xQueueReceive)
    xQueueReceiveFromISR                     0x08013489   Thumb Code   228  queue.o(.text.xQueueReceiveFromISR)
    xQueueSemaphoreTake                      0x0801356d   Thumb Code   474  queue.o(.text.xQueueSemaphoreTake)
    xQueueTakeMutexRecursive                 0x08013749   Thumb Code    72  queue.o(.text.xQueueTakeMutexRecursive)
    xTaskCheckForTimeOut                     0x08013791   Thumb Code   162  tasks.o(.text.xTaskCheckForTimeOut)
    xTaskCreate                              0x08013835   Thumb Code    96  tasks.o(.text.xTaskCreate)
    xTaskCreateStatic                        0x08013895   Thumb Code   118  tasks.o(.text.xTaskCreateStatic)
    xTaskGetCurrentTaskHandle                0x0801390d   Thumb Code    12  tasks.o(.text.xTaskGetCurrentTaskHandle)
    xTaskGetSchedulerState                   0x08013919   Thumb Code    30  tasks.o(.text.xTaskGetSchedulerState)
    xTaskGetTickCount                        0x08013939   Thumb Code    12  tasks.o(.text.xTaskGetTickCount)
    xTaskGetTickCountFromISR                 0x08013945   Thumb Code    18  tasks.o(.text.xTaskGetTickCountFromISR)
    xTaskIncrementTick                       0x08013959   Thumb Code   260  tasks.o(.text.xTaskIncrementTick)
    xTaskPriorityDisinherit                  0x08013a5d   Thumb Code   138  tasks.o(.text.xTaskPriorityDisinherit)
    xTaskPriorityInherit                     0x08013ae9   Thumb Code   146  tasks.o(.text.xTaskPriorityInherit)
    xTaskRemoveFromEventList                 0x08013b7d   Thumb Code   114  tasks.o(.text.xTaskRemoveFromEventList)
    xTaskResumeAll                           0x08013bf1   Thumb Code   238  tasks.o(.text.xTaskResumeAll)
    xTimerCreateTimerTask                    0x08013ce1   Thumb Code   172  timers.o(.text.xTimerCreateTimerTask)
    __0printf$3                              0x08013d95   Thumb Code    22  printf3.o(i.__0printf$3)
    __1printf$3                              0x08013d95   Thumb Code     0  printf3.o(i.__0printf$3)
    __2printf                                0x08013d95   Thumb Code     0  printf3.o(i.__0printf$3)
    __0snprintf$3                            0x08013db5   Thumb Code    48  printf3.o(i.__0snprintf$3)
    __1snprintf$3                            0x08013db5   Thumb Code     0  printf3.o(i.__0snprintf$3)
    __2snprintf                              0x08013db5   Thumb Code     0  printf3.o(i.__0snprintf$3)
    __scatterload_copy                       0x08013de9   Thumb Code    14  handlers.o(i.__scatterload_copy)
    __scatterload_null                       0x08013df7   Thumb Code     2  handlers.o(i.__scatterload_null)
    __scatterload_zeroinit                   0x08013df9   Thumb Code    14  handlers.o(i.__scatterload_zeroinit)
    puts                                     0x08013fd9   Thumb Code    30  puts.o(i.puts)
    AHBPrescTable                            0x08013ffc   Data          16  system_stm32f4xx.o(.rodata.AHBPrescTable)
    APBPrescTable                            0x0801400c   Data           8  system_stm32f4xx.o(.rodata.APBPrescTable)
    ascii_1206                               0x08014014   Data        1140  lcd.o(.rodata.ascii_1206)
    ascii_1608                               0x08014488   Data        1520  lcd.o(.rodata.ascii_1608)
    ascii_2412                               0x08014a78   Data        4560  lcd.o(.rodata.ascii_2412)
    ascii_3216                               0x08015c48   Data        6080  lcd.o(.rodata.ascii_3216)
    defaultTask_attributes                   0x08017408   Data          36  freertos.o(.rodata.defaultTask_attributes)
    ethbroadcast                             0x0801742c   Data           6  ethernet.o(.rodata.ethbroadcast)
    ethzero                                  0x08017432   Data           6  ethernet.o(.rodata.ethzero)
    gImage_airisu03                          0x08017438   Data       115208  main.o(.rodata.gImage_airisu03)
    gImage_image                             0x08033640   Data       115208  main.o(.rodata.gImage_image)
    gImage_remu02                            0x0804f848   Data       115208  main.o(.rodata.gImage_remu02)
    ip_addr_any                              0x0806ba50   Data           4  ip4_addr.o(.rodata.ip_addr_any)
    lwip_cyclic_timers                       0x0806ba54   Data          24  timeouts.o(.rodata.lwip_cyclic_timers)
    memp_FRAG_PBUF                           0x0806ba6c   Data          12  memp.o(.rodata.memp_FRAG_PBUF)
    memp_NETBUF                              0x0806ba78   Data          12  memp.o(.rodata.memp_NETBUF)
    memp_NETCONN                             0x0806ba84   Data          12  memp.o(.rodata.memp_NETCONN)
    memp_PBUF                                0x0806ba90   Data          12  memp.o(.rodata.memp_PBUF)
    memp_PBUF_POOL                           0x0806ba9c   Data          12  memp.o(.rodata.memp_PBUF_POOL)
    memp_REASSDATA                           0x0806baa8   Data          12  memp.o(.rodata.memp_REASSDATA)
    memp_RX_POOL                             0x0806bab4   Data          12  ethernetif.o(.rodata.memp_RX_POOL)
    memp_SYS_TIMEOUT                         0x0806bac0   Data          12  memp.o(.rodata.memp_SYS_TIMEOUT)
    memp_TCPIP_MSG_API                       0x0806bacc   Data          12  memp.o(.rodata.memp_TCPIP_MSG_API)
    memp_TCPIP_MSG_INPKT                     0x0806bad8   Data          12  memp.o(.rodata.memp_TCPIP_MSG_INPKT)
    memp_TCP_PCB                             0x0806bae4   Data          12  memp.o(.rodata.memp_TCP_PCB)
    memp_TCP_PCB_LISTEN                      0x0806baf0   Data          12  memp.o(.rodata.memp_TCP_PCB_LISTEN)
    memp_TCP_SEG                             0x0806bafc   Data          12  memp.o(.rodata.memp_TCP_SEG)
    memp_UDP_PCB                             0x0806bb08   Data          12  memp.o(.rodata.memp_UDP_PCB)
    memp_pools                               0x0806bb14   Data          52  memp.o(.rodata.memp_pools)
    netconn_aborted                          0x0806bb48   Data           1  api_msg.o(.rodata.netconn_aborted)
    netconn_closed                           0x0806bb49   Data           1  api_msg.o(.rodata.netconn_closed)
    netconn_reset                            0x0806bb4a   Data           1  api_msg.o(.rodata.netconn_reset)
    Region$$Table$$Base                      0x0806c8b8   Number         0  anon$$obj.o(Region$$Table)
    Region$$Table$$Limit                     0x0806c8d8   Number         0  anon$$obj.o(Region$$Table)
    uwTickFreq                               0x20000004   Data           1  stm32f4xx_hal.o(.data..L_MergedGlobals)
    uwTickPrio                               0x20000008   Data           4  stm32f4xx_hal.o(.data..L_MergedGlobals)
    LAN8742_IOCtx                            0x20000014   Data          20  ethernetif.o(.data.LAN8742_IOCtx)
    SystemCoreClock                          0x20000028   Data           4  system_stm32f4xx.o(.data.SystemCoreClock)
    imageArray                               0x2000002c   Data          12  main.o(.data.imageArray)
    msg                                      0x20000038   Data          10  main.o(.data.msg)
    currentImage                             0x20000048   Data           1  main.o(.bss..L_MergedGlobals)
    isPlaying                                0x20000049   Data           1  main.o(.bss..L_MergedGlobals)
    xSemTCP                                  0x20000054   Data           4  main.o(.bss..L_MergedGlobals)
    handleTCP_Init                           0x2000005c   Data           4  main.o(.bss..L_MergedGlobals)
    handleST7789                             0x20000060   Data           4  main.o(.bss..L_MergedGlobals)
    handleETH                                0x20000064   Data           4  main.o(.bss..L_MergedGlobals)
    RxPktSemaphore                           0x2000006c   Data           4  ethernetif.o(.bss..L_MergedGlobals)
    TxPktSemaphore                           0x20000070   Data           4  ethernetif.o(.bss..L_MergedGlobals)
    LAN8742                                  0x20000074   Data          32  ethernetif.o(.bss..L_MergedGlobals)
    TxConfig                                 0x20000094   Data          56  ethernetif.o(.bss..L_MergedGlobals)
    IP_ADDRESS                               0x200000cc   Data           4  lwip.o(.bss..L_MergedGlobals)
    NETMASK_ADDRESS                          0x200000d0   Data           4  lwip.o(.bss..L_MergedGlobals)
    GATEWAY_ADDRESS                          0x200000d4   Data           4  lwip.o(.bss..L_MergedGlobals)
    ipaddr                                   0x200000d8   Data           4  lwip.o(.bss..L_MergedGlobals)
    netmask                                  0x200000dc   Data           4  lwip.o(.bss..L_MergedGlobals)
    gw                                       0x200000e0   Data           4  lwip.o(.bss..L_MergedGlobals)
    attributes                               0x200000e4   Data          36  lwip.o(.bss..L_MergedGlobals)
    gnetif                                   0x20000108   Data          52  lwip.o(.bss..L_MergedGlobals)
    pxCurrentTCB                             0x2000013c   Data           4  tasks.o(.bss..L_MergedGlobals)
    lock_tcpip_core                          0x2000021c   Data           4  tcpip.o(.bss..L_MergedGlobals)
    netif_list                               0x20000270   Data           4  netif.o(.bss..L_MergedGlobals)
    netif_default                            0x20000274   Data           4  netif.o(.bss..L_MergedGlobals)
    tcp_input_pcb                            0x20000298   Data           4  tcp_in.o(.bss..L_MergedGlobals)
    tcp_active_pcbs_changed                  0x200002e8   Data           1  tcp.o(.bss..L_MergedGlobals.65)
    tcp_listen_pcbs                          0x200002ec   Data           4  tcp.o(.bss..L_MergedGlobals.65)
    tcp_bound_pcbs                           0x200002f0   Data           4  tcp.o(.bss..L_MergedGlobals.65)
    tcp_active_pcbs                          0x200002f4   Data           4  tcp.o(.bss..L_MergedGlobals.65)
    tcp_tw_pcbs                              0x200002f8   Data           4  tcp.o(.bss..L_MergedGlobals.65)
    tcp_ticks                                0x200002fc   Data           4  tcp.o(.bss..L_MergedGlobals.65)
    DMARxDscrTab                             0x20000300   Data         160  ethernetif.o(.bss.DMARxDscrTab)
    DMATxDscrTab                             0x200003a0   Data         160  ethernetif.o(.bss.DMATxDscrTab)
    __stdout                                 0x20000444   Data          84  main.o(.bss.__stdout)
    defaultTaskHandle                        0x20000588   Data           4  freertos.o(.bss.defaultTaskHandle)
    heth                                     0x20000590   Data         176  ethernetif.o(.bss.heth)
    huart3                                   0x20000640   Data          68  usart.o(.bss.huart3)
    ip_data                                  0x20000684   Data          24  ip.o(.bss.ip_data)
    lwip_sys_mutex                           0x200006a0   Data           4  sys_arch.o(.bss.lwip_sys_mutex)
    memp_memory_FRAG_PBUF_base               0x200006a4   Data         363  memp.o(.bss.memp_memory_FRAG_PBUF_base)
    memp_memory_NETBUF_base                  0x2000080f   Data          35  memp.o(.bss.memp_memory_NETBUF_base)
    memp_memory_NETCONN_base                 0x20000832   Data         163  memp.o(.bss.memp_memory_NETCONN_base)
    memp_memory_PBUF_POOL_base               0x200008d5   Data        9731  memp.o(.bss.memp_memory_PBUF_POOL_base)
    memp_memory_PBUF_base                    0x20002ed8   Data         259  memp.o(.bss.memp_memory_PBUF_base)
    memp_memory_REASSDATA_base               0x20002fdb   Data         163  memp.o(.bss.memp_memory_REASSDATA_base)
    memp_memory_RX_POOL_base                 0x2000307e   Data       18819  ethernetif.o(.bss.memp_memory_RX_POOL_base)
    memp_memory_SYS_TIMEOUT_base             0x20007a01   Data          51  memp.o(.bss.memp_memory_SYS_TIMEOUT_base)
    memp_memory_TCPIP_MSG_API_base           0x20007a34   Data         131  memp.o(.bss.memp_memory_TCPIP_MSG_API_base)
    memp_memory_TCPIP_MSG_INPKT_base         0x20007ab7   Data         131  memp.o(.bss.memp_memory_TCPIP_MSG_INPKT_base)
    memp_memory_TCP_PCB_LISTEN_base          0x20007b3a   Data         227  memp.o(.bss.memp_memory_TCP_PCB_LISTEN_base)
    memp_memory_TCP_PCB_base                 0x20007c1d   Data         783  memp.o(.bss.memp_memory_TCP_PCB_base)
    memp_memory_TCP_SEG_base                 0x20007f2c   Data         259  memp.o(.bss.memp_memory_TCP_SEG_base)
    memp_memory_UDP_PCB_base                 0x2000802f   Data         131  memp.o(.bss.memp_memory_UDP_PCB_base)
    msgc                                     0x200080b8   Data         100  main.o(.bss.msgc)
    pbuf_free_ooseq_pending                  0x2000811c   Data           1  pbuf.o(.bss.pbuf_free_ooseq_pending)
    ram_heap                                 0x20008670   Data       10259  mem.o(.bss.ram_heap)
    smsgc                                    0x2000ae83   Data         200  main.o(.bss.smsgc)
    udp_pcbs                                 0x2001125c   Data           4  udp.o(.bss.udp_pcbs)
    uwTick                                   0x20011260   Data           4  stm32f4xx_hal.o(.bss.uwTick)
    xQueueRegistry                           0x2001191c   Data          64  queue.o(.bss.xQueueRegistry)
    __initial_sp                             0x20011d60   Data           0  startup_stm32f429xx.o(STACK)



==============================================================================

Memory Map of the image

  Image Entry point : 0x080001ad

  Load Region LR_IROM1 (Base: 0x08000000, Size: 0x0006c920, Max: 0x00200000, ABSOLUTE)

    Execution Region ER_IROM1 (Exec base: 0x08000000, Load base: 0x08000000, Size: 0x0006c8d8, Max: 0x00200000, ABSOLUTE)

    Exec Addr    Load Addr    Size         Type   Attr      Idx    E Section Name        Object

    0x08000000   0x08000000   0x000001ac   Data   RO            3    RESET               startup_stm32f429xx.o
    0x080001ac   0x080001ac   0x00000000   Code   RO         2575  * .ARM.Collect$$$$00000000  mc_w.l(entry.o)
    0x080001ac   0x080001ac   0x00000004   Code   RO         2896    .ARM.Collect$$$$00000001  mc_w.l(entry2.o)
    0x080001b0   0x080001b0   0x00000004   Code   RO         2899    .ARM.Collect$$$$00000004  mc_w.l(entry5.o)
    0x080001b4   0x080001b4   0x00000000   Code   RO         2901    .ARM.Collect$$$$00000008  mc_w.l(entry7b.o)
    0x080001b4   0x080001b4   0x00000000   Code   RO         2903    .ARM.Collect$$$$0000000A  mc_w.l(entry8b.o)
    0x080001b4   0x080001b4   0x00000008   Code   RO         2904    .ARM.Collect$$$$0000000B  mc_w.l(entry9a.o)
    0x080001bc   0x080001bc   0x00000000   Code   RO         2906    .ARM.Collect$$$$0000000D  mc_w.l(entry10a.o)
    0x080001bc   0x080001bc   0x00000000   Code   RO         2908    .ARM.Collect$$$$0000000F  mc_w.l(entry11a.o)
    0x080001bc   0x080001bc   0x00000004   Code   RO         2897    .ARM.Collect$$$$00002712  mc_w.l(entry2.o)
    0x080001c0   0x080001c0   0x00000024   Code   RO            4    .text               startup_stm32f429xx.o
    0x080001e4   0x080001e4   0x00000062   Code   RO         2582    .text               mc_w.l(uldiv.o)
    0x08000246   0x08000246   0x00000002   PAD
    0x08000248   0x08000248   0x00000024   Code   RO         2612    .text               mc_w.l(rand.o)
    0x0800026c   0x0800026c   0x00000040   Code   RO         2617    .text               mc_w.l(memmovea.o)
    0x080002ac   0x080002ac   0x00000024   Code   RO         2619    .text               mc_w.l(memseta.o)
    0x080002d0   0x080002d0   0x00000018   Code   RO         2621    .text               mc_w.l(strncpy.o)
    0x080002e8   0x080002e8   0x0000000e   Code   RO         2623    .text               mc_w.l(strlen.o)
    0x080002f6   0x080002f6   0x0000001a   Code   RO         2625    .text               mc_w.l(memcmp.o)
    0x08000310   0x08000310   0x0000002c   Code   RO         2919    .text               mc_w.l(uidiv.o)
    0x0800033c   0x0800033c   0x0000001e   Code   RO         2921    .text               mc_w.l(llshl.o)
    0x0800035a   0x0800035a   0x00000020   Code   RO         2923    .text               mc_w.l(llushr.o)
    0x0800037a   0x0800037a   0x00000002   PAD
    0x0800037c   0x0800037c   0x00000024   Code   RO         2945    .text               mc_w.l(init.o)
    0x080003a0   0x080003a0   0x00000002   Code   RO           93    .text.BusFault_Handler  stm32f4xx_it.o
    0x080003a2   0x080003a2   0x00000002   PAD
    0x080003a4   0x080003a4   0x00000002   Code   RO           97    .text.DebugMon_Handler  stm32f4xx_it.o
    0x080003a6   0x080003a6   0x00000002   PAD
    0x080003a8   0x080003a8   0x0000000c   Code   RO          107    .text.ETH_IRQHandler  stm32f4xx_it.o
    0x080003b4   0x080003b4   0x00000004   Code   RO          169    .text.ETH_PHY_IO_DeInit  ethernetif.o
    0x080003b8   0x080003b8   0x00000004   Code   RO          175    .text.ETH_PHY_IO_GetTick  ethernetif.o
    0x080003bc   0x080003bc   0x00000012   Code   RO          167    .text.ETH_PHY_IO_Init  ethernetif.o
    0x080003ce   0x080003ce   0x00000002   PAD
    0x080003d0   0x080003d0   0x0000001e   Code   RO          173    .text.ETH_PHY_IO_ReadReg  ethernetif.o
    0x080003ee   0x080003ee   0x00000002   PAD
    0x080003f0   0x080003f0   0x0000001e   Code   RO          171    .text.ETH_PHY_IO_WriteReg  ethernetif.o
    0x0800040e   0x0800040e   0x00000002   PAD
    0x08000410   0x08000410   0x00000272   Code   RO          690    .text.ETH_Prepare_Tx_Descriptors  stm32f4xx_hal_eth.o
    0x08000682   0x08000682   0x00000002   PAD
    0x08000684   0x08000684   0x00000006   Code   RO          101    .text.EXTI3_IRQHandler  stm32f4xx_it.o
    0x0800068a   0x0800068a   0x00000002   PAD
    0x0800068c   0x0800068c   0x00000006   Code   RO          103    .text.EXTI4_IRQHandler  stm32f4xx_it.o
    0x08000692   0x08000692   0x00000002   PAD
    0x08000694   0x08000694   0x00000006   Code   RO          105    .text.EXTI9_5_IRQHandler  stm32f4xx_it.o
    0x0800069a   0x0800069a   0x00000002   PAD
    0x0800069c   0x0800069c   0x0000000a   Code   RO           25    .text.Error_Handler  main.o
    0x080006a6   0x080006a6   0x00000002   PAD
    0x080006a8   0x080006a8   0x00000028   Code   RO          598    .text.HAL_Delay     stm32f4xx_hal.o
    0x080006d0   0x080006d0   0x0000001e   Code   RO          181    .text.HAL_ETH_ErrorCallback  ethernetif.o
    0x080006ee   0x080006ee   0x00000002   PAD
    0x080006f0   0x080006f0   0x00000006   Code   RO          764    .text.HAL_ETH_GetDMAError  stm32f4xx_hal_eth.o
    0x080006f6   0x080006f6   0x00000002   PAD
    0x080006f8   0x080006f8   0x000000b6   Code   RO          734    .text.HAL_ETH_GetMACConfig  stm32f4xx_hal_eth.o
    0x080007ae   0x080007ae   0x00000002   PAD
    0x080007b0   0x080007b0   0x000000d8   Code   RO          718    .text.HAL_ETH_IRQHandler  stm32f4xx_hal_eth.o
    0x08000888   0x08000888   0x0000025e   Code   RO          672    .text.HAL_ETH_Init  stm32f4xx_hal_eth.o
    0x08000ae6   0x08000ae6   0x00000002   PAD
    0x08000ae8   0x08000ae8   0x00000136   Code   RO          193    .text.HAL_ETH_MspInit  ethernetif.o
    0x08000c1e   0x08000c1e   0x00000002   PAD
    0x08000c20   0x08000c20   0x00000002   Code   RO          726    .text.HAL_ETH_PMTCallback  stm32f4xx_hal_eth.o
    0x08000c22   0x08000c22   0x00000002   PAD
    0x08000c24   0x08000c24   0x000001a8   Code   RO          694    .text.HAL_ETH_ReadData  stm32f4xx_hal_eth.o
    0x08000dcc   0x08000dcc   0x00000052   Code   RO          730    .text.HAL_ETH_ReadPHYRegister  stm32f4xx_hal_eth.o
    0x08000e1e   0x08000e1e   0x00000002   PAD
    0x08000e20   0x08000e20   0x00000062   Code   RO          716    .text.HAL_ETH_ReleaseTxPacket  stm32f4xx_hal_eth.o
    0x08000e82   0x08000e82   0x00000002   PAD
    0x08000e84   0x08000e84   0x00000050   Code   RO          199    .text.HAL_ETH_RxAllocateCallback  ethernetif.o
    0x08000ed4   0x08000ed4   0x0000000e   Code   RO          177    .text.HAL_ETH_RxCpltCallback  ethernetif.o
    0x08000ee2   0x08000ee2   0x00000002   PAD
    0x08000ee4   0x08000ee4   0x0000005c   Code   RO          201    .text.HAL_ETH_RxLinkCallback  ethernetif.o
    0x08000f40   0x08000f40   0x000000e4   Code   RO          738    .text.HAL_ETH_SetMACConfig  stm32f4xx_hal_eth.o
    0x08001024   0x08001024   0x0000008a   Code   RO          742    .text.HAL_ETH_SetMDIOClockRange  stm32f4xx_hal_eth.o
    0x080010ae   0x080010ae   0x00000002   PAD
    0x080010b0   0x080010b0   0x00000212   Code   RO          682    .text.HAL_ETH_Start_IT  stm32f4xx_hal_eth.o
    0x080012c2   0x080012c2   0x00000002   PAD
    0x080012c4   0x080012c4   0x000000bc   Code   RO          686    .text.HAL_ETH_Stop_IT  stm32f4xx_hal_eth.o
    0x08001380   0x08001380   0x0000006a   Code   RO          692    .text.HAL_ETH_Transmit_IT  stm32f4xx_hal_eth.o
    0x080013ea   0x080013ea   0x00000002   PAD
    0x080013ec   0x080013ec   0x0000000e   Code   RO          179    .text.HAL_ETH_TxCpltCallback  ethernetif.o
    0x080013fa   0x080013fa   0x00000002   PAD
    0x080013fc   0x080013fc   0x00000004   Code   RO          203    .text.HAL_ETH_TxFreeCallback  ethernetif.o
    0x08001400   0x08001400   0x00000002   Code   RO          728    .text.HAL_ETH_WakeUpCallback  stm32f4xx_hal_eth.o
    0x08001402   0x08001402   0x00000002   PAD
    0x08001404   0x08001404   0x00000048   Code   RO          732    .text.HAL_ETH_WritePHYRegister  stm32f4xx_hal_eth.o
    0x0800144c   0x0800144c   0x00000002   Code   RO          407    .text.HAL_GPIO_EXTI_Callback  stm32f4xx_hal_gpio.o
    0x0800144e   0x0800144e   0x00000002   PAD
    0x08001450   0x08001450   0x00000016   Code   RO          405    .text.HAL_GPIO_EXTI_IRQHandler  stm32f4xx_hal_gpio.o
    0x08001466   0x08001466   0x00000002   PAD
    0x08001468   0x08001468   0x000001a6   Code   RO          393    .text.HAL_GPIO_Init  stm32f4xx_hal_gpio.o
    0x0800160e   0x0800160e   0x00000002   PAD
    0x08001610   0x08001610   0x00000010   Code   RO          401    .text.HAL_GPIO_TogglePin  stm32f4xx_hal_gpio.o
    0x08001620   0x08001620   0x0000000a   Code   RO          399    .text.HAL_GPIO_WritePin  stm32f4xx_hal_gpio.o
    0x0800162a   0x0800162a   0x00000002   PAD
    0x0800162c   0x0800162c   0x0000000c   Code   RO          590    .text.HAL_GetTick   stm32f4xx_hal.o
    0x08001638   0x08001638   0x0000001a   Code   RO          588    .text.HAL_IncTick   stm32f4xx_hal.o
    0x08001652   0x08001652   0x00000002   PAD
    0x08001654   0x08001654   0x00000036   Code   RO          578    .text.HAL_Init      stm32f4xx_hal.o
    0x0800168a   0x0800168a   0x00000002   PAD
    0x0800168c   0x0800168c   0x00000048   Code   RO          580    .text.HAL_InitTick  stm32f4xx_hal.o
    0x080016d4   0x080016d4   0x00000042   Code   RO          116    .text.HAL_MspInit   stm32f4xx_hal_msp.o
    0x08001716   0x08001716   0x00000002   PAD
    0x08001718   0x08001718   0x00000026   Code   RO          536    .text.HAL_NVIC_EnableIRQ  stm32f4xx_hal_cortex.o
    0x0800173e   0x0800173e   0x00000002   PAD
    0x08001740   0x08001740   0x00000056   Code   RO          534    .text.HAL_NVIC_SetPriority  stm32f4xx_hal_cortex.o
    0x08001796   0x08001796   0x00000002   PAD
    0x08001798   0x08001798   0x00000020   Code   RO          532    .text.HAL_NVIC_SetPriorityGrouping  stm32f4xx_hal_cortex.o
    0x080017b8   0x080017b8   0x0000007a   Code   RO          518    .text.HAL_PWREx_EnableOverDrive  stm32f4xx_hal_pwr_ex.o
    0x08001832   0x08001832   0x00000002   PAD
    0x08001834   0x08001834   0x00000160   Code   RO          273    .text.HAL_RCC_ClockConfig  stm32f4xx_hal_rcc.o
    0x08001994   0x08001994   0x0000000c   Code   RO          283    .text.HAL_RCC_GetHCLKFreq  stm32f4xx_hal_rcc.o
    0x080019a0   0x080019a0   0x00000026   Code   RO          285    .text.HAL_RCC_GetPCLK1Freq  stm32f4xx_hal_rcc.o
    0x080019c6   0x080019c6   0x00000002   PAD
    0x080019c8   0x080019c8   0x00000026   Code   RO          287    .text.HAL_RCC_GetPCLK2Freq  stm32f4xx_hal_rcc.o
    0x080019ee   0x080019ee   0x00000002   PAD
    0x080019f0   0x080019f0   0x0000006a   Code   RO          275    .text.HAL_RCC_GetSysClockFreq  stm32f4xx_hal_rcc.o
    0x08001a5a   0x08001a5a   0x00000002   PAD
    0x08001a5c   0x08001a5c   0x00000374   Code   RO          271    .text.HAL_RCC_OscConfig  stm32f4xx_hal_rcc.o
    0x08001dd0   0x08001dd0   0x0000002c   Code   RO          544    .text.HAL_SYSTICK_Config  stm32f4xx_hal_cortex.o
    0x08001dfc   0x08001dfc   0x0000005e   Code   RO          780    .text.HAL_UART_Init  stm32f4xx_hal_uart.o
    0x08001e5a   0x08001e5a   0x00000002   PAD
    0x08001e5c   0x08001e5c   0x0000006c   Code   RO           74    .text.HAL_UART_MspInit  usart.o
    0x08001ec8   0x08001ec8   0x00000286   Code   RO          796    .text.HAL_UART_Transmit  stm32f4xx_hal_uart.o
    0x0800214e   0x0800214e   0x00000002   PAD
    0x08002150   0x08002150   0x00000002   Code   RO           89    .text.HardFault_Handler  stm32f4xx_it.o
    0x08002152   0x08002152   0x00000002   PAD
    0x08002154   0x08002154   0x000000ae   Code   RO          245    .text.LAN8742_GetLinkState  lan8742.o
    0x08002202   0x08002202   0x00000002   PAD
    0x08002204   0x08002204   0x000000e6   Code   RO          235    .text.LAN8742_Init  lan8742.o
    0x080022ea   0x080022ea   0x00000002   PAD
    0x080022ec   0x080022ec   0x00000032   Code   RO          233    .text.LAN8742_RegisterBusIO  lan8742.o
    0x0800231e   0x0800231e   0x00000002   PAD
    0x08002320   0x08002320   0x00000130   Code   RO          155    .text.LCD_Address_Set  lcd_init.o
    0x08002450   0x08002450   0x00000048   Code   RO          125    .text.LCD_Fill      lcd.o
    0x08002498   0x08002498   0x00000828   Code   RO          157    .text.LCD_Init      lcd_init.o
    0x08002cc0   0x08002cc0   0x00000374   Code   RO          129    .text.LCD_ShowChar  lcd.o
    0x08003034   0x08003034   0x00000038   Code   RO          133    .text.LCD_ShowPicture  lcd.o
    0x0800306c   0x0800306c   0x00000046   Code   RO          131    .text.LCD_ShowString  lcd.o
    0x080030b2   0x080030b2   0x00000002   PAD
    0x080030b4   0x080030b4   0x0000002e   Code   RO          151    .text.LCD_WR_DATA   lcd_init.o
    0x080030e2   0x080030e2   0x00000002   PAD
    0x080030e4   0x080030e4   0x00000028   Code   RO          149    .text.LCD_WR_DATA8  lcd_init.o
    0x0800310c   0x0800310c   0x0000010e   Code   RO          147    .text.LCD_Writ_Bus  lcd_init.o
    0x0800321a   0x0800321a   0x00000002   PAD
    0x0800321c   0x0800321c   0x00000024   Code   RO           58    .text.MX_FREERTOS_Init  freertos.o
    0x08003240   0x08003240   0x0000017c   Code   RO           49    .text.MX_GPIO_Init  gpio.o
    0x080033bc   0x080033bc   0x000000cc   Code   RO          221    .text.MX_LWIP_Init  lwip.o
    0x08003488   0x08003488   0x0000003c   Code   RO           72    .text.MX_USART3_UART_Init  usart.o
    0x080034c4   0x080034c4   0x00000002   Code   RO           91    .text.MemManage_Handler  stm32f4xx_it.o
    0x080034c6   0x080034c6   0x00000002   PAD
    0x080034c8   0x080034c8   0x00000002   Code   RO           87    .text.NMI_Handler   stm32f4xx_it.o
    0x080034ca   0x080034ca   0x00000006   PAD
    0x080034d0   0x080034d0   0x00000064   Code   RO         1467    .text.PendSV_Handler  port.o
    0x08003534   0x08003534   0x0000000c   PAD
    0x08003540   0x08003540   0x00000024   Code   RO         1451    .text.SVC_Handler   port.o
    0x08003564   0x08003564   0x0000000c   Code   RO           60    .text.StartDefaultTask  freertos.o
    0x08003570   0x08003570   0x00000018   Code   RO           99    .text.SysTick_Handler  stm32f4xx_it.o
    0x08003588   0x08003588   0x000000c4   Code   RO           23    .text.SystemClock_Config  main.o
    0x0800364c   0x0800364c   0x00000012   Code   RO          900    .text.SystemInit    system_stm32f4xx.o
    0x0800365e   0x0800365e   0x00000002   PAD
    0x08003660   0x08003660   0x000000ee   Code   RO          784    .text.UART_SetConfig  stm32f4xx_hal_uart.o
    0x0800374e   0x0800374e   0x00000002   PAD
    0x08003750   0x08003750   0x00000002   Code   RO           95    .text.UsageFault_Handler  stm32f4xx_it.o
    0x08003752   0x08003752   0x00000002   PAD
    0x08003754   0x08003754   0x000001c4   Code   RO         1650    .text.err_tcp       api_msg.o
    0x08003918   0x08003918   0x00000152   Code   RO         2354    .text.etharp_cleanup_netif  etharp.o
    0x08003a6a   0x08003a6a   0x00000002   PAD
    0x08003a6c   0x08003a6c   0x000007c4   Code   RO         2358    .text.etharp_find_entry  etharp.o
    0x08004230   0x08004230   0x0000017c   Code   RO         2362    .text.etharp_input  etharp.o
    0x080043ac   0x080043ac   0x00000268   Code   RO         2366    .text.etharp_output  etharp.o
    0x08004614   0x08004614   0x000000f4   Code   RO         2368    .text.etharp_output_to_arp_index  etharp.o
    0x08004708   0x08004708   0x000001f4   Code   RO         2370    .text.etharp_query  etharp.o
    0x080048fc   0x080048fc   0x00000134   Code   RO         2364    .text.etharp_raw    etharp.o
    0x08004a30   0x08004a30   0x00000032   Code   RO         2352    .text.etharp_request  etharp.o
    0x08004a62   0x08004a62   0x00000002   PAD
    0x08004a64   0x08004a64   0x000000b2   Code   RO         2350    .text.etharp_tmr    etharp.o
    0x08004b16   0x08004b16   0x00000002   PAD
    0x08004b18   0x08004b18   0x0000009c   Code   RO         1525    .text.ethernet_input  ethernet.o
    0x08004bb4   0x08004bb4   0x00000002   Code   RO          223    .text.ethernet_link_status_updated  lwip.o
    0x08004bb6   0x08004bb6   0x00000002   PAD
    0x08004bb8   0x08004bb8   0x000000d8   Code   RO          197    .text.ethernet_link_thread  ethernetif.o
    0x08004c90   0x08004c90   0x000000d8   Code   RO         1527    .text.ethernet_output  ethernet.o
    0x08004d68   0x08004d68   0x00000244   Code   RO          185    .text.ethernetif_init  ethernetif.o
    0x08004fac   0x08004fac   0x00000054   Code   RO          183    .text.ethernetif_input  ethernetif.o
    0x08005000   0x08005000   0x00000020   Code   RO           11    .text.fputc         main.o
    0x08005020   0x08005020   0x00000008   Code   RO         2385    .text.icmp_dest_unreach  icmp.o
    0x08005028   0x08005028   0x000001dc   Code   RO         2383    .text.icmp_input    icmp.o
    0x08005204   0x08005204   0x000000b4   Code   RO         2387    .text.icmp_send_response  icmp.o
    0x080052b8   0x080052b8   0x00000008   Code   RO         2389    .text.icmp_time_exceeded  icmp.o
    0x080052c0   0x080052c0   0x00000034   Code   RO         2421    .text.ip4_addr_isbroadcast_u32  ip4_addr.o
    0x080052f4   0x080052f4   0x0000025c   Code   RO         2450    .text.ip4_frag      ip4_frag.o
    0x08005550   0x08005550   0x000001b2   Code   RO         2403    .text.ip4_input     ip4.o
    0x08005702   0x08005702   0x00000002   PAD
    0x08005704   0x08005704   0x00000030   Code   RO         2405    .text.ip4_output_if  ip4.o
    0x08005734   0x08005734   0x00000144   Code   RO         2407    .text.ip4_output_if_src  ip4.o
    0x08005878   0x08005878   0x00000600   Code   RO         2448    .text.ip4_reass     ip4_frag.o
    0x08005e78   0x08005e78   0x00000074   Code   RO         2401    .text.ip4_route     ip4.o
    0x08005eec   0x08005eec   0x000001ac   Code   RO         2446    .text.ip_reass_free_complete_datagram  ip4_frag.o
    0x08006098   0x08006098   0x0000003a   Code   RO         2444    .text.ip_reass_tmr  ip4_frag.o
    0x080060d2   0x080060d2   0x00000002   PAD
    0x080060d4   0x080060d4   0x00000044   Code   RO         2452    .text.ipfrag_free_pbuf_custom  ip4_frag.o
    0x08006118   0x08006118   0x000000a6   Code   RO          187    .text.low_level_output  ethernetif.o
    0x080061be   0x080061be   0x00000002   PAD
    0x080061c0   0x080061c0   0x00000176   Code   RO         2285    .text.lwip_cyclic_timer  timeouts.o
    0x08006336   0x08006336   0x00000002   PAD
    0x08006338   0x08006338   0x00000004   Code   RO         1844    .text.lwip_htonl    def.o
    0x0800633c   0x0800633c   0x00000004   Code   RO         1842    .text.lwip_htons    def.o
    0x08006340   0x08006340   0x00000022   Code   RO         1885    .text.lwip_init     init.o
    0x08006362   0x08006362   0x00000002   PAD
    0x08006364   0x08006364   0x00000038   Code   RO         1618    .text.lwip_netconn_do_bind  api_msg.o
    0x0800639c   0x0800639c   0x000000f4   Code   RO         1642    .text.lwip_netconn_do_close  api_msg.o
    0x08006490   0x08006490   0x0000032c   Code   RO         1616    .text.lwip_netconn_do_close_internal  api_msg.o
    0x080067bc   0x080067bc   0x0000013c   Code   RO         1622    .text.lwip_netconn_do_connect  api_msg.o
    0x080068f8   0x080068f8   0x00000194   Code   RO         1624    .text.lwip_netconn_do_connected  api_msg.o
    0x08006a8c   0x08006a8c   0x0000016c   Code   RO         1612    .text.lwip_netconn_do_delconn  api_msg.o
    0x08006bf8   0x08006bf8   0x000000ae   Code   RO         1606    .text.lwip_netconn_do_newconn  api_msg.o
    0x08006ca6   0x08006ca6   0x00000002   PAD
    0x08006ca8   0x08006ca8   0x0000003c   Code   RO         1634    .text.lwip_netconn_do_recv  api_msg.o
    0x08006ce4   0x08006ce4   0x00000110   Code   RO         1636    .text.lwip_netconn_do_write  api_msg.o
    0x08006df4   0x08006df4   0x00000408   Code   RO         1638    .text.lwip_netconn_do_writemore  api_msg.o
    0x080071fc   0x080071fc   0x00000078   Code   RO         1604    .text.lwip_netconn_is_err_msg  api_msg.o
    0x08007274   0x08007274   0x000000e0   Code   RO           21    .text.main          main.o
    0x08007354   0x08007354   0x000002a8   Code   RO         1901    .text.mem_free      mem.o
    0x080075fc   0x080075fc   0x00000084   Code   RO         1899    .text.mem_init      mem.o
    0x08007680   0x08007680   0x0000028c   Code   RO         1905    .text.mem_malloc    mem.o
    0x0800790c   0x0800790c   0x000001e0   Code   RO         1903    .text.mem_trim      mem.o
    0x08007aec   0x08007aec   0x00000090   Code   RO         1930    .text.memp_free     memp.o
    0x08007b7c   0x08007b7c   0x0000006c   Code   RO         1928    .text.memp_free_pool  memp.o
    0x08007be8   0x08007be8   0x00000380   Code   RO         1922    .text.memp_init     memp.o
    0x08007f68   0x08007f68   0x00000090   Code   RO         1920    .text.memp_init_pool  memp.o
    0x08007ff8   0x08007ff8   0x00000090   Code   RO         1926    .text.memp_malloc   memp.o
    0x08008088   0x08008088   0x00000068   Code   RO         1924    .text.memp_malloc_pool  memp.o
    0x080080f0   0x080080f0   0x00000024   Code   RO         1690    .text.netbuf_delete  netbuf.o
    0x08008114   0x08008114   0x00000054   Code   RO         1702    .text.netbuf_next   netbuf.o
    0x08008168   0x08008168   0x000000c8   Code   RO         1608    .text.netconn_alloc  api_msg.o
    0x08008230   0x08008230   0x0000007c   Code   RO         1553    .text.netconn_bind  api_lib.o
    0x080082ac   0x080082ac   0x00000058   Code   RO         1591    .text.netconn_close  api_lib.o
    0x08008304   0x08008304   0x00000080   Code   RO         1557    .text.netconn_connect  api_lib.o
    0x08008384   0x08008384   0x0000004e   Code   RO         1549    .text.netconn_delete  api_lib.o
    0x080083d2   0x080083d2   0x00000002   PAD
    0x080083d4   0x080083d4   0x000000fa   Code   RO         1614    .text.netconn_drain  api_msg.o
    0x080084ce   0x080084ce   0x00000002   PAD
    0x080084d0   0x080084d0   0x0000001c   Code   RO         1565    .text.netconn_err   api_lib.o
    0x080084ec   0x080084ec   0x000000f8   Code   RO         1610    .text.netconn_free  api_msg.o
    0x080085e4   0x080085e4   0x00000158   Code   RO         1545    .text.netconn_new_with_proto_and_callback  api_lib.o
    0x0800873c   0x0800873c   0x000000fc   Code   RO         1581    .text.netconn_recv  api_lib.o
    0x08008838   0x08008838   0x0000014c   Code   RO         1577    .text.netconn_recv_data  api_lib.o
    0x08008984   0x08008984   0x00000100   Code   RO         1571    .text.netconn_recv_data_tcp  api_lib.o
    0x08008a84   0x08008a84   0x0000001c   Code   RO         1587    .text.netconn_write_partly  api_lib.o
    0x08008aa0   0x08008aa0   0x000001d4   Code   RO         1589    .text.netconn_write_vectors_partly  api_lib.o
    0x08008c74   0x08008c74   0x000001dc   Code   RO         1975    .text.netif_add     netif.o
    0x08008e50   0x08008e50   0x00000058   Code   RO         2007    .text.netif_get_by_index  netif.o
    0x08008ea8   0x08008ea8   0x00000002   Code   RO         1969    .text.netif_init    netif.o
    0x08008eaa   0x08008eaa   0x00000002   PAD
    0x08008eac   0x08008eac   0x00000006   Code   RO         1977    .text.netif_null_output_ip4  netif.o
    0x08008eb2   0x08008eb2   0x00000002   PAD
    0x08008eb4   0x08008eb4   0x000000fa   Code   RO         1979    .text.netif_set_addr  netif.o
    0x08008fae   0x08008fae   0x00000002   PAD
    0x08008fb0   0x08008fb0   0x0000000c   Code   RO         1991    .text.netif_set_default  netif.o
    0x08008fbc   0x08008fbc   0x0000005c   Code   RO         1989    .text.netif_set_down  netif.o
    0x08009018   0x08009018   0x00000008   Code   RO         1999    .text.netif_set_link_callback  netif.o
    0x08009020   0x08009020   0x00000060   Code   RO         1997    .text.netif_set_link_down  netif.o
    0x08009080   0x08009080   0x00000090   Code   RO         1995    .text.netif_set_link_up  netif.o
    0x08009110   0x08009110   0x00000068   Code   RO         1993    .text.netif_set_up  netif.o
    0x08009178   0x08009178   0x00000020   Code   RO         1322    .text.osDelay       cmsis_os2.o
    0x08009198   0x08009198   0x00000010   Code   RO         1278    .text.osKernelGetTickCount  cmsis_os2.o
    0x080091a8   0x080091a8   0x00000028   Code   RO         1264    .text.osKernelInitialize  cmsis_os2.o
    0x080091d0   0x080091d0   0x0000003c   Code   RO         1270    .text.osKernelStart  cmsis_os2.o
    0x0800920c   0x0800920c   0x0000002a   Code   RO         1388    .text.osMessageQueueDelete  cmsis_os2.o
    0x08009236   0x08009236   0x00000002   PAD
    0x08009238   0x08009238   0x00000088   Code   RO         1376    .text.osMessageQueueGet  cmsis_os2.o
    0x080092c0   0x080092c0   0x00000018   Code   RO         1382    .text.osMessageQueueGetCount  cmsis_os2.o
    0x080092d8   0x080092d8   0x00000094   Code   RO         1372    .text.osMessageQueueNew  cmsis_os2.o
    0x0800936c   0x0800936c   0x000000a8   Code   RO         1374    .text.osMessageQueuePut  cmsis_os2.o
    0x08009414   0x08009414   0x00000054   Code   RO         1354    .text.osMutexAcquire  cmsis_os2.o
    0x08009468   0x08009468   0x00000078   Code   RO         1352    .text.osMutexNew    cmsis_os2.o
    0x080094e0   0x080094e0   0x0000004a   Code   RO         1356    .text.osMutexRelease  cmsis_os2.o
    0x0800952a   0x0800952a   0x00000002   PAD
    0x0800952c   0x0800952c   0x0000006c   Code   RO         1364    .text.osSemaphoreAcquire  cmsis_os2.o
    0x08009598   0x08009598   0x0000002a   Code   RO         1370    .text.osSemaphoreDelete  cmsis_os2.o
    0x080095c2   0x080095c2   0x00000002   PAD
    0x080095c4   0x080095c4   0x000000b8   Code   RO         1362    .text.osSemaphoreNew  cmsis_os2.o
    0x0800967c   0x0800967c   0x00000064   Code   RO         1366    .text.osSemaphoreRelease  cmsis_os2.o
    0x080096e0   0x080096e0   0x000000ae   Code   RO         1286    .text.osThreadNew   cmsis_os2.o
    0x0800978e   0x0800978e   0x00000002   PAD
    0x08009790   0x08009790   0x0000006c   Code   RO         2029    .text.pbuf_add_header  pbuf.o
    0x080097fc   0x080097fc   0x000001b0   Code   RO         2019    .text.pbuf_alloc    pbuf.o
    0x080099ac   0x080099ac   0x0000003e   Code   RO         2025    .text.pbuf_alloced_custom  pbuf.o
    0x080099ea   0x080099ea   0x00000002   PAD
    0x080099ec   0x080099ec   0x000000d2   Code   RO         2047    .text.pbuf_cat      pbuf.o
    0x08009abe   0x08009abe   0x00000002   PAD
    0x08009ac0   0x08009ac0   0x00000034   Code   RO         2043    .text.pbuf_clen     pbuf.o
    0x08009af4   0x08009af4   0x0000003e   Code   RO         2067    .text.pbuf_clone    pbuf.o
    0x08009b32   0x08009b32   0x00000002   PAD
    0x08009b34   0x08009b34   0x000001c4   Code   RO         2053    .text.pbuf_copy     pbuf.o
    0x08009cf8   0x08009cf8   0x000000f8   Code   RO         2055    .text.pbuf_copy_partial  pbuf.o
    0x08009df0   0x08009df0   0x00000138   Code   RO         2023    .text.pbuf_free     pbuf.o
    0x08009f28   0x08009f28   0x0000002e   Code   RO          189    .text.pbuf_free_custom  ethernetif.o
    0x08009f56   0x08009f56   0x00000002   PAD
    0x08009f58   0x08009f58   0x00000054   Code   RO         2081    .text.pbuf_free_ooseq_callback  pbuf.o
    0x08009fac   0x08009fac   0x00000006   Code   RO         2039    .text.pbuf_header_force  pbuf.o
    0x08009fb2   0x08009fb2   0x00000002   PAD
    0x08009fb4   0x08009fb4   0x000000f0   Code   RO         2037    .text.pbuf_header_impl  pbuf.o
    0x0800a0a4   0x0800a0a4   0x00000118   Code   RO         2027    .text.pbuf_realloc  pbuf.o
    0x0800a1bc   0x0800a1bc   0x00000044   Code   RO         2045    .text.pbuf_ref      pbuf.o
    0x0800a200   0x0800a200   0x00000078   Code   RO         2033    .text.pbuf_remove_header  pbuf.o
    0x0800a278   0x0800a278   0x00000096   Code   RO         1648    .text.poll_tcp      api_msg.o
    0x0800a30e   0x0800a30e   0x00000002   PAD
    0x0800a310   0x0800a310   0x0000028a   Code   RO         1099    .text.prvAddNewTaskToReadyList  tasks.o
    0x0800a59a   0x0800a59a   0x00000002   PAD
    0x0800a59c   0x0800a59c   0x00000086   Code   RO         1131    .text.prvIdleTask   tasks.o
    0x0800a622   0x0800a622   0x00000002   PAD
    0x0800a624   0x0800a624   0x00000128   Code   RO         1097    .text.prvInitialiseNewTask  tasks.o
    0x0800a74c   0x0800a74c   0x00000028   Code   RO         1459    .text.prvPortStartFirstTask  port.o
    0x0800a774   0x0800a774   0x0000003e   Code   RO         1449    .text.prvTaskExitError  port.o
    0x0800a7b2   0x0800a7b2   0x00000002   PAD
    0x0800a7b4   0x0800a7b4   0x0000038a   Code   RO         1216    .text.prvTimerTask  timers.o
    0x0800ab3e   0x0800ab3e   0x00000002   PAD
    0x0800ab40   0x0800ab40   0x00000074   Code   RO          996    .text.prvUnlockQueue  queue.o
    0x0800abb4   0x0800abb4   0x00000206   Code   RO         1425    .text.pvPortMalloc  heap_4.o
    0x0800adba   0x0800adba   0x00000002   PAD
    0x0800adbc   0x0800adbc   0x00000018   Code   RO         1187    .text.pvTaskIncrementMutexHeldCount  tasks.o
    0x0800add4   0x0800add4   0x00000028   Code   RO         1447    .text.pxPortInitialiseStack  port.o
    0x0800adfc   0x0800adfc   0x00000174   Code   RO         1652    .text.recv_tcp      api_msg.o
    0x0800af70   0x0800af70   0x0000013c   Code   RO         1644    .text.recv_udp      api_msg.o
    0x0800b0ac   0x0800b0ac   0x00000082   Code   RO         1646    .text.sent_tcp      api_msg.o
    0x0800b12e   0x0800b12e   0x00000002   PAD
    0x0800b130   0x0800b130   0x00000044   Code   RO         2483    .text.sys_arch_mbox_fetch  sys_arch.o
    0x0800b174   0x0800b174   0x00000016   Code   RO         2485    .text.sys_arch_mbox_tryfetch  sys_arch.o
    0x0800b18a   0x0800b18a   0x00000002   PAD
    0x0800b18c   0x0800b18c   0x00000018   Code   RO         2515    .text.sys_arch_protect  sys_arch.o
    0x0800b1a4   0x0800b1a4   0x0000003a   Code   RO         2493    .text.sys_arch_sem_wait  sys_arch.o
    0x0800b1de   0x0800b1de   0x00000002   PAD
    0x0800b1e0   0x0800b1e0   0x0000000e   Code   RO         2517    .text.sys_arch_unprotect  sys_arch.o
    0x0800b1ee   0x0800b1ee   0x00000002   PAD
    0x0800b1f0   0x0800b1f0   0x00000040   Code   RO         2289    .text.sys_check_timeouts  timeouts.o
    0x0800b230   0x0800b230   0x00000014   Code   RO         2503    .text.sys_init      sys_arch.o
    0x0800b244   0x0800b244   0x00000014   Code   RO         2475    .text.sys_mbox_free  sys_arch.o
    0x0800b258   0x0800b258   0x00000020   Code   RO         2473    .text.sys_mbox_new  sys_arch.o
    0x0800b278   0x0800b278   0x00000006   Code   RO         2489    .text.sys_mbox_set_invalid  sys_arch.o
    0x0800b27e   0x0800b27e   0x00000002   PAD
    0x0800b280   0x0800b280   0x0000001e   Code   RO         2479    .text.sys_mbox_trypost  sys_arch.o
    0x0800b29e   0x0800b29e   0x00000002   PAD
    0x0800b2a0   0x0800b2a0   0x0000000a   Code   RO         2487    .text.sys_mbox_valid  sys_arch.o
    0x0800b2aa   0x0800b2aa   0x00000002   PAD
    0x0800b2ac   0x0800b2ac   0x0000000a   Code   RO         2509    .text.sys_mutex_lock  sys_arch.o
    0x0800b2b6   0x0800b2b6   0x00000002   PAD
    0x0800b2b8   0x0800b2b8   0x0000001c   Code   RO         2505    .text.sys_mutex_new  sys_arch.o
    0x0800b2d4   0x0800b2d4   0x00000006   Code   RO         2511    .text.sys_mutex_unlock  sys_arch.o
    0x0800b2da   0x0800b2da   0x00000002   PAD
    0x0800b2dc   0x0800b2dc   0x00000004   Code   RO          191    .text.sys_now       ethernetif.o
    0x0800b2e0   0x0800b2e0   0x00000006   Code   RO         2497    .text.sys_sem_free  sys_arch.o
    0x0800b2e6   0x0800b2e6   0x00000002   PAD
    0x0800b2e8   0x0800b2e8   0x0000002e   Code   RO         2491    .text.sys_sem_new   sys_arch.o
    0x0800b316   0x0800b316   0x00000002   PAD
    0x0800b318   0x0800b318   0x00000006   Code   RO         2501    .text.sys_sem_set_invalid  sys_arch.o
    0x0800b31e   0x0800b31e   0x00000002   PAD
    0x0800b320   0x0800b320   0x00000006   Code   RO         2495    .text.sys_sem_signal  sys_arch.o
    0x0800b326   0x0800b326   0x00000002   PAD
    0x0800b328   0x0800b328   0x0000000a   Code   RO         2499    .text.sys_sem_valid  sys_arch.o
    0x0800b332   0x0800b332   0x00000002   PAD
    0x0800b334   0x0800b334   0x0000002a   Code   RO         2513    .text.sys_thread_new  sys_arch.o
    0x0800b35e   0x0800b35e   0x00000002   PAD
    0x0800b360   0x0800b360   0x00000114   Code   RO         2279    .text.sys_timeout   timeouts.o
    0x0800b474   0x0800b474   0x00000032   Code   RO         2283    .text.sys_timeouts_init  timeouts.o
    0x0800b4a6   0x0800b4a6   0x00000002   PAD
    0x0800b4a8   0x0800b4a8   0x00000026   Code   RO         2293    .text.sys_timeouts_sleeptime  timeouts.o
    0x0800b4ce   0x0800b4ce   0x00000002   PAD
    0x0800b4d0   0x0800b4d0   0x00000080   Code   RO           19    .text.taskETH       main.o
    0x0800b550   0x0800b550   0x0000004c   Code   RO           13    .text.taskST7789    main.o
    0x0800b59c   0x0800b59c   0x0000014c   Code   RO           15    .text.taskTCP_Init  main.o
    0x0800b6e8   0x0800b6e8   0x00000224   Code   RO         2121    .text.tcp_abandon   tcp.o
    0x0800b90c   0x0800b90c   0x00000006   Code   RO         2127    .text.tcp_abort     tcp.o
    0x0800b912   0x0800b912   0x00000002   PAD
    0x0800b914   0x0800b914   0x00000010   Code   RO         2179    .text.tcp_accept    tcp.o
    0x0800b924   0x0800b924   0x000002a8   Code   RO         2165    .text.tcp_alloc     tcp.o
    0x0800bbcc   0x0800bbcc   0x00000008   Code   RO         2171    .text.tcp_arg       tcp.o
    0x0800bbd4   0x0800bbd4   0x000005e0   Code   RO         2129    .text.tcp_bind      tcp.o
    0x0800c1b4   0x0800c1b4   0x00000054   Code   RO         2115    .text.tcp_close     tcp.o
    0x0800c208   0x0800c208   0x000002f4   Code   RO         2117    .text.tcp_close_shutdown  tcp.o
    0x0800c4fc   0x0800c4fc   0x0000063c   Code   RO         2143    .text.tcp_connect   tcp.o
    0x0800cb38   0x0800cb38   0x0000015c   Code   RO         2238    .text.tcp_create_segment  tcp_out.o
    0x0800cc94   0x0800cc94   0x00000070   Code   RO         2147    .text.tcp_eff_send_mss_netif  tcp.o
    0x0800cd04   0x0800cd04   0x00000214   Code   RO         2244    .text.tcp_enqueue_flags  tcp_out.o
    0x0800cf18   0x0800cf18   0x00000060   Code   RO         2177    .text.tcp_err       tcp.o
    0x0800cf78   0x0800cf78   0x00000120   Code   RO         2111    .text.tcp_fasttmr   tcp.o
    0x0800d098   0x0800d098   0x00000034   Code   RO         2107    .text.tcp_free      tcp.o
    0x0800d0cc   0x0800d0cc   0x00000168   Code   RO         2220    .text.tcp_free_acked_segments  tcp_in.o
    0x0800d234   0x0800d234   0x0000002c   Code   RO         2149    .text.tcp_free_ooseq  tcp.o
    0x0800d260   0x0800d260   0x00000016   Code   RO         2105    .text.tcp_init      tcp.o
    0x0800d276   0x0800d276   0x00000002   PAD
    0x0800d278   0x0800d278   0x000005d0   Code   RO         2204    .text.tcp_input     tcp_in.o
    0x0800d848   0x0800d848   0x00000042   Code   RO         2212    .text.tcp_input_delayed_close  tcp_in.o
    0x0800d88a   0x0800d88a   0x00000002   PAD
    0x0800d88c   0x0800d88c   0x00000134   Code   RO         2264    .text.tcp_keepalive  tcp_out.o
    0x0800d9c0   0x0800d9c0   0x0000012c   Code   RO         2208    .text.tcp_listen_input  tcp_in.o
    0x0800daec   0x0800daec   0x000000a0   Code   RO         2183    .text.tcp_netif_ip_addr_changed  tcp.o
    0x0800db8c   0x0800db8c   0x00000006   Code   RO         2169    .text.tcp_new_ip_type  tcp.o
    0x0800db92   0x0800db92   0x00000002   PAD
    0x0800db94   0x0800db94   0x00000054   Code   RO         2145    .text.tcp_next_iss  tcp.o
    0x0800dbe8   0x0800dbe8   0x0000008c   Code   RO         2222    .text.tcp_oos_insert_segment  tcp_in.o
    0x0800dc74   0x0800dc74   0x00000420   Code   RO         2246    .text.tcp_output    tcp_out.o
    0x0800e094   0x0800e094   0x000000b4   Code   RO         2262    .text.tcp_output_alloc_header_common  tcp_out.o
    0x0800e148   0x0800e148   0x000000fa   Code   RO         2216    .text.tcp_parseopt  tcp_in.o
    0x0800e242   0x0800e242   0x00000002   PAD
    0x0800e244   0x0800e244   0x000000cc   Code   RO         2236    .text.tcp_pbuf_prealloc  tcp_out.o
    0x0800e310   0x0800e310   0x000000d8   Code   RO         2151    .text.tcp_pcb_purge  tcp.o
    0x0800e3e8   0x0800e3e8   0x0000019c   Code   RO         2123    .text.tcp_pcb_remove  tcp.o
    0x0800e584   0x0800e584   0x00000088   Code   RO         2181    .text.tcp_poll      tcp.o
    0x0800e60c   0x0800e60c   0x000005dc   Code   RO         2210    .text.tcp_process   tcp_in.o
    0x0800ebe8   0x0800ebe8   0x000000cc   Code   RO         2153    .text.tcp_process_refused_data  tcp.o
    0x0800ecb4   0x0800ecb4   0x00000968   Code   RO         2218    .text.tcp_receive   tcp_in.o
    0x0800f61c   0x0800f61c   0x00000060   Code   RO         2173    .text.tcp_recv      tcp.o
    0x0800f67c   0x0800f67c   0x0000007c   Code   RO         2157    .text.tcp_recv_null  tcp.o
    0x0800f6f8   0x0800f6f8   0x00000118   Code   RO         2141    .text.tcp_recved    tcp.o
    0x0800f810   0x0800f810   0x000000c0   Code   RO         2256    .text.tcp_rexmit    tcp_out.o
    0x0800f8d0   0x0800f8d0   0x0000009c   Code   RO         2258    .text.tcp_rexmit_fast  tcp_out.o
    0x0800f96c   0x0800f96c   0x0000011c   Code   RO         2254    .text.tcp_rexmit_rto  tcp_out.o
    0x0800fa88   0x0800fa88   0x0000003e   Code   RO         2252    .text.tcp_rexmit_rto_commit  tcp_out.o
    0x0800fac6   0x0800fac6   0x00000002   PAD
    0x0800fac8   0x0800fac8   0x000000f0   Code   RO         2250    .text.tcp_rexmit_rto_prepare  tcp_out.o
    0x0800fbb8   0x0800fbb8   0x00000124   Code   RO         2260    .text.tcp_rst       tcp_out.o
    0x0800fcdc   0x0800fcdc   0x00000060   Code   RO         2163    .text.tcp_seg_copy  tcp.o
    0x0800fd3c   0x0800fd3c   0x00000020   Code   RO         2159    .text.tcp_seg_free  tcp.o
    0x0800fd5c   0x0800fd5c   0x00000028   Code   RO         2125    .text.tcp_segs_free  tcp.o
    0x0800fd84   0x0800fd84   0x0000014c   Code   RO         2248    .text.tcp_send_empty_ack  tcp_out.o
    0x0800fed0   0x0800fed0   0x00000098   Code   RO         2242    .text.tcp_send_fin  tcp_out.o
    0x0800ff68   0x0800ff68   0x00000060   Code   RO         2175    .text.tcp_sent      tcp.o
    0x0800ffc8   0x0800ffc8   0x000000a4   Code   RO         2119    .text.tcp_shutdown  tcp.o
    0x0801006c   0x0801006c   0x0000061c   Code   RO         2113    .text.tcp_slowtmr   tcp.o
    0x08010688   0x08010688   0x00000248   Code   RO         2240    .text.tcp_split_unsent_seg  tcp_out.o
    0x080108d0   0x080108d0   0x000000de   Code   RO         2277    .text.tcp_timer_needed  timeouts.o
    0x080109ae   0x080109ae   0x00000002   PAD
    0x080109b0   0x080109b0   0x00000088   Code   RO         2206    .text.tcp_timewait_input  tcp_in.o
    0x08010a38   0x08010a38   0x00000022   Code   RO         2109    .text.tcp_tmr       tcp.o
    0x08010a5a   0x08010a5a   0x00000002   PAD
    0x08010a5c   0x08010a5c   0x00000012   Code   RO         2214    .text.tcp_trigger_input_pcb_close  tcp_in.o
    0x08010a6e   0x08010a6e   0x00000002   PAD
    0x08010a70   0x08010a70   0x000000a0   Code   RO         2139    .text.tcp_update_rcv_ann_wnd  tcp.o
    0x08010b10   0x08010b10   0x0000078c   Code   RO         2234    .text.tcp_write     tcp_out.o
    0x0801129c   0x0801129c   0x0000014c   Code   RO         2266    .text.tcp_zero_window_probe  tcp_out.o
    0x080113e8   0x080113e8   0x000000d4   Code   RO         1819    .text.tcpip_init    tcpip.o
    0x080114bc   0x080114bc   0x000000d8   Code   RO         1801    .text.tcpip_input   tcpip.o
    0x08011594   0x08011594   0x00000024   Code   RO         1807    .text.tcpip_send_msg_wait_sem  tcpip.o
    0x080115b8   0x080115b8   0x000000e6   Code   RO         2281    .text.tcpip_tcp_timer  timeouts.o
    0x0801169e   0x0801169e   0x00000002   PAD
    0x080116a0   0x080116a0   0x000000d2   Code   RO         1821    .text.tcpip_thread  tcpip.o
    0x08011772   0x08011772   0x00000002   PAD
    0x08011774   0x08011774   0x0000007e   Code   RO         1805    .text.tcpip_try_callback  tcpip.o
    0x080117f2   0x080117f2   0x00000002   PAD
    0x080117f4   0x080117f4   0x00000194   Code   RO         2319    .text.udp_bind      udp.o
    0x08011988   0x08011988   0x000001ec   Code   RO         2323    .text.udp_connect   udp.o
    0x08011b74   0x08011b74   0x00000016   Code   RO         2307    .text.udp_init      udp.o
    0x08011b8a   0x08011b8a   0x00000002   PAD
    0x08011b8c   0x08011b8c   0x00000294   Code   RO         2309    .text.udp_input     udp.o
    0x08011e20   0x08011e20   0x0000007c   Code   RO         2335    .text.udp_netif_ip_addr_changed  udp.o
    0x08011e9c   0x08011e9c   0x00000026   Code   RO         2333    .text.udp_new_ip_type  udp.o
    0x08011ec2   0x08011ec2   0x00000002   PAD
    0x08011ec4   0x08011ec4   0x0000003c   Code   RO         2327    .text.udp_recv      udp.o
    0x08011f00   0x08011f00   0x00000088   Code   RO         2329    .text.udp_remove    udp.o
    0x08011f88   0x08011f88   0x00000024   Code   RO          960    .text.uxListRemove  list.o
    0x08011fac   0x08011fac   0x00000026   Code   RO         1010    .text.uxQueueMessagesWaiting  queue.o
    0x08011fd2   0x08011fd2   0x00000002   PAD
    0x08011fd4   0x08011fd4   0x0000001a   Code   RO         1014    .text.uxQueueMessagesWaitingFromISR  queue.o
    0x08011fee   0x08011fee   0x00000002   PAD
    0x08011ff0   0x08011ff0   0x0000001a   Code   RO         1408    .text.vApplicationGetIdleTaskMemory  cmsis_os2.o
    0x0801200a   0x0801200a   0x00000002   PAD
    0x0801200c   0x0801200c   0x0000001c   Code   RO         1410    .text.vApplicationGetTimerTaskMemory  cmsis_os2.o
    0x08012028   0x08012028   0x00000016   Code   RO          952    .text.vListInitialise  list.o
    0x0801203e   0x0801203e   0x00000002   PAD
    0x08012040   0x08012040   0x00000006   Code   RO          954    .text.vListInitialiseItem  list.o
    0x08012046   0x08012046   0x00000002   PAD
    0x08012048   0x08012048   0x00000062   Code   RO          958    .text.vListInsert   list.o
    0x080120aa   0x080120aa   0x00000002   PAD
    0x080120ac   0x080120ac   0x0000001c   Code   RO          956    .text.vListInsertEnd  list.o
    0x080120c8   0x080120c8   0x00000014   Code   RO         1457    .text.vPortEnableVFP  port.o
    0x080120dc   0x080120dc   0x00000046   Code   RO         1463    .text.vPortEnterCritical  port.o
    0x08012122   0x08012122   0x00000002   PAD
    0x08012124   0x08012124   0x0000002e   Code   RO         1465    .text.vPortExitCritical  port.o
    0x08012152   0x08012152   0x00000002   PAD
    0x08012154   0x08012154   0x000000d4   Code   RO         1427    .text.vPortFree     heap_4.o
    0x08012228   0x08012228   0x00000034   Code   RO         1455    .text.vPortSetupTimerInterrupt  port.o
    0x0801225c   0x0801225c   0x0000005e   Code   RO         1471    .text.vPortValidateInterruptPriority  port.o
    0x080122ba   0x080122ba   0x00000002   PAD
    0x080122bc   0x080122bc   0x000000b0   Code   RO         1030    .text.vQueueAddToRegistry  queue.o
    0x0801236c   0x0801236c   0x000000a8   Code   RO         1016    .text.vQueueDelete  queue.o
    0x08012414   0x08012414   0x000000c0   Code   RO         1018    .text.vQueueUnregisterQueue  queue.o
    0x080124d4   0x080124d4   0x00000052   Code   RO         1034    .text.vQueueWaitForMessageRestricted  queue.o
    0x08012526   0x08012526   0x00000002   PAD
    0x08012528   0x08012528   0x00000080   Code   RO         1111    .text.vTaskDelay    tasks.o
    0x080125a8   0x080125a8   0x00000012   Code   RO         1161    .text.vTaskInternalSetTimeOutState  tasks.o
    0x080125ba   0x080125ba   0x00000002   PAD
    0x080125bc   0x080125bc   0x0000000e   Code   RO         1165    .text.vTaskMissedYield  tasks.o
    0x080125ca   0x080125ca   0x00000002   PAD
    0x080125cc   0x080125cc   0x00000074   Code   RO         1149    .text.vTaskPlaceOnEventList  tasks.o
    0x08012640   0x08012640   0x0000007a   Code   RO         1153    .text.vTaskPlaceOnEventListRestricted  tasks.o
    0x080126ba   0x080126ba   0x00000002   PAD
    0x080126bc   0x080126bc   0x000000a2   Code   RO         1183    .text.vTaskPriorityDisinheritAfterTimeout  tasks.o
    0x0801275e   0x0801275e   0x00000002   PAD
    0x08012760   0x08012760   0x000000f0   Code   RO         1129    .text.vTaskStartScheduler  tasks.o
    0x08012850   0x08012850   0x00000010   Code   RO         1107    .text.vTaskSuspendAll  tasks.o
    0x08012860   0x08012860   0x000000bc   Code   RO         1123    .text.vTaskSwitchContext  tasks.o
    0x0801291c   0x0801291c   0x00000184   Code   RO         1453    .text.xPortStartScheduler  port.o
    0x08012aa0   0x08012aa0   0x0000002e   Code   RO         1469    .text.xPortSysTickHandler  port.o
    0x08012ace   0x08012ace   0x00000002   PAD
    0x08012ad0   0x08012ad0   0x00000044   Code   RO          994    .text.xQueueCreateCountingSemaphore  queue.o
    0x08012b14   0x08012b14   0x000000c2   Code   RO          992    .text.xQueueCreateCountingSemaphoreStatic  queue.o
    0x08012bd6   0x08012bd6   0x00000002   PAD
    0x08012bd8   0x08012bd8   0x00000070   Code   RO          976    .text.xQueueCreateMutex  queue.o
    0x08012c48   0x08012c48   0x000000a2   Code   RO          978    .text.xQueueCreateMutexStatic  queue.o
    0x08012cea   0x08012cea   0x00000002   PAD
    0x08012cec   0x08012cec   0x00000086   Code   RO          974    .text.xQueueGenericCreate  queue.o
    0x08012d72   0x08012d72   0x00000002   PAD
    0x08012d74   0x08012d74   0x000000de   Code   RO          972    .text.xQueueGenericCreateStatic  queue.o
    0x08012e52   0x08012e52   0x00000002   PAD
    0x08012e54   0x08012e54   0x0000022a   Code   RO          986    .text.xQueueGenericSend  queue.o
    0x0801307e   0x0801307e   0x00000002   PAD
    0x08013080   0x08013080   0x00000158   Code   RO          998    .text.xQueueGenericSendFromISR  queue.o
    0x080131d8   0x080131d8   0x000000c8   Code   RO         1000    .text.xQueueGiveFromISR  queue.o
    0x080132a0   0x080132a0   0x00000042   Code   RO          984    .text.xQueueGiveMutexRecursive  queue.o
    0x080132e2   0x080132e2   0x00000002   PAD
    0x080132e4   0x080132e4   0x000001a2   Code   RO         1002    .text.xQueueReceive  queue.o
    0x08013486   0x08013486   0x00000002   PAD
    0x08013488   0x08013488   0x000000e4   Code   RO         1006    .text.xQueueReceiveFromISR  queue.o
    0x0801356c   0x0801356c   0x000001da   Code   RO          990    .text.xQueueSemaphoreTake  queue.o
    0x08013746   0x08013746   0x00000002   PAD
    0x08013748   0x08013748   0x00000048   Code   RO          988    .text.xQueueTakeMutexRecursive  queue.o
    0x08013790   0x08013790   0x000000a2   Code   RO         1163    .text.xTaskCheckForTimeOut  tasks.o
    0x08013832   0x08013832   0x00000002   PAD
    0x08013834   0x08013834   0x00000060   Code   RO         1101    .text.xTaskCreate   tasks.o
    0x08013894   0x08013894   0x00000076   Code   RO         1095    .text.xTaskCreateStatic  tasks.o
    0x0801390a   0x0801390a   0x00000002   PAD
    0x0801390c   0x0801390c   0x0000000c   Code   RO         1175    .text.xTaskGetCurrentTaskHandle  tasks.o
    0x08013918   0x08013918   0x0000001e   Code   RO         1177    .text.xTaskGetSchedulerState  tasks.o
    0x08013936   0x08013936   0x00000002   PAD
    0x08013938   0x08013938   0x0000000c   Code   RO         1137    .text.xTaskGetTickCount  tasks.o
    0x08013944   0x08013944   0x00000012   Code   RO         1139    .text.xTaskGetTickCountFromISR  tasks.o
    0x08013956   0x08013956   0x00000002   PAD
    0x08013958   0x08013958   0x00000104   Code   RO         1135    .text.xTaskIncrementTick  tasks.o
    0x08013a5c   0x08013a5c   0x0000008a   Code   RO         1181    .text.xTaskPriorityDisinherit  tasks.o
    0x08013ae6   0x08013ae6   0x00000002   PAD
    0x08013ae8   0x08013ae8   0x00000092   Code   RO         1179    .text.xTaskPriorityInherit  tasks.o
    0x08013b7a   0x08013b7a   0x00000002   PAD
    0x08013b7c   0x08013b7c   0x00000072   Code   RO         1155    .text.xTaskRemoveFromEventList  tasks.o
    0x08013bee   0x08013bee   0x00000002   PAD
    0x08013bf0   0x08013bf0   0x000000ee   Code   RO         1109    .text.xTaskResumeAll  tasks.o
    0x08013cde   0x08013cde   0x00000002   PAD
    0x08013ce0   0x08013ce0   0x000000b4   Code   RO         1214    .text.xTimerCreateTimerTask  timers.o
    0x08013d94   0x08013d94   0x00000020   Code   RO         2722    i.__0printf$3       mc_w.l(printf3.o)
    0x08013db4   0x08013db4   0x00000034   Code   RO         2723    i.__0snprintf$3     mc_w.l(printf3.o)
    0x08013de8   0x08013de8   0x0000000e   Code   RO         2957    i.__scatterload_copy  mc_w.l(handlers.o)
    0x08013df6   0x08013df6   0x00000002   Code   RO         2958    i.__scatterload_null  mc_w.l(handlers.o)
    0x08013df8   0x08013df8   0x0000000e   Code   RO         2959    i.__scatterload_zeroinit  mc_w.l(handlers.o)
    0x08013e06   0x08013e06   0x00000002   PAD
    0x08013e08   0x08013e08   0x000001b8   Code   RO         2729    i._printf_core      mc_w.l(printf3.o)
    0x08013fc0   0x08013fc0   0x00000016   Code   RO         2730    i._snputc           mc_w.l(printf3.o)
    0x08013fd6   0x08013fd6   0x00000002   PAD
    0x08013fd8   0x08013fd8   0x00000024   Code   RO         2578    i.puts              mc_w.l(puts.o)
    0x08013ffc   0x08013ffc   0x00000010   Data   RO          905    .rodata.AHBPrescTable  system_stm32f4xx.o
    0x0801400c   0x0801400c   0x00000008   Data   RO          906    .rodata.APBPrescTable  system_stm32f4xx.o
    0x08014014   0x08014014   0x00000474   Data   RO          135    .rodata.ascii_1206  lcd.o
    0x08014488   0x08014488   0x000005f0   Data   RO          136    .rodata.ascii_1608  lcd.o
    0x08014a78   0x08014a78   0x000011d0   Data   RO          137    .rodata.ascii_2412  lcd.o
    0x08015c48   0x08015c48   0x000017c0   Data   RO          138    .rodata.ascii_3216  lcd.o
    0x08017408   0x08017408   0x00000024   Data   RO           63    .rodata.defaultTask_attributes  freertos.o
    0x0801742c   0x0801742c   0x00000006   Data   RO         1529    .rodata.ethbroadcast  ethernet.o
    0x08017432   0x08017432   0x00000006   Data   RO         1530    .rodata.ethzero     ethernet.o
    0x08017438   0x08017438   0x0001c208   Data   RO           29    .rodata.gImage_airisu03  main.o
    0x08033640   0x08033640   0x0001c208   Data   RO           27    .rodata.gImage_image  main.o
    0x0804f848   0x0804f848   0x0001c208   Data   RO           28    .rodata.gImage_remu02  main.o
    0x0806ba50   0x0806ba50   0x00000004   Data   RO         2433    .rodata.ip_addr_any  ip4_addr.o
    0x0806ba54   0x0806ba54   0x00000018   Data   RO         2295    .rodata.lwip_cyclic_timers  timeouts.o
    0x0806ba6c   0x0806ba6c   0x0000000c   Data   RO         1943    .rodata.memp_FRAG_PBUF  memp.o
    0x0806ba78   0x0806ba78   0x0000000c   Data   RO         1945    .rodata.memp_NETBUF  memp.o
    0x0806ba84   0x0806ba84   0x0000000c   Data   RO         1947    .rodata.memp_NETCONN  memp.o
    0x0806ba90   0x0806ba90   0x0000000c   Data   RO         1955    .rodata.memp_PBUF   memp.o
    0x0806ba9c   0x0806ba9c   0x0000000c   Data   RO         1957    .rodata.memp_PBUF_POOL  memp.o
    0x0806baa8   0x0806baa8   0x0000000c   Data   RO         1941    .rodata.memp_REASSDATA  memp.o
    0x0806bab4   0x0806bab4   0x0000000c   Data   RO          207    .rodata.memp_RX_POOL  ethernetif.o
    0x0806bac0   0x0806bac0   0x0000000c   Data   RO         1953    .rodata.memp_SYS_TIMEOUT  memp.o
    0x0806bacc   0x0806bacc   0x0000000c   Data   RO         1949    .rodata.memp_TCPIP_MSG_API  memp.o
    0x0806bad8   0x0806bad8   0x0000000c   Data   RO         1951    .rodata.memp_TCPIP_MSG_INPKT  memp.o
    0x0806bae4   0x0806bae4   0x0000000c   Data   RO         1935    .rodata.memp_TCP_PCB  memp.o
    0x0806baf0   0x0806baf0   0x0000000c   Data   RO         1937    .rodata.memp_TCP_PCB_LISTEN  memp.o
    0x0806bafc   0x0806bafc   0x0000000c   Data   RO         1939    .rodata.memp_TCP_SEG  memp.o
    0x0806bb08   0x0806bb08   0x0000000c   Data   RO         1933    .rodata.memp_UDP_PCB  memp.o
    0x0806bb14   0x0806bb14   0x00000034   Data   RO         1958    .rodata.memp_pools  memp.o
    0x0806bb48   0x0806bb48   0x00000001   Data   RO         1654    .rodata.netconn_aborted  api_msg.o
    0x0806bb49   0x0806bb49   0x00000001   Data   RO         1656    .rodata.netconn_closed  api_msg.o
    0x0806bb4a   0x0806bb4a   0x00000001   Data   RO         1655    .rodata.netconn_reset  api_msg.o
    0x0806bb4b   0x0806bb4b   0x0000000c   Data   RO           62    .rodata.str1.1      freertos.o
    0x0806bb57   0x0806bb57   0x00000005   Data   RO         1254    .rodata.str1.1      timers.o
    0x0806bb5c   0x0806bb5c   0x00000028   Data   RO         1531    .rodata.str1.1      ethernet.o
    0x0806bb84   0x0806bb84   0x00000090   Data   RO         1595    .rodata.str1.1      api_lib.o
    0x0806bc14   0x0806bc14   0x0000010a   Data   RO         1657    .rodata.str1.1      api_msg.o
    0x0806bd1e   0x0806bd1e   0x00000031   Data   RO         1706    .rodata.str1.1      netbuf.o
    0x0806bd4f   0x0806bd4f   0x0000005b   Data   RO         1829    .rodata.str1.1      tcpip.o
    0x0806bdaa   0x0806bdaa   0x000000f1   Data   RO         1910    .rodata.str1.1      mem.o
    0x0806be9b   0x0806be9b   0x00000085   Data   RO         1959    .rodata.str1.1      memp.o
    0x0806bf20   0x0806bf20   0x00000031   Data   RO         2009    .rodata.str1.1      netif.o
    0x0806bf51   0x0806bf51   0x00000129   Data   RO         2083    .rodata.str1.1      pbuf.o
    0x0806c07a   0x0806c07a   0x000001ab   Data   RO         2190    .rodata.str1.1      tcp.o
    0x0806c225   0x0806c225   0x000001c2   Data   RO         2224    .rodata.str1.1      tcp_in.o
    0x0806c3e7   0x0806c3e7   0x000002be   Data   RO         2268    .rodata.str1.1      tcp_out.o
    0x0806c6a5   0x0806c6a5   0x00000071   Data   RO         2297    .rodata.str1.1      timeouts.o
    0x0806c716   0x0806c716   0x0000002f   Data   RO         2338    .rodata.str1.1      udp.o
    0x0806c745   0x0806c745   0x00000095   Data   RO         2373    .rodata.str1.1      etharp.o
    0x0806c7da   0x0806c7da   0x00000035   Data   RO         2391    .rodata.str1.1      icmp.o
    0x0806c80f   0x0806c80f   0x00000040   Data   RO         2411    .rodata.str1.1      ip4.o
    0x0806c84f   0x0806c84f   0x00000052   Data   RO         2454    .rodata.str1.1      ip4_frag.o
    0x0806c8a1   0x0806c8a1   0x0000000d   Data   RO         2193    .rodata.tcp_backoff  tcp.o
    0x0806c8ae   0x0806c8ae   0x00000007   Data   RO         2192    .rodata.tcp_persist_backoff  tcp.o
    0x0806c8b5   0x0806c8b5   0x00000003   PAD
    0x0806c8b8   0x0806c8b8   0x00000020   Data   RO         2956    Region$$Table       anon$$obj.o


    Execution Region RW_IRAM2 (Exec base: 0x10000000, Load base: 0x0806c920, Size: 0x00000000, Max: 0x00010000, ABSOLUTE)

    **** No section assigned to this execution region ****


    Execution Region RW_IRAM1 (Exec base: 0x20000000, Load base: 0x0806c8d8, Size: 0x00011d60, Max: 0x00030000, ABSOLUTE)

    Exec Addr    Load Addr    Size         Type   Attr      Idx    E Section Name        Object

    0x20000000   0x0806c8d8   0x00000004   Data   RW         2613    .data               mc_w.l(rand.o)
    0x20000004   0x0806c8dc   0x00000008   Data   RW          637    .data..L_MergedGlobals  stm32f4xx_hal.o
    0x2000000c   0x0806c8e4   0x00000008   Data   RW         2194    .data..L_MergedGlobals  tcp.o
    0x20000014   0x0806c8ec   0x00000014   Data   RW          208    .data.LAN8742_IOCtx  ethernetif.o
    0x20000028   0x0806c900   0x00000004   Data   RW          904    .data.SystemCoreClock  system_stm32f4xx.o
    0x2000002c   0x0806c904   0x0000000c   Data   RW           31    .data.imageArray    main.o
    0x20000038   0x0806c910   0x0000000a   Data   RW           32    .data.msg           main.o
    0x20000042   0x0806c91a   0x00000002   Data   RW         2337    .data.udp_port      udp.o
    0x20000044   0x0806c91c   0x00000004   Data   RW         1473    .data.uxCriticalNesting  port.o
    0x20000048        -       0x00000020   Zero   RW           40    .bss..L_MergedGlobals  main.o
    0x20000068        -       0x00000064   Zero   RW          212    .bss..L_MergedGlobals  ethernetif.o
    0x200000cc        -       0x00000070   Zero   RW          225    .bss..L_MergedGlobals  lwip.o
    0x2000013c        -       0x00000078   Zero   RW         1204    .bss..L_MergedGlobals  tasks.o
    0x200001b4        -       0x0000003c   Zero   RW         1255    .bss..L_MergedGlobals  timers.o
    0x200001f0        -       0x00000020   Zero   RW         1438    .bss..L_MergedGlobals  heap_4.o
    0x20000210        -       0x00000008   Zero   RW         1474    .bss..L_MergedGlobals  port.o
    0x20000218        -       0x00000010   Zero   RW         1830    .bss..L_MergedGlobals  tcpip.o
    0x20000228        -       0x00000010   Zero   RW         1911    .bss..L_MergedGlobals  mem.o
    0x20000238        -       0x00000034   Zero   RW         1960    .bss..L_MergedGlobals  memp.o
    0x2000026c        -       0x0000000c   Zero   RW         2010    .bss..L_MergedGlobals  netif.o
    0x20000278        -       0x00000034   Zero   RW         2225    .bss..L_MergedGlobals  tcp_in.o
    0x200002ac        -       0x0000000c   Zero   RW         2298    .bss..L_MergedGlobals  timeouts.o
    0x200002b8        -       0x00000008   Zero   RW         2455    .bss..L_MergedGlobals  ip4_frag.o
    0x200002c0        -       0x00000028   Zero   RW         1205    .bss..L_MergedGlobals.1  tasks.o
    0x200002e8        -       0x00000018   Zero   RW         2195    .bss..L_MergedGlobals.65  tcp.o
    0x20000300        -       0x000000a0   Zero   RW          210    .bss.DMARxDscrTab   ethernetif.o
    0x200003a0        -       0x000000a0   Zero   RW          211    .bss.DMATxDscrTab   ethernetif.o
    0x20000440        -       0x00000004   Zero   RW         1412    .bss.KernelState    cmsis_os2.o
    0x20000444        -       0x00000054   Zero   RW           38    .bss.__stdout       main.o
    0x20000498        -       0x000000f0   Zero   RW         2372    .bss.arp_table      etharp.o
    0x20000588        -       0x00000004   Zero   RW           64    .bss.defaultTaskHandle  freertos.o
    0x2000058c        -       0x00000001   Zero   RW         2374    .bss.etharp_cached_entry  etharp.o
    0x2000058d   0x0806c920   0x00000003   PAD
    0x20000590        -       0x000000b0   Zero   RW          209    .bss.heth           ethernetif.o
    0x20000640        -       0x00000044   Zero   RW           78    .bss.huart3         usart.o
    0x20000684        -       0x00000018   Zero   RW         1893    .bss.ip_data        ip.o
    0x2000069c        -       0x00000002   Zero   RW         2412    .bss.ip_id          ip4.o
    0x2000069e   0x0806c920   0x00000002   PAD
    0x200006a0        -       0x00000004   Zero   RW         2519    .bss.lwip_sys_mutex  sys_arch.o
    0x200006a4        -       0x0000016b   Zero   RW         1942    .bss.memp_memory_FRAG_PBUF_base  memp.o
    0x2000080f        -       0x00000023   Zero   RW         1944    .bss.memp_memory_NETBUF_base  memp.o
    0x20000832        -       0x000000a3   Zero   RW         1946    .bss.memp_memory_NETCONN_base  memp.o
    0x200008d5        -       0x00002603   Zero   RW         1956    .bss.memp_memory_PBUF_POOL_base  memp.o
    0x20002ed8        -       0x00000103   Zero   RW         1954    .bss.memp_memory_PBUF_base  memp.o
    0x20002fdb        -       0x000000a3   Zero   RW         1940    .bss.memp_memory_REASSDATA_base  memp.o
    0x2000307e        -       0x00004983   Zero   RW          205    .bss.memp_memory_RX_POOL_base  ethernetif.o
    0x20007a01        -       0x00000033   Zero   RW         1952    .bss.memp_memory_SYS_TIMEOUT_base  memp.o
    0x20007a34        -       0x00000083   Zero   RW         1948    .bss.memp_memory_TCPIP_MSG_API_base  memp.o
    0x20007ab7        -       0x00000083   Zero   RW         1950    .bss.memp_memory_TCPIP_MSG_INPKT_base  memp.o
    0x20007b3a        -       0x000000e3   Zero   RW         1936    .bss.memp_memory_TCP_PCB_LISTEN_base  memp.o
    0x20007c1d        -       0x0000030f   Zero   RW         1934    .bss.memp_memory_TCP_PCB_base  memp.o
    0x20007f2c        -       0x00000103   Zero   RW         1938    .bss.memp_memory_TCP_SEG_base  memp.o
    0x2000802f        -       0x00000083   Zero   RW         1932    .bss.memp_memory_UDP_PCB_base  memp.o
    0x200080b2   0x0806c920   0x00000002   PAD
    0x200080b4        -       0x00000004   Zero   RW          206    .bss.memp_tab_RX_POOL  ethernetif.o
    0x200080b8        -       0x00000064   Zero   RW           34    .bss.msgc           main.o
    0x2000811c        -       0x00000001   Zero   RW         2084    .bss.pbuf_free_ooseq_pending  pbuf.o
    0x2000811d        -       0x000000a0   Zero   RW         1253    .bss.prvCheckForValidListAndQueue.ucStaticTimerQueueStorage  timers.o
    0x200081bd   0x0806c920   0x00000003   PAD
    0x200081c0        -       0x00000050   Zero   RW         1252    .bss.prvCheckForValidListAndQueue.xStaticTimerQueue  timers.o
    0x20008210        -       0x00000460   Zero   RW         1203    .bss.pxReadyTasksLists  tasks.o
    0x20008670        -       0x00002813   Zero   RW         1909    .bss.ram_heap       mem.o
    0x2000ae83        -       0x000000c8   Zero   RW           35    .bss.smsgc          main.o
    0x2000af4b        -       0x00000001   Zero   RW         2191    .bss.tcp_timer      tcp.o
    0x2000af4c        -       0x00006310   Zero   RW         1437    .bss.ucHeap         heap_4.o
    0x2001125c        -       0x00000004   Zero   RW         2339    .bss.udp_pcbs       udp.o
    0x20011260        -       0x00000004   Zero   RW          636    .bss.uwTick         stm32f4xx_hal.o
    0x20011264        -       0x00000200   Zero   RW         1414    .bss.vApplicationGetIdleTaskMemory.Idle_Stack  cmsis_os2.o
    0x20011464        -       0x0000005c   Zero   RW         1413    .bss.vApplicationGetIdleTaskMemory.Idle_TCB  cmsis_os2.o
    0x200114c0        -       0x00000400   Zero   RW         1416    .bss.vApplicationGetTimerTaskMemory.Timer_Stack  cmsis_os2.o
    0x200118c0        -       0x0000005c   Zero   RW         1415    .bss.vApplicationGetTimerTaskMemory.Timer_TCB  cmsis_os2.o
    0x2001191c        -       0x00000040   Zero   RW         1036    .bss.xQueueRegistry  queue.o
    0x2001195c   0x0806c920   0x00000004   PAD
    0x20011960        -       0x00000400   Zero   RW            1    STACK               startup_stm32f429xx.o


==============================================================================

Image component sizes


      Code (inc. data)   RO Data    RW Data    ZI Data      Debug   Object Name

      2126        336        144          0          0      22758   api_lib.o
      5972        920        269          0          0      23690   api_msg.o
      1606          0          0          0       1724      44559   cmsis_os2.o
         8          0          0          0          0       3198   def.o
      4602        260        149          0        241      18620   etharp.o
       372        108         52          0          0       3569   ethernet.o
      1726        148         12         20      19419      20570   ethernetif.o
        48          0         48          0          4       2793   freertos.o
       380          0          0          0          0       4343   gpio.o
       730          0          0          0      25392       5588   heap_4.o
       672        152         53          0          0       5634   icmp.o
        34          0          0          0          0        601   init.o
         0          0          0          0         24       2288   ip.o
       922         48         64          0          2       6579   ip4.o
        52          0          4          0          0       9917   ip4_addr.o
      2694        300         82          0          8      13036   ip4_frag.o
       454          0          0          0          0       7097   lan8742.o
      1082          0      13300          0          0       5176   lcd.o
      2748          0          0          0          0       4919   lcd_init.o
       190          0          0          0          0       2311   list.o
       206          8          0          0        112       4153   lwip.o
       998        108     345624         22        416       8808   main.o
      1944        340        241          0      10275       6888   mem.o
      1540         60        341          0      12479       8901   memp.o
       120         28         49          0          0       5017   netbuf.o
      1278        264         49          0         12      11712   netif.o
      2736        368        297          0          1      31271   pbuf.o
       994         16          0          4          8       4170   port.o
      4046          0          0          0         64      28259   queue.o
        36          8        428          0       1024        820   startup_stm32f429xx.o
       204          0          0          8          4       7677   stm32f4xx_hal.o
       200          0          0          0          0      10669   stm32f4xx_hal_cortex.o
      3506          0          0          0          0      29620   stm32f4xx_hal_eth.o
       472          0          0          0          0       5284   stm32f4xx_hal_gpio.o
        66          0          0          0          0       3720   stm32f4xx_hal_msp.o
       122          0          0          0          0       4565   stm32f4xx_hal_pwr_ex.o
      1430          0          0          0          0       7387   stm32f4xx_hal_rcc.o
       978          0          0          0          0      31699   stm32f4xx_hal_uart.o
        66          0          0          0          0       5531   stm32f4xx_it.o
       464          0          0          0          4       8598   sys_arch.o
        18          0         24          4          0       2674   system_stm32f4xx.o
      3452          8          0          0       1280      43028   tasks.o
      9716       1086        447          8         25      36034   tcp.o
      6666        418        450          0         52      16308   tcp_in.o
      7186        940        702          0          0      27792   tcp_out.o
       800         88         91          0         16       8998   tcpip.o
      1254         56        137          0         12       8285   timeouts.o
      1086         20          5          0        300      16106   timers.o
      1936        248         47          2          4      14432   udp.o
       168          0          0          0         68       5035   usart.o

    ----------------------------------------------------------------------
     80408       6348     363144         68      72984     610687   Object Totals
         0          0         32          0          0          0   (incl. Generated)
       302         12          3          0         14          0   (incl. Padding)

    ----------------------------------------------------------------------

      Code (inc. data)   RO Data    RW Data    ZI Data      Debug   Library Member Name

         0          0          0          0          0          0   entry.o
         0          0          0          0          0          0   entry10a.o
         0          0          0          0          0          0   entry11a.o
         8          4          0          0          0          0   entry2.o
         4          0          0          0          0          0   entry5.o
         0          0          0          0          0          0   entry7b.o
         0          0          0          0          0          0   entry8b.o
         8          4          0          0          0          0   entry9a.o
        30          0          0          0          0          0   handlers.o
        36          8          0          0          0         68   init.o
        30          0          0          0          0         68   llshl.o
        32          0          0          0          0         68   llushr.o
        26          0          0          0          0         80   memcmp.o
        64          0          0          0          0         76   memmovea.o
        36          0          0          0          0        108   memseta.o
       546         18          0          0          0        340   printf3.o
        36          6          0          0          0         80   puts.o
        36         10          0          4          0        136   rand.o
        14          0          0          0          0         68   strlen.o
        24          0          0          0          0         76   strncpy.o
        44          0          0          0          0         80   uidiv.o
        98          0          0          0          0         92   uldiv.o

    ----------------------------------------------------------------------
      1080         50          0          4          0       1340   Library Totals
         8          0          0          0          0          0   (incl. Padding)

    ----------------------------------------------------------------------

      Code (inc. data)   RO Data    RW Data    ZI Data      Debug   Library Name

      1072         50          0          4          0       1340   mc_w.l

    ----------------------------------------------------------------------
      1080         50          0          4          0       1340   Library Totals

    ----------------------------------------------------------------------

==============================================================================


      Code (inc. data)   RO Data    RW Data    ZI Data      Debug   

     81488       6398     363144         72      72984     610667   Grand Totals
     81488       6398     363144         72      72984     610667   ELF Image Totals
     81488       6398     363144         72          0          0   ROM Totals

==============================================================================

    Total RO  Size (Code + RO Data)               444632 ( 434.21kB)
    Total RW  Size (RW Data + ZI Data)             73056 (  71.34kB)
    Total ROM Size (Code + RO Data + RW Data)     444704 ( 434.28kB)

==============================================================================

